10-15 17:47:43.428  1121  1121 W PackageManager: Unknown permission android.permission.AUTHENTICATE_ACCOUNTS in package com.android.phone
10-15 17:47:43.428  1121  1121 W PackageManager: Unknown permission android.permission.MANAGE_ACCOUNTS in package com.android.phone
10-15 17:47:43.428  1121  1121 W PackageManager: Unknown permission android.permission.MANAGE_ACCOUNTS in package com.android.systemui
10-15 17:47:43.428  1121  1121 W PackageManager: Unknown permission android.permission.MANAGE_ACCOUNTS in package com.android.exchange
10-15 17:47:43.428  1121  1121 W PackageManager: Unknown permission android.permission.AUTHENTICATE_ACCOUNTS in package com.android.exchange
10-15 17:47:43.428  1121  1121 W PackageManager: Unknown permission android.permission.USE_CREDENTIALS in package com.android.exchange
10-15 17:47:43.428  1121  1121 W PackageManager: Unknown permission android.permission.MANAGE_ACCOUNTS in package com.android.development
10-15 17:47:43.428  1121  1121 W PackageManager: Unknown permission android.permission.USE_CREDENTIALS in package com.android.development
10-15 17:47:43.428  1121  1121 W PackageManager: Not granting permission android.permission.BIND_APPWIDGET to package com.android.widgetpreview (protectionLevel=18 flags=0x1808be44)
10-15 17:47:43.452  1121  1121 I art     : Starting a blocking GC Explicit
10-15 17:47:43.468  1121  1121 I art     : Explicit concurrent mark sweep GC freed 7404(477KB) AllocSpace objects, 2(40KB) LOS objects, 33% free, 3MB/5MB, paused 264us total 4.273ms
10-15 17:47:43.468  1121  1121 I SystemServer: User Service
10-15 17:47:43.488   948   948 I lowmemorykiller: ActivityManager connected
10-15 17:47:43.489  1121  1121 D SensorService: nuSensorService starting...
10-15 17:47:43.489  1121  1121 I SystemServiceManager: Starting com.android.server.BatteryService
10-15 17:47:43.493  1121  1121 I SystemServiceManager: Starting com.android.server.usage.UsageStatsService
10-15 17:47:43.495  1121  1140 E KernelCpuSpeedReader: Failed to read cpu-freq
10-15 17:47:43.495  1121  1140 E KernelCpuSpeedReader: java.io.FileNotFoundException: /sys/devices/system/cpu/cpu0/cpufreq/stats/time_in_state: open failed: ENOENT (No such file or directory)
10-15 17:47:43.495  1121  1140 E KernelCpuSpeedReader: 	at libcore.io.IoBridge.open(IoBridge.java:452)
10-15 17:47:43.495  1121  1140 E KernelCpuSpeedReader: 	at java.io.FileInputStream.<init>(FileInputStream.java:76)
10-15 17:47:43.495  1121  1140 E KernelCpuSpeedReader: 	at java.io.FileInputStream.<init>(FileInputStream.java:103)
10-15 17:47:43.495  1121  1140 E KernelCpuSpeedReader: 	at java.io.FileReader.<init>(FileReader.java:66)
10-15 17:47:43.495  1121  1140 E KernelCpuSpeedReader: 	at com.android.internal.os.KernelCpuSpeedReader.readDelta(KernelCpuSpeedReader.java:49)
10-15 17:47:43.495  1121  1140 E KernelCpuSpeedReader: 	at com.android.internal.os.BatteryStatsImpl.updateCpuTimeLocked(BatteryStatsImpl.java:8003)
10-15 17:47:43.495  1121  1140 E KernelCpuSpeedReader: 	at com.android.internal.os.BatteryStatsImpl$MyHandler.handleMessage(BatteryStatsImpl.java:156)
10-15 17:47:43.495  1121  1140 E KernelCpuSpeedReader: 	at android.os.Handler.dispatchMessage(Handler.java:102)
10-15 17:47:43.495  1121  1140 E KernelCpuSpeedReader: 	at android.os.Looper.loop(Looper.java:148)
10-15 17:47:43.495  1121  1140 E KernelCpuSpeedReader: 	at android.os.HandlerThread.run(HandlerThread.java:61)
10-15 17:47:43.495  1121  1140 E KernelCpuSpeedReader: 	at com.android.server.ServiceThread.run(ServiceThread.java:46)
10-15 17:47:43.495  1121  1140 E KernelCpuSpeedReader: Caused by: android.system.ErrnoException: open failed: ENOENT (No such file or directory)
10-15 17:47:43.495  1121  1140 E KernelCpuSpeedReader: 	at libcore.io.Posix.open(Native Method)
10-15 17:47:43.495  1121  1140 E KernelCpuSpeedReader: 	at libcore.io.BlockGuardOs.open(BlockGuardOs.java:186)
10-15 17:47:43.495  1121  1140 E KernelCpuSpeedReader: 	at libcore.io.IoBridge.open(IoBridge.java:438)
10-15 17:47:43.495  1121  1140 E KernelCpuSpeedReader: 	... 10 more
10-15 17:47:43.495  1121  1140 E KernelUidCpuTimeReader: Failed to read uid_cputime
10-15 17:47:43.495  1121  1140 E KernelUidCpuTimeReader: java.io.FileNotFoundException: /proc/uid_cputime/show_uid_stat: open failed: ENOENT (No such file or directory)
10-15 17:47:43.495  1121  1140 E KernelUidCpuTimeReader: 	at libcore.io.IoBridge.open(IoBridge.java:452)
10-15 17:47:43.495  1121  1140 E KernelUidCpuTimeReader: 	at java.io.FileInputStream.<init>(FileInputStream.java:76)
10-15 17:47:43.495  1121  1140 E KernelUidCpuTimeReader: 	at java.io.FileInputStream.<init>(FileInputStream.java:103)
10-15 17:47:43.495  1121  1140 E KernelUidCpuTimeReader: 	at java.io.FileReader.<init>(FileReader.java:66)
10-15 17:47:43.495  1121  1140 E KernelUidCpuTimeReader: 	at com.android.internal.os.KernelUidCpuTimeReader.readDelta(KernelUidCpuTimeReader.java:71)
10-15 17:47:43.495  1121  1140 E KernelUidCpuTimeReader: 	at com.android.internal.os.BatteryStatsImpl.updateCpuTimeLocked(BatteryStatsImpl.java:8032)
10-15 17:47:43.495  1121  1140 E KernelUidCpuTimeReader: 	at com.android.internal.os.BatteryStatsImpl$MyHandler.handleMessage(BatteryStatsImpl.java:156)
10-15 17:47:43.495  1121  1140 E KernelUidCpuTimeReader: 	at android.os.Handler.dispatchMessage(Handler.java:102)
10-15 17:47:43.495  1121  1140 E KernelUidCpuTimeReader: 	at android.os.Looper.loop(Looper.java:148)
10-15 17:47:43.495  1121  1140 E KernelUidCpuTimeReader: 	at android.os.HandlerThread.run(HandlerThread.java:61)
10-15 17:47:43.495  1121  1140 E KernelUidCpuTimeReader: 	at com.android.server.ServiceThread.run(ServiceThread.java:46)
10-15 17:47:43.495  1121  1140 E KernelUidCpuTimeReader: Caused by: android.system.ErrnoException: open failed: ENOENT (No such file or directory)
10-15 17:47:43.495  1121  1140 E KernelUidCpuTimeReader: 	at libcore.io.Posix.open(Native Method)
10-15 17:47:43.495  1121  1140 E KernelUidCpuTimeReader: 	at libcore.io.BlockGuardOs.open(BlockGuardOs.java:186)
10-15 17:47:43.495  1121  1140 E KernelUidCpuTimeReader: 	at libcore.io.IoBridge.open(IoBridge.java:438)
10-15 17:47:43.495  1121  1140 E KernelUidCpuTimeReader: 	... 10 more
10-15 17:47:43.498  1121  1121 I SystemServiceManager: Starting com.android.server.webkit.WebViewUpdateService
10-15 17:47:43.499  1121  1121 I SystemServer: Reading configuration...
10-15 17:47:43.499  1121  1121 I SystemServer: Scheduling Policy
10-15 17:47:43.499  1121  1121 I SystemServiceManager: Starting com.android.server.telecom.TelecomLoaderService
10-15 17:47:43.500  1121  1121 I SystemServer: Telephony Registry
10-15 17:47:43.502  1121  1121 I SystemServer: Entropy Mixer
10-15 17:47:43.503  1121  1121 I EntropyMixer: Writing entropy...
10-15 17:47:43.504  1121  1121 I SystemServer: Camera Service
10-15 17:47:43.504  1121  1121 I SystemServiceManager: Starting com.android.server.camera.CameraService
10-15 17:47:43.506  1121  1196 I ServiceThread: Enabled StrictMode logging for CameraService_proxy looper.
10-15 17:47:43.506  1121  1121 I SystemServer: Account Manager
10-15 17:47:43.508  1121  1121 I SystemServer: Content Manager
10-15 17:47:43.509  1121  1121 I SystemServer: System Content Providers
10-15 17:47:43.510  1121  1121 W System  : ClassLoader referenced unknown path: /system/priv-app/SettingsProvider/lib/x86
10-15 17:47:43.514  1121  1195 D SensorService: nuSensorService thread starting...
10-15 17:47:43.514  1121  1194 D SensorService: new thread SensorEventAckReceiver
10-15 17:47:43.516  1121  1121 I SystemServer: Vibrator Service
10-15 17:47:43.516  1121  1121 I SystemServer: Consumer IR Service
10-15 17:47:43.516  1121  1121 E ConsumerIrService: Can't open consumer IR HW Module, error: -2
10-15 17:47:43.516  1121  1121 I SystemServiceManager: Starting com.android.server.AlarmManagerService
10-15 17:47:43.518  1121  1121 W AlarmManagerService: no wall clock RTC found
10-15 17:47:43.519  1121  1121 D AlarmManagerService: Kernel timezone updated to 420 minutes west of GMT
10-15 17:47:43.519  1121  1121 I SystemServer: Init Watchdog
10-15 17:47:43.519  1121  1121 I SystemServer: Input Manager
10-15 17:47:43.520  1121  1121 I InputManager: Initializing input manager, mUseDevInputEventForAudioJack=false
10-15 17:47:43.529  1121  1121 I SystemServer: Window Manager
10-15 17:47:43.539  1121  1154 I WindowManager: No existing display settings /data/system/display_settings.xml; starting empty
10-15 17:47:43.548   961   961 I AudioPolicyService: AudioPolicyService CSTOR in new mode
10-15 17:47:43.548   961   961 I APM::ConfigParsingUtils: loadAudioPolicyConfig() loaded /system/etc/audio_policy.conf
10-15 17:47:43.550   961   961 I AudioFlinger: loadHwModule() Loaded primary audio interface from Generic audio HW HAL (audio) handle 1
10-15 17:47:43.550   961   961 I AudioFlinger: openOutput(), module 1 Device 2, SamplingRate 44100, Format 0x000001, Channels 3, flags 2
10-15 17:47:43.551   961   961 I AudioFlinger: AudioStreamOut::open(), mHalFormatIsLinearPcm = 1
10-15 17:47:43.551   961   961 I AudioFlinger: HAL output buffer size 1024 frames, normal sink buffer size 1024 frames
10-15 17:47:43.553   961   961 I BufferProvider: found effect "Multichannel Downmix To Stereo" from The Android Open Source Project
10-15 17:47:43.553   961   961 I AudioFlinger: Using module 1 has the primary audio interface
10-15 17:47:43.573   961  1203 I AudioFlinger: AudioFlinger's thread 0xb4500000 ready to run
10-15 17:47:43.575   961  1203 E AudioFlinger: no wake lock to update!
10-15 17:47:43.576   961   961 E audio_hw_generic: Error opening input stream format 1, channel_mask 0010, sample_rate 16000
10-15 17:47:43.576   961  1204 I AudioFlinger: AudioFlinger's thread 0xb42c0000 ready to run
10-15 17:47:43.576   961   961 E AudioFlinger: int android::load_audio_interface(const char*, audio_hw_device_t**) couldn't load audio hw module audio.r_submix (No such file or directory)
10-15 17:47:43.576   961   961 I AudioFlinger: loadHwModule() error -2 loading module r_submix 
10-15 17:47:43.576   961   961 W APM::AudioPolicyManager: could not open HW module r_submix
10-15 17:47:43.576   961   961 W APM::AudioPolicyManager: Input device 80000100 unreachable
10-15 17:47:43.576   961   961 E SoundTriggerHwService: couldn't load sound trigger module sound_trigger.primary (No such file or directory)
10-15 17:47:43.576   961   961 I RadioService: RadioService
10-15 17:47:43.576   961   961 I RadioService: onFirstRef
10-15 17:47:43.576   961   961 E RadioService: couldn't load radio module radio.primary (No such file or directory)
10-15 17:47:43.580  1121  1121 I InputManager: Starting input manager
10-15 17:47:43.580  1121  1121 I SystemServer: No Bluetooh Service (emulator)
10-15 17:47:43.580  1121  1121 I SystemServer: Input Method Service
10-15 17:47:43.586  1121  1121 I SystemServer: Accessibility Manager
10-15 17:47:43.590  1121  1121 I ActivityManager: Config changes=1df8 {1.0 ?mcc?mnc en_US ldltr sw360dp w360dp h640dp 480dpi nrml long port ?uimode ?night -touch -keyb/v/h -nav/h s.2}
10-15 17:47:43.593   950   950 E SurfaceFlinger: ro.sf.lcd_density must be defined as a build property
10-15 17:47:43.593   950   950 D SurfaceFlinger: Set active config mode=0, type=0 flinger=0xb70a2000
10-15 17:47:43.593   950   950 D SurfaceFlinger: Screen type=0 is already mode=0
10-15 17:47:43.598  1121  1208 E EventHub: could not get driver version for /dev/input/mouse0, Not a typewriter
10-15 17:47:43.599  1121  1208 W EventHub: Unable to disable kernel key repeat for /dev/input/event0: Function not implemented
10-15 17:47:43.599  1121  1208 I EventHub: New device: id=1, fd=73, path='/dev/input/event0', name='qwerty2', classes=0x5, configuration='/system/usr/idc/qwerty2.idc', keyLayout='/system/usr/keylayout/qwerty.kl', keyCharacterMap='/system/usr/keychars/qwerty2.kcm', builtinKeyboard=true, wakeMechanism=EVIOCSSUSPENDBLOCK, usingClockIoctl=true
10-15 17:47:43.599  1121  1208 E EventHub: could not get driver version for /dev/input/mice, Not a typewriter
10-15 17:47:43.600  1121  1208 I InputReader: Device added: id=-1, name='Virtual', sources=0x00000301
10-15 17:47:43.601  1121  1208 I InputReader:   Touch device 'qwerty2' could not query the properties of its associated display.  The device will be inoperable until the display size becomes available.
10-15 17:47:43.601  1121  1208 I InputReader: Device added: id=0, name='qwerty2', sources=0x00001103
10-15 17:47:43.608  1121  1121 I ActivityManager: Config changes=408 {1.0 ?mcc?mnc en_US ldltr sw360dp w360dp h616dp 480dpi nrml long port ?uimode ?night finger -keyb/v/h -nav/h s.3}
10-15 17:47:43.608  1121  1121 I SystemServiceManager: Starting com.android.server.MountService$Lifecycle
10-15 17:47:43.609  1121  1208 I InputReader: Reconfiguring input devices.  changes=0x00000004
10-15 17:47:43.610  1121  1208 I InputReader: Device reconfigured: id=0, name='qwerty2', size 1080x1920, orientation 0, mode 1, display id 0
10-15 17:47:43.615  1121  1210 D MountService: Thinking about reset, mSystemReady=false, mDaemonConnected=true
10-15 17:47:43.615  1121  1210 D MountService: Thinking about reset, mSystemReady=false, mDaemonConnected=true
10-15 17:47:43.615  1121  1210 D CryptdConnector: SND -> {1 cryptfs getfield SystemLocale}
10-15 17:47:43.616   939  1000 I Ext4Crypt: ext4 crypto complete called on /data
10-15 17:47:43.616   939  1000 I Ext4Crypt: No master key, so not ext4enc
10-15 17:47:43.616  1121  1213 D CryptdConnector: RCV <- {200 1 -1}
10-15 17:47:43.616  1121  1210 E PackageHelper: Can't get mount service
10-15 17:47:43.616  1121  1210 E PackageHelper: Failed to get secure container list with exceptionandroid.os.RemoteException: Could not contact mount service
10-15 17:47:43.616  1121  1210 I PackageManager: No secure containers found
10-15 17:47:43.616  1121  1210 W PackageManager: Not granting permission com.google.android.googleapps.permission.GOOGLE_AUTH to package com.android.providers.calendar (protectionLevel=2 flags=0x30083e45)
10-15 17:47:43.616  1121  1210 W PackageManager: Not granting permission com.google.android.googleapps.permission.GOOGLE_AUTH.cl to package com.android.providers.calendar (protectionLevel=2 flags=0x30083e45)
10-15 17:47:43.616  1121  1210 W PackageManager: Unknown permission android.permission.USE_CREDENTIALS in package com.android.providers.calendar
10-15 17:47:43.616  1121  1210 W PackageManager: Unknown permission android.permission.MANAGE_ACCOUNTS in package com.android.providers.calendar
10-15 17:47:43.616  1121  1210 W PackageManager: Unknown permission android.permission.SUBSCRIBED_FEEDS_READ in package com.android.providers.calendar
10-15 17:47:43.616  1121  1210 W PackageManager: Unknown permission android.permission.SUBSCRIBED_FEEDS_WRITE in package com.android.providers.calendar
10-15 17:47:43.616  1121  1210 W PackageManager: Not granting permission android.permission.GLOBAL_SEARCH to package com.android.quicksearchbox (protectionLevel=18 flags=0x3808be45)
10-15 17:47:43.616  1121  1210 W PackageManager: Unknown permission com.android.browser.permission.READ_HISTORY_BOOKMARKS in package com.android.quicksearchbox
10-15 17:47:43.616  1121  1210 W PackageManager: Unknown permission android.permission.WRITE_SMS in package com.android.mms.service
10-15 17:47:43.616  1121  1210 W PackageManager: Unknown permission android.permission.WRITE_SMS in package com.google.android.apps.messaging
10-15 17:47:43.616  1121  1210 W PackageManager: Not granting permission android.permission.ACCESS_DOWNLOAD_MANAGER to package com.android.browser (protectionLevel=18 flags=0x3809be45)
10-15 17:47:43.616  1121  1210 W PackageManager: Unknown permission android.permission.USE_CREDENTIALS in package com.android.browser
10-15 17:47:43.616  1121  1210 W PackageManager: Not granting permission android.permission.SEND_DOWNLOAD_COMPLETED_INTENTS to package com.android.browser (protectionLevel=2 flags=0x3809be45)
10-15 17:47:43.616  1121  1210 W PackageManager: Unknown permission android.permission.MANAGE_ACCOUNTS in package com.android.browser
10-15 17:47:43.616  1121  1210 W PackageManager: Unknown permission com.android.browser.permission.READ_HISTORY_BOOKMARKS in package com.android.browser
10-15 17:47:43.616  1121  1210 W PackageManager: Unknown permission com.android.browser.permission.WRITE_HISTORY_BOOKMARKS in package com.android.browser
10-15 17:47:43.616  1121  1210 W PackageManager: Unknown permission android.permission.USE_CREDENTIALS in package com.android.vending
10-15 17:47:43.617  1121  1210 W PackageManager: Unknown permission android.permission.MANAGE_ACCOUNTS in package com.android.contacts
10-15 17:47:43.617  1121  1210 W PackageManager: Unknown permission android.permission.USE_CREDENTIALS in package com.android.contacts
10-15 17:47:43.617  1121  1210 W PackageManager: Unknown permission com.android.launcher.permission.READ_SETTINGS in package com.android.launcher3
10-15 17:47:43.617  1121  1210 W PackageManager: Unknown permission com.android.launcher.permission.WRITE_SETTINGS in package com.android.launcher3
10-15 17:47:43.617  1121  1210 W PackageManager: Unknown permission android.permission.MANAGE_ACCOUNTS in package com.android.calendar
10-15 17:47:43.617  1121  1210 W PackageManager: Unknown permission android.permission.USE_CREDENTIALS in package com.android.calendar
10-15 17:47:43.617  1121  1210 W PackageManager: Not granting permission com.google.android.googleapps.permission.GOOGLE_AUTH.mail to package com.android.calendar (protectionLevel=2 flags=0x3009be45)
10-15 17:47:43.617  1121  1210 W PackageManager: Unknown permission android.permission.MANAGE_ACCOUNTS in package com.google.android.apps.maps
10-15 17:47:43.617  1121  1210 W PackageManager: Unknown permission android.permission.USE_CREDENTIALS in package com.google.android.apps.maps
10-15 17:47:43.617  1121  1210 W PackageManager: Unknown permission android.permission.MANAGE_ACCOUNTS in package com.android.dialer
10-15 17:47:43.617  1121  1210 W PackageManager: Unknown permission android.permission.USE_CREDENTIALS in package com.android.dialer
10-15 17:47:43.617  1121  1210 W PackageManager: Unknown permission android.permission.USE_CREDENTIALS in package com.google.android.gms
10-15 17:47:43.617  1121  1210 W PackageManager: Unknown permission android.permission.SUBSCRIBED_FEEDS_READ in package com.google.android.gms
10-15 17:47:43.617  1121  1210 W PackageManager: Unknown permission android.permission.SUBSCRIBED_FEEDS_WRITE in package com.google.android.gms
10-15 17:47:43.617  1121  1210 W PackageManager: Unknown permission android.permission.AUTHENTICATE_ACCOUNTS in package com.google.android.gms
10-15 17:47:43.617  1121  1210 W PackageManager: Unknown permission android.permission.MANAGE_ACCOUNTS in package com.google.android.gms
10-15 17:47:43.617  1121  1210 W PackageManager: Unknown permission com.google.android.apps.enterprise.dmagent.permission.AutoSyncPermission in package com.google.android.gms
10-15 17:47:43.617  1121  1210 W PackageManager: Unknown permission com.google.android.googlequicksearchbox.permission.PAUSE_HOTWORD in package com.google.android.gms
10-15 17:47:43.617  1121  1210 W PackageManager: Unknown permission com.google.android.hangouts.START_HANGOUT in package com.google.android.gms
10-15 17:47:43.617  1121  1210 W PackageManager: Unknown permission com.google.android.wearable.READ_SETTINGS in package com.google.android.gms
10-15 17:47:43.617  1121  1210 W PackageManager: Unknown permission com.google.android.gm.permission.READ_GMAIL in package com.google.android.gms
10-15 17:47:43.617  1121  1210 W PackageManager: Unknown permission com.google.android.launcher.permission.RECEIVE_LAUNCH_BROADCASTS in package com.google.android.gms
10-15 17:47:43.617  1121  1210 W PackageManager: Not granting permission android.permission.MANAGE_DOCUMENTS to package com.google.android.gms (protectionLevel=2 flags=0xb8483e45)
10-15 17:47:43.617  1121  1210 W PackageManager: Unknown permission android.permission.AUTHENTICATE_ACCOUNTS in package com.google.android.gsf
10-15 17:47:43.617  1121  1210 W PackageManager: Unknown permission android.permission.MANAGE_ACCOUNTS in package com.google.android.gsf
10-15 17:47:43.617  1121  1210 W PackageManager: Unknown permission android.permission.USE_CREDENTIALS in package com.google.android.gsf
10-15 17:47:43.617  1121  1210 W PackageManager: Not granting permission android.permission.DELETE_PACKAGES to package com.svox.pico (protectionLevel=18 flags=0x3808be45)
10-15 17:47:43.617  1121  1210 W PackageManager: Not granting permission android.permission.READ_CONTACTS to package com.example.android.apis because it was previously installed without
10-15 17:47:43.617  1121  1210 W PackageManager: Not granting permission android.permission.WRITE_CONTACTS to package com.example.android.apis because it was previously installed without
10-15 17:47:43.617  1121  1210 W PackageManager: Not granting permission android.permission.ACCESS_COARSE_LOCATION to package com.example.android.apis because it was previously installed without
10-15 17:47:43.617  1121  1210 W PackageManager: Not granting permission android.permission.WRITE_EXTERNAL_STORAGE to package com.example.android.apis because it was previously installed without
10-15 17:47:43.617  1121  1210 W PackageManager: Not granting permission android.permission.SEND_SMS to package com.example.android.apis because it was previously installed without
10-15 17:47:43.617  1121  1210 W PackageManager: Not granting permission android.permission.RECEIVE_SMS to package com.example.android.apis because it was previously installed without
10-15 17:47:43.617  1121  1210 W PackageManager: Not granting permission android.permission.RECEIVE_MMS to package com.example.android.apis because it was previously installed without
10-15 17:47:43.618  1121  1210 W PackageManager: Unknown permission android.permission.WRITE_SMS in package com.example.android.apis
10-15 17:47:43.618  1121  1210 W PackageManager: Not granting permission android.permission.READ_SMS to package com.example.android.apis because it was previously installed without
10-15 17:47:43.618  1121  1210 W PackageManager: Not granting permission android.permission.READ_PHONE_STATE to package com.example.android.apis because it was previously installed without
10-15 17:47:43.618  1121  1210 W PackageManager: Not granting permission android.permission.RECORD_AUDIO to package com.example.android.apis because it was previously installed without
10-15 17:47:43.618  1121  1210 W PackageManager: Not granting permission android.permission.CAMERA to package com.example.android.apis because it was previously installed without
10-15 17:47:43.618  1121  1210 W PackageManager: Not granting permission android.permission.READ_EXTERNAL_STORAGE to package com.example.android.apis because it was previously installed without
10-15 17:47:43.618  1121  1210 W PackageManager: Unknown permission android.permission.USE_CREDENTIALS in package com.android.inputmethod.latin
10-15 17:47:43.618  1121  1210 W PackageManager: Unknown permission android.permission.MANAGE_ACCOUNTS in package com.android.managedprovisioning
10-15 17:47:43.618  1121  1210 W PackageManager: Unknown permission android.permission.AUTHENTICATE_ACCOUNTS in package com.google.android.gsf.login
10-15 17:47:43.618  1121  1210 W PackageManager: Not granting permission android.permission.CONTROL_KEYGUARD to package com.google.android.gsf.login (protectionLevel=2 flags=0x3048be45)
10-15 17:47:43.618  1121  1210 W PackageManager: Unknown permission android.permission.MANAGE_ACCOUNTS in package com.google.android.gsf.login
10-15 17:47:43.618  1121  1210 W PackageManager: Unknown permission android.permission.SUBSCRIBED_FEEDS_READ in package com.google.android.gsf.login
10-15 17:47:43.618  1121  1210 W PackageManager: Unknown permission android.permission.SUBSCRIBED_FEEDS_WRITE in package com.google.android.gsf.login
10-15 17:47:43.618  1121  1210 W PackageManager: Unknown permission android.permission.USE_CREDENTIALS in package com.google.android.gsf.login
10-15 17:47:43.618  1121  1210 W PackageManager: Unknown permission com.android.vending.billing.BILLING_ACCOUNT_SERVICE in package com.google.android.gsf.login
10-15 17:47:43.618  1121  1210 W PackageManager: Unknown permission com.android.vending.billing.ADD_CREDIT_CARD in package com.google.android.gsf.login
10-15 17:47:43.618  1121  1210 W PackageManager: Unknown permission com.android.vending.billing.IBillingAccountService.BIND2 in package com.google.android.gsf.login
10-15 17:47:43.618  1121  1210 W PackageManager: Unknown permission com.android.vending.TOS_ACKED in package com.google.android.gsf.login
10-15 17:47:43.618  1121  1210 W PackageManager: Unknown permission com.android.chrome.TOS_ACKED in package com.google.android.gsf.login
10-15 17:47:43.618  1121  1210 W PackageManager: Unknown permission android.permission.USE_CREDENTIALS in package com.android.settings
10-15 17:47:43.618  1121  1210 W PackageManager: Unknown permission com.android.launcher.permission.READ_SETTINGS in package com.android.settings
10-15 17:47:43.618  1121  1210 W PackageManager: Unknown permission com.android.launcher.permission.WRITE_SETTINGS in package com.android.settings
10-15 17:47:43.618  1121  1210 W PackageManager: Unknown permission android.permission.MANAGE_ACCOUNTS in package com.android.email
10-15 17:47:43.618  1121  1210 W PackageManager: Unknown permission android.permission.AUTHENTICATE_ACCOUNTS in package com.android.email
10-15 17:47:43.618  1121  1210 W PackageManager: Unknown permission android.permission.USE_CREDENTIALS in package com.android.email
10-15 17:47:43.618  1121  1210 W PackageManager: Unknown permission android.permission.WRITE_SMS in package com.android.phone
10-15 17:47:43.618  1121  1210 W PackageManager: Unknown permission com.android.smspush.WAPPUSH_MANAGER_BIND in package com.android.phone
10-15 17:47:43.618  1121  1210 W PackageManager: Unknown permission android.permission.AUTHENTICATE_ACCOUNTS in package com.android.phone
10-15 17:47:43.618  1121  1210 W PackageManager: Unknown permission android.permission.MANAGE_ACCOUNTS in package com.android.phone
10-15 17:47:43.618  1121  1210 W PackageManager: Unknown permission android.permission.MANAGE_ACCOUNTS in package com.android.systemui
10-15 17:47:43.618  1121  1210 W PackageManager: Unknown permission android.permission.MANAGE_ACCOUNTS in package com.android.exchange
10-15 17:47:43.618  1121  1210 W PackageManager: Unknown permission android.permission.AUTHENTICATE_ACCOUNTS in package com.android.exchange
10-15 17:47:43.618  1121  1210 W PackageManager: Unknown permission android.permission.USE_CREDENTIALS in package com.android.exchange
10-15 17:47:43.618  1121  1210 W PackageManager: Unknown permission android.permission.MANAGE_ACCOUNTS in package com.android.development
10-15 17:47:43.619  1121  1210 W PackageManager: Unknown permission android.permission.USE_CREDENTIALS in package com.android.development
10-15 17:47:43.619  1121  1210 W PackageManager: Not granting permission android.permission.BIND_APPWIDGET to package com.android.widgetpreview (protectionLevel=18 flags=0x1808be44)
10-15 17:47:43.628  1121  1121 I SystemServiceManager: Starting com.android.server.UiModeManagerService
10-15 17:47:43.638  1121  1121 I ActivityManager: Config changes=200 {1.0 ?mcc?mnc en_US ldltr sw360dp w360dp h616dp 480dpi nrml long port finger -keyb/v/h -nav/h s.4}
10-15 17:47:43.638  1121  1121 I SystemServer: LockSettingsService
10-15 17:47:43.639  1121  1121 I SystemServiceManager: Starting com.android.server.DeviceIdleController
10-15 17:47:43.640  1121  1121 I SystemServiceManager: Starting com.android.server.devicepolicy.DevicePolicyManagerService$Lifecycle
10-15 17:47:43.641  1121  1121 I SystemServer: Status Bar
10-15 17:47:43.642  1121  1121 I SystemServer: Clipboard Service
10-15 17:47:43.643  1121  1121 I SystemServer: NetworkManagement Service
10-15 17:47:43.644  1121  1210 W MountService: No primary storage defined yet; hacking together a stub
10-15 17:47:43.644  1121  1210 W MountService: No primary storage defined yet; hacking together a stub
10-15 17:47:43.644  1121  1210 W MountService: No primary storage mounted!
10-15 17:47:43.644  1121  1210 D VoldConnector: SND -> {1 asec list}
10-15 17:47:43.644  1121  1212 D VoldConnector: RCV <- {200 1 asec operation succeeded}
10-15 17:47:43.658  1121  1214 E NetdConnector: Communications error: java.io.IOException: Connection refused
10-15 17:47:43.658  1121  1214 E NetdConnector: Error in NativeDaemonConnector: java.io.IOException: Connection refused
10-15 17:47:43.828  1121  1139 I UsageStatsService: User[0] Rollover scheduled @ 2015-10-16 17:00:00(1445040000000)
10-15 17:47:44.057   957   957 V NatController: runCmd(/system/bin/iptables -w -F natctrl_FORWARD) res=0
10-15 17:47:44.067   957   957 V NatController: runCmd(/system/bin/iptables -w -A natctrl_FORWARD -j DROP) res=0
10-15 17:47:44.077   957   957 V NatController: runCmd(/system/bin/iptables -w -t nat -F natctrl_nat_POSTROUTING) res=0
10-15 17:47:44.087   957   957 V NatController: runCmd(/system/bin/iptables -w -F natctrl_tether_counters) res=1
10-15 17:47:44.097   957   957 V NatController: runCmd(/system/bin/iptables -w -X natctrl_tether_counters) res=1
10-15 17:47:44.107   957   957 V NatController: runCmd(/system/bin/iptables -w -N natctrl_tether_counters) res=0
10-15 17:47:44.117   957   957 V NatController: runCmd(/system/bin/iptables -w -t mangle -A natctrl_mangle_FORWARD -p tcp --tcp-flags SYN SYN -j TCPMSS --clamp-mss-to-pmtu) res=0
10-15 17:47:44.670   957   957 W netd    : type=1400 audit(0.0:5): avc: denied { module_request } for kmod="netdev-dummy0" scontext=u:r:netd:s0 tcontext=u:r:kernel:s0 tclass=system permissive=0
10-15 17:47:44.670   957   957 W netd    : type=1400 audit(0.0:6): avc: denied { sys_module } for capability=16 scontext=u:r:netd:s0 tcontext=u:r:netd:s0 tclass=capability permissive=0
10-15 17:47:44.677   957   957 E Netd    : cannot find interface dummy0
10-15 17:47:44.678   957   957 D MDnsDS  : MDnsSdListener::Hander starting up
10-15 17:47:44.678   957  1324 D MDnsDS  : MDnsSdListener starting to monitor
10-15 17:47:44.678   957  1324 D MDnsDS  : Going to poll with pollCount 1
10-15 17:47:48.667  1121  1121 I SystemServer: Text Service Manager Service
10-15 17:47:48.668  1121  1121 I SystemServer: Network Score Service
10-15 17:47:48.669  1121  1121 I SystemServer: NetworkStats Service
10-15 17:47:48.672  1121  1121 I SystemServer: NetworkPolicy Service
10-15 17:47:48.681  1121  1121 I SystemServiceManager: Starting com.android.server.wifi.p2p.WifiP2pService
10-15 17:47:48.693  1121  1121 I WifiP2pService: Registering wifip2p
10-15 17:47:48.693  1121  1121 I SystemServiceManager: Starting com.android.server.wifi.WifiService
10-15 17:47:48.731  1121  1121 D HS20    : Passpoint is disabled
10-15 17:47:48.745  1121  1121 D WifiController: isAirplaneModeOn = false, isWifiEnabled = false, isScanningAvailable = false
10-15 17:47:48.745  1121  1121 I WifiService: Registering wifi
10-15 17:47:48.745  1121  1121 I SystemServiceManager: Starting com.android.server.wifi.WifiScanningService
10-15 17:47:48.746  1121  1121 I WifiScanningService: Creating wifiscanner
10-15 17:47:48.746  1121  1121 I WifiScanningService: Starting wifiscanner
10-15 17:47:48.746  1121  1121 I SystemServiceManager: Starting com.android.server.wifi.RttService
10-15 17:47:48.746  1121  1121 I RttService: Creating rttmanager
10-15 17:47:48.746  1121  1121 I RttService: Starting rttmanager
10-15 17:47:48.746  1121  1121 I SystemServer: Connectivity Service
10-15 17:47:48.747  1121  1121 D ConnectivityService: ConnectivityService starting up
10-15 17:47:48.748  1121  1121 D ConnectivityService: wifiOnly=false
10-15 17:47:48.749  1121  1121 I SystemServer: Network Service Discovery Service
10-15 17:47:48.750  1121  1121 D NsdService: Network service discovery enabled true
10-15 17:47:48.751  1121  1121 I SystemServer: UpdateLock Service
10-15 17:47:48.751  1121  1121 I SystemServiceManager: Starting com.android.server.notification.NotificationManagerService
10-15 17:47:48.758  1121  1121 D ZenLog  : config: readXml,ZenModeConfig[user=0,allowCalls=true,allowRepeatCallers=false,allowMessages=false,allowCallsFrom=contacts,allowMessagesFrom=contacts,allowReminders=true,allowEvents=true,automaticRules={85a1a5a51a65410c979a005816e0ebdb=ZenRule[enabled=false,snoozing=false,name=Weekend,zenMode=ZEN_MODE_ALARMS,conditionId=condition://android/schedule?days=6.7&start=23.30&end=10.0,condition=Condition[id=condition://android/schedule?days=6.7&start=23.30&end=10.0,summary=...,line1=...,line2=...,icon=0,state=STATE_FALSE,flags=2],component=ComponentInfo{android/com.android.server.notification.ScheduleConditionProvider}], c39da1b9b7694aeab7e32c2300b65e36=ZenRule[enabled=false,snoozing=false,name=Event,zenMode=ZEN_MODE_ALARMS,conditionId=condition://android/event?userId=-10000&calendar=&reply=1,condition=Condition[id=condition://android/event?userId=-10000&calendar=&reply=1,summary=...,line1=...,line2=...,icon=0,state=STATE_FALSE,flags=2],component=ComponentInfo{android/com.android.server.notification.EventConditionProvider}], fddd9771088b4be19654e14ef73d2600=ZenRule[enabled=false,snoozing=false,name=Weeknight,zenMode=ZEN_MODE_ALARMS,conditionId=condition://android/schedule?days=1.2.3.4.5&start=22.0&end=7.0,condition=Condition[id=condition://android/schedule?days=1.2.3.4.5&start=22.0&end=7.0,summary=...,line1=...,line2=...,icon=0,state=STATE_FALSE,flags=2],component=ComponentInfo{android/com.android.server.notification.ScheduleConditionProvider}]},manualRule=null],Diff[automaticRule[85a1a5a51a65410c979a005816e0ebdb]:insert,automaticRule[60abe8bed3e744878bcccd03c62a0239]:delete,automaticRule[c39da1b9b7694aeab7e32c2300b65e36]:insert,automaticRule[b8cc9ad4d0264617b17e9c055881618a]:delete,automaticRule[fddd9771088b4be19654e14ef73d2600]:insert,automaticRule[00700da9eb444dcf92567d5657ec76d9]:delete]
10-15 17:47:48.758  1121  1121 D ConditionProviders: Subscribing to condition://android/schedule?days=6.7&start=23.30&end=10.0 with ComponentInfo{android/com.android.server.notification.ScheduleConditionProvider}
10-15 17:47:48.759  1121  1121 D ZenLog  : subscribe: condition://android/schedule?days=6.7&start=23.30&end=10.0,ok
10-15 17:47:48.759  1121  1121 D ConditionProviders: Subscribing to condition://android/event?userId=-10000&calendar=&reply=1 with ComponentInfo{android/com.android.server.notification.EventConditionProvider}
10-15 17:47:48.759  1121  1121 D ZenLog  : subscribe: condition://android/event?userId=-10000&calendar=&reply=1,ok
10-15 17:47:48.759  1121  1121 D ConditionProviders: Subscribing to condition://android/schedule?days=1.2.3.4.5&start=22.0&end=7.0 with ComponentInfo{android/com.android.server.notification.ScheduleConditionProvider}
10-15 17:47:48.759  1121  1121 D ZenLog  : subscribe: condition://android/schedule?days=1.2.3.4.5&start=22.0&end=7.0,ok
10-15 17:47:48.760  1121  1121 I SystemServiceManager: Starting com.android.server.storage.DeviceStorageMonitorService
10-15 17:47:48.760  1121  1121 I SystemServer: Location Manager
10-15 17:47:48.761  1121  1121 I SystemServer: Country Detector
10-15 17:47:48.762  1121  1121 I SystemServer: Search Service
10-15 17:47:48.762  1121  1121 I SystemServer: DropBox Service
10-15 17:47:48.763  1121  1121 I SystemServer: Wallpaper Service
10-15 17:47:48.763  1121  1121 I SystemServer: Audio Service
10-15 17:47:48.766  1121  1121 W TelecomManager: Telecom Service not found.
10-15 17:47:48.766   961  1203 E AudioFlinger: no wake lock to update!
10-15 17:47:48.766   961  1205 D PermissionCache: checking android.permission.MODIFY_AUDIO_SETTINGS for uid=1000 => granted (90 us)
10-15 17:47:48.772  1121  1121 I SystemServiceManager: Starting com.android.server.DockObserver
10-15 17:47:48.772  1121  1121 W DockObserver: This kernel does not have dock station support
10-15 17:47:48.772  1121  1121 I SystemServer: Wired Accessory Manager
10-15 17:47:48.772  1121  1121 W WiredAccessoryManager: This kernel does not have wired headset support
10-15 17:47:48.772  1121  1121 W WiredAccessoryManager: This kernel does not have usb audio support
10-15 17:47:48.772  1121  1121 W WiredAccessoryManager: This kernel does not have HDMI audio support
10-15 17:47:48.773  1121  1121 I SystemServiceManager: Starting com.android.server.midi.MidiService$Lifecycle
10-15 17:47:48.774  1121  1121 I SystemServiceManager: Starting com.android.server.usb.UsbService$Lifecycle
10-15 17:47:48.776  1121  1121 W System.err: java.io.FileNotFoundException: /proc/asound/cards: open failed: ENOENT (No such file or directory)
10-15 17:47:48.776  1121  1121 W System.err: 	at libcore.io.IoBridge.open(IoBridge.java:452)
10-15 17:47:48.777  1121  1121 W System.err: 	at java.io.FileInputStream.<init>(FileInputStream.java:76)
10-15 17:47:48.777  1121  1121 W System.err: 	at java.io.FileReader.<init>(FileReader.java:42)
10-15 17:47:48.777  1121  1121 W System.err: 	at com.android.internal.alsa.AlsaCardsParser.scan(AlsaCardsParser.java:109)
10-15 17:47:48.777  1121  1121 W System.err: 	at com.android.server.usb.UsbAlsaManager.<init>(UsbAlsaManager.java:135)
10-15 17:47:48.777  1121  1121 W System.err: 	at com.android.server.usb.UsbService.<init>(UsbService.java:109)
10-15 17:47:48.777  1121  1121 W System.err: 	at com.android.server.usb.UsbService$Lifecycle.onStart(UsbService.java:65)
10-15 17:47:48.777  1121  1121 W System.err: 	at com.android.server.SystemServiceManager.startService(SystemServiceManager.java:109)
10-15 17:47:48.777  1121  1121 W System.err: 	at com.android.server.SystemServiceManager.startService(SystemServiceManager.java:65)
10-15 17:47:48.777  1121  1121 W System.err: 	at com.android.server.SystemServer.startOtherServices(SystemServer.java:849)
10-15 17:47:48.777  1121  1121 W System.err: 	at com.android.server.SystemServer.run(SystemServer.java:270)
10-15 17:47:48.777  1121  1121 W System.err: 	at com.android.server.SystemServer.main(SystemServer.java:168)
10-15 17:47:48.777  1121  1121 W System.err: 	at java.lang.reflect.Method.invoke(Native Method)
10-15 17:47:48.777  1121  1121 W System.err: 	at com.android.internal.os.ZygoteInit$MethodAndArgsCaller.run(ZygoteInit.java:726)
10-15 17:47:48.777  1121  1121 W System.err: 	at com.android.internal.os.ZygoteInit.main(ZygoteInit.java:616)
10-15 17:47:48.777  1121  1121 W System.err: Caused by: android.system.ErrnoException: open failed: ENOENT (No such file or directory)
10-15 17:47:48.777  1121  1121 W System.err: 	at libcore.io.Posix.open(Native Method)
10-15 17:47:48.777  1121  1121 W System.err: 	at libcore.io.BlockGuardOs.open(BlockGuardOs.java:186)
10-15 17:47:48.777  1121  1121 W System.err: 	at libcore.io.IoBridge.open(IoBridge.java:438)
10-15 17:47:48.777  1121  1121 W System.err: 	... 14 more
10-15 17:47:48.777  1121  1121 I SystemServer: Serial Service
10-15 17:47:48.778  1121  1121 I SystemServiceManager: Starting com.android.server.twilight.TwilightService
10-15 17:47:48.778  1121  1121 I SystemServiceManager: Starting com.android.server.job.JobSchedulerService
10-15 17:47:48.780  1121  1121 I SystemServiceManager: Starting com.android.server.backup.BackupManagerService$Lifecycle
10-15 17:47:48.780  1121  1121 I SystemServiceManager: Starting com.android.server.appwidget.AppWidgetService
10-15 17:47:48.781  1121  1121 I SystemServiceManager: Starting com.android.server.voiceinteraction.VoiceInteractionManagerService
10-15 17:47:48.782   961   961 D PermissionCache: checking android.permission.CAPTURE_AUDIO_HOTWORD for uid=1000 => granted (42 us)
10-15 17:47:48.782  1121  1121 W SoundTriggerHelper: listModules status=0, # of modules=0
10-15 17:47:48.782  1121  1121 I SystemServer: DiskStats Service
10-15 17:47:48.783  1121  1121 I SystemServer: SamplingProfiler Service
10-15 17:47:48.784  1121  1121 I SystemServer: NetworkTimeUpdateService
10-15 17:47:48.784  1121  1121 I SystemServer: CommonTimeManagementService
10-15 17:47:48.784  1121  1121 I SystemServer: CertBlacklister
10-15 17:47:48.785  1121  1121 I SystemServiceManager: Starting com.android.server.dreams.DreamManagerService
10-15 17:47:48.786  1121  1121 I SystemServer: Assets Atlas Service
10-15 17:47:48.786  1121  1121 I SystemServiceManager: Starting com.android.server.print.PrintManagerService
10-15 17:47:48.786  1121  1121 I SystemServiceManager: Starting com.android.server.restrictions.RestrictionsManagerService
10-15 17:47:48.788  1121  1121 I SystemServiceManager: Starting com.android.server.media.MediaSessionService
10-15 17:47:48.789  1121  1121 I SystemServer: Media Router Service
10-15 17:47:48.789  1121  1121 I SystemServiceManager: Starting com.android.server.trust.TrustManagerService
10-15 17:47:48.790  1121  1121 I SystemServiceManager: Starting com.android.server.fingerprint.FingerprintService
10-15 17:47:48.792   969   969 D PermissionCache: checking android.permission.MANAGE_FINGERPRINT for uid=1000 => granted (150 us)
10-15 17:47:48.792   969   969 V fingerprintd: nativeOpenHal()
10-15 17:47:48.792  1121  1340 D AssetAtlas: Loaded configuration: SliceMinArea (832x2048) flags=0x2 count=6
10-15 17:47:48.797   969   969 D FingerprintHal: fingerprint open
10-15 17:47:48.797   969   969 D FingerprintHal: set_notify
10-15 17:47:48.797   969   969 V fingerprintd: fingerprint HAL successfully initialized
10-15 17:47:48.797   969   969 V fingerprintd: setActiveGroup(0, /data/system/users/0/fpdata, 27)
10-15 17:47:48.797  1121  1121 V FingerprintService: Fingerprint HAL id: -1223266304
10-15 17:47:48.797  1121  1121 I SystemServer: BackgroundDexOptService
10-15 17:47:48.798  1121  1121 I SystemServiceManager: Starting com.android.server.pm.LauncherAppsService
10-15 17:47:48.798  1121  1121 I SystemServiceManager: Starting com.android.server.media.projection.MediaProjectionManagerService
10-15 17:47:48.801  1121  1340 D         : HostConnection::get() New Host Connection established 0xa27aac90, tid 1340
10-15 17:47:48.801  1121  1121 I WindowManager: SAFE MODE not enabled
10-15 17:47:48.810  1341  1341 W fingerprintd: type=1400 audit(0.0:7): avc: denied { write } for name="/" dev="mtdblock1" ino=2 scontext=u:r:fingerprintd:s0 tcontext=u:object_r:system_data_file:s0 tclass=dir permissive=0
10-15 17:47:48.813  1121  1121 I SystemServiceManager: Starting com.android.server.MmsServiceBroker
10-15 17:47:48.821  1121  1121 E LockSettingsStorage: Cannot read file java.io.FileNotFoundException: /data/system/gatekeeper.password.key: open failed: ENOENT (No such file or directory)
10-15 17:47:48.821  1121  1121 E LockSettingsStorage: Cannot read file java.io.FileNotFoundException: /data/system/password.key: open failed: ENOENT (No such file or directory)
10-15 17:47:48.821  1121  1121 E LockSettingsStorage: Cannot read file java.io.FileNotFoundException: /data/system/gatekeeper.pattern.key: open failed: ENOENT (No such file or directory)
10-15 17:47:48.821  1121  1121 E LockSettingsStorage: Cannot read file java.io.FileNotFoundException: /data/system/gatekeeper.gesture.key: open failed: ENOENT (No such file or directory)
10-15 17:47:48.821  1121  1121 E LockSettingsStorage: Cannot read file java.io.FileNotFoundException: /data/system/gesture.key: open failed: ENOENT (No such file or directory)
10-15 17:47:48.821  1121  1121 I SystemServiceManager: Starting phase 480
10-15 17:47:48.822  1121  1121 I SystemServiceManager: Starting phase 500
10-15 17:47:48.824  1121  1121 I WifiService: WifiService starting up with Wi-Fi disabled
10-15 17:47:48.826  1121  1332 D WifiService: New client listening to asynchronous messages
10-15 17:47:48.828  1121  1121 I WifiScanningService: Registering wifiscanner
10-15 17:47:48.829  1121  1121 I RttService: Registering rttmanager
10-15 17:47:48.838  1121  1121 V BackupManagerService: No ancestral data
10-15 17:47:48.842  1121  1121 V KeyValueBackupJob: Scheduling k/v pass in 243 minutes
10-15 17:47:48.844  1121  1121 V BackupManagerService: Starting with transport android/com.android.internal.backup.LocalTransport
10-15 17:47:48.844  1121  1121 V BackupManagerService: Found transports: 2
10-15 17:47:48.846  1121  1121 I BackupManagerService: Found stale backup journal, scheduling
10-15 17:47:48.889  1121  1156 W KeyguardServiceDelegate: onScreenTurningOn(): no keyguard service!
10-15 17:47:48.889  1121  1140 E KernelCpuSpeedReader: Failed to read cpu-freq
10-15 17:47:48.889  1121  1140 E KernelCpuSpeedReader: java.io.FileNotFoundException: /sys/devices/system/cpu/cpu0/cpufreq/stats/time_in_state: open failed: ENOENT (No such file or directory)
10-15 17:47:48.889  1121  1140 E KernelCpuSpeedReader: 	at libcore.io.IoBridge.open(IoBridge.java:452)
10-15 17:47:48.889  1121  1140 E KernelCpuSpeedReader: 	at java.io.FileInputStream.<init>(FileInputStream.java:76)
10-15 17:47:48.889  1121  1140 E KernelCpuSpeedReader: 	at java.io.FileInputStream.<init>(FileInputStream.java:103)
10-15 17:47:48.889  1121  1140 E KernelCpuSpeedReader: 	at java.io.FileReader.<init>(FileReader.java:66)
10-15 17:47:48.889  1121  1140 E KernelCpuSpeedReader: 	at com.android.internal.os.KernelCpuSpeedReader.readDelta(KernelCpuSpeedReader.java:49)
10-15 17:47:48.889  1121  1140 E KernelCpuSpeedReader: 	at com.android.internal.os.BatteryStatsImpl.updateCpuTimeLocked(BatteryStatsImpl.java:8003)
10-15 17:47:48.889  1121  1140 E KernelCpuSpeedReader: 	at com.android.internal.os.BatteryStatsImpl$MyHandler.handleMessage(BatteryStatsImpl.java:156)
10-15 17:47:48.889  1121  1140 E KernelCpuSpeedReader: 	at android.os.Handler.dispatchMessage(Handler.java:102)
10-15 17:47:48.889  1121  1140 E KernelCpuSpeedReader: 	at android.os.Looper.loop(Looper.java:148)
10-15 17:47:48.889  1121  1140 E KernelCpuSpeedReader: 	at android.os.HandlerThread.run(HandlerThread.java:61)
10-15 17:47:48.889  1121  1140 E KernelCpuSpeedReader: 	at com.android.server.ServiceThread.run(ServiceThread.java:46)
10-15 17:47:48.889  1121  1140 E KernelCpuSpeedReader: Caused by: android.system.ErrnoException: open failed: ENOENT (No such file or directory)
10-15 17:47:48.889  1121  1140 E KernelCpuSpeedReader: 	at libcore.io.Posix.open(Native Method)
10-15 17:47:48.889  1121  1140 E KernelCpuSpeedReader: 	at libcore.io.BlockGuardOs.open(BlockGuardOs.java:186)
10-15 17:47:48.889  1121  1140 E KernelCpuSpeedReader: 	at libcore.io.IoBridge.open(IoBridge.java:438)
10-15 17:47:48.889  1121  1140 E KernelCpuSpeedReader: 	... 10 more
10-15 17:47:48.889  1121  1140 E KernelUidCpuTimeReader: Failed to read uid_cputime
10-15 17:47:48.889  1121  1140 E KernelUidCpuTimeReader: java.io.FileNotFoundException: /proc/uid_cputime/show_uid_stat: open failed: ENOENT (No such file or directory)
10-15 17:47:48.889  1121  1140 E KernelUidCpuTimeReader: 	at libcore.io.IoBridge.open(IoBridge.java:452)
10-15 17:47:48.889  1121  1140 E KernelUidCpuTimeReader: 	at java.io.FileInputStream.<init>(FileInputStream.java:76)
10-15 17:47:48.889  1121  1140 E KernelUidCpuTimeReader: 	at java.io.FileInputStream.<init>(FileInputStream.java:103)
10-15 17:47:48.889  1121  1140 E KernelUidCpuTimeReader: 	at java.io.FileReader.<init>(FileReader.java:66)
10-15 17:47:48.889  1121  1140 E KernelUidCpuTimeReader: 	at com.android.internal.os.KernelUidCpuTimeReader.readDelta(KernelUidCpuTimeReader.java:71)
10-15 17:47:48.889  1121  1140 E KernelUidCpuTimeReader: 	at com.android.internal.os.BatteryStatsImpl.updateCpuTimeLocked(BatteryStatsImpl.java:8032)
10-15 17:47:48.889  1121  1140 E KernelUidCpuTimeReader: 	at com.android.internal.os.BatteryStatsImpl$MyHandler.handleMessage(BatteryStatsImpl.java:156)
10-15 17:47:48.889  1121  1140 E KernelUidCpuTimeReader: 	at android.os.Handler.dispatchMessage(Handler.java:102)
10-15 17:47:48.889  1121  1140 E KernelUidCpuTimeReader: 	at android.os.Looper.loop(Looper.java:148)
10-15 17:47:48.889  1121  1140 E KernelUidCpuTimeReader: 	at android.os.HandlerThread.run(HandlerThread.java:61)
10-15 17:47:48.889  1121  1140 E KernelUidCpuTimeReader: 	at com.android.server.ServiceThread.run(ServiceThread.java:46)
10-15 17:47:48.889  1121  1140 E KernelUidCpuTimeReader: Caused by: android.system.ErrnoException: open failed: ENOENT (No such file or directory)
10-15 17:47:48.889  1121  1140 E KernelUidCpuTimeReader: 	at libcore.io.Posix.open(Native Method)
10-15 17:47:48.889  1121  1140 E KernelUidCpuTimeReader: 	at libcore.io.BlockGuardOs.open(BlockGuardOs.java:186)
10-15 17:47:48.889  1121  1140 E KernelUidCpuTimeReader: 	at libcore.io.IoBridge.open(IoBridge.java:438)
10-15 17:47:48.889  1121  1140 E KernelUidCpuTimeReader: 	... 10 more
10-15 17:47:48.892  1121  1154 D         : HostConnection::get() New Host Connection established 0xa093f830, tid 1154
10-15 17:47:48.902  1121  1121 I ActivityManager: System now ready
10-15 17:47:48.925  1121  1340 D AssetAtlas: Rendered atlas in 118.33ms (0.12+118.20ms)
10-15 17:47:48.936  1121  1121 I SystemServer: Making services ready
10-15 17:47:48.936  1121  1121 I SystemServiceManager: Starting phase 550
10-15 17:47:48.937  1121  1210 D MountService: Thinking about reset, mSystemReady=true, mDaemonConnected=true
10-15 17:47:48.937  1121  1210 D VoldConnector: SND -> {2 volume reset}
10-15 17:47:48.937  1121  1140 I ActivityManager: Force stopping com.android.providers.media appid=10005 user=-1: vold reset
10-15 17:47:48.937   939   999 V vold    : /system/bin/sgdisk
10-15 17:47:48.937   939   999 V vold    :     --android-dump
10-15 17:47:48.937   939   999 V vold    :     /dev/block/vold/disk:179,0
10-15 17:47:48.938  1121  1212 D VoldConnector: RCV <- {651 emulated 7}
10-15 17:47:48.938  1121  1212 D VoldConnector: RCV <- {659 emulated}
10-15 17:47:48.938  1121  1212 D VoldConnector: RCV <- {650 emulated 2 "" ""}
10-15 17:47:48.938  1121  1212 D VoldConnector: RCV <- {651 emulated 0}
10-15 17:47:48.938  1121  1212 D VoldConnector: RCV <- {651 public:179,0 7}
