10-15 17:47:48.938  1121  1212 D VoldConnector: RCV <- {659 public:179,0}
10-15 17:47:48.938  1121  1212 D VoldConnector: RCV <- {649 disk:179,0}
10-15 17:47:48.938  1121  1212 D VoldConnector: RCV <- {640 disk:179,0 6}
10-15 17:47:48.938  1121  1212 D VoldConnector: RCV <- {641 disk:179,0 104857600}
10-15 17:47:48.938  1121  1212 D VoldConnector: RCV <- {642 disk:179,0 SanDisk}
10-15 17:47:48.938  1121  1212 D VoldConnector: RCV <- {644 disk:179,0 /sys//devices/platform/goldfish_mmc.0/mmc_host/mmc0/mmc0:e118/block/mmcblk0}
10-15 17:47:48.938  1121  1121 I SystemServer: WebViewFactory preparation
10-15 17:47:48.939  1121  1121 I Zygote  : Process: zygote socket opened, supported ABIS: x86
10-15 17:47:48.940  1121  1121 I ActivityManager: Start proc 1353:WebViewLoader-x86/1037 [android.webkit.WebViewFactory$RelroFileCreator] for 
10-15 17:47:48.949  1353  1353 I art     : Late-enabling JIT
10-15 17:47:48.957  1121  1331 D WifiApConfigStore: 2G band allowed channels are:1,6,11
10-15 17:47:48.960  1358  1358 I art     : Late-enabling JIT
10-15 17:47:48.961   939   999 V vold    : DISK mbr
10-15 17:47:48.962   939   999 W vold    : disk:179,0 has unknown partition table; trying entire device
10-15 17:47:48.962   939   999 V vold    : /system/bin/blkid
10-15 17:47:48.962   939   999 V vold    :     -c
10-15 17:47:48.962   939   999 V vold    :     /dev/null
10-15 17:47:48.962   939   999 V vold    :     -s
10-15 17:47:48.962   939   999 V vold    :     TYPE
10-15 17:47:48.962   939   999 V vold    :     -s
10-15 17:47:48.962   939   999 V vold    :     UUID
10-15 17:47:48.962   939   999 V vold    :     -s
10-15 17:47:48.962   939   999 V vold    :     LABEL
10-15 17:47:48.962   939   999 V vold    :     /dev/block/vold/disk:179,0
10-15 17:47:48.967  1121  1121 I ActivityManager: Start proc 1358:com.android.systemui/u0a14 for service com.android.systemui/.SystemUIService
10-15 17:47:48.967  1121  1121 D NetworkManagement: enabling bandwidth control
10-15 17:47:48.975   939   999 V vold    : /dev/block/vold/disk:179,0: LABEL="SDCARD" UUID="0900-1C07" TYPE="vfat" 
10-15 17:47:48.975  1121  1212 D VoldConnector: RCV <- {650 public:179,0 0 "disk:179,0" ""}
10-15 17:47:48.975  1121  1212 D VoldConnector: RCV <- {651 public:179,0 0}
10-15 17:47:48.975  1121  1212 D VoldConnector: RCV <- {643 disk:179,0}
10-15 17:47:48.975  1121  1212 D VoldConnector: RCV <- {200 2 Command succeeded}
10-15 17:47:48.975  1121  1210 D VoldConnector: SND -> {3 volume user_added 0 0}
10-15 17:47:48.975  1121  1212 D VoldConnector: RCV <- {200 3 Command succeeded}
10-15 17:47:48.976  1121  1142 V MountService: Found primary storage at VolumeInfo{public:179,0}:
10-15 17:47:48.976  1121  1142 V MountService:     type=PUBLIC diskId=disk:179,0 partGuid=null mountFlags=0 mountUserId=-1 
10-15 17:47:48.976  1121  1142 V MountService:     state=UNMOUNTED 
10-15 17:47:48.976  1121  1142 V MountService:     fsType=null fsUuid=null fsLabel=null 
10-15 17:47:48.976  1121  1142 V MountService:     path=null internalPath=null 
10-15 17:47:48.977  1121  1210 D VoldConnector: SND -> {4 volume mount public:179,0 3 0}
10-15 17:47:48.978   939   999 V vold    : /system/bin/blkid
10-15 17:47:48.978   939   999 V vold    :     -c
10-15 17:47:48.978   939   999 V vold    :     /dev/null
10-15 17:47:48.978   939   999 V vold    :     -s
10-15 17:47:48.978   939   999 V vold    :     TYPE
10-15 17:47:48.978   939   999 V vold    :     -s
10-15 17:47:48.978   939   999 V vold    :     UUID
10-15 17:47:48.978   939   999 V vold    :     -s
10-15 17:47:48.978   939   999 V vold    :     LABEL
10-15 17:47:48.978   939   999 V vold    :     /dev/block/vold/public:179,0
10-15 17:47:48.978  1121  1212 D VoldConnector: RCV <- {651 public:179,0 1}
10-15 17:47:48.984  1365  1365 I art     : Late-enabling JIT
10-15 17:47:48.990   939   999 V vold    : /dev/block/vold/public:179,0: LABEL="SDCARD" UUID="0900-1C07" TYPE="vfat" 
10-15 17:47:48.997  1121  1140 I ActivityManager: Start proc 1365:com.android.externalstorage/u0a6 for broadcast com.android.externalstorage/.MountReceiver
10-15 17:47:48.998  1358  1358 I art     : JIT created with code_cache_capacity=2MB compile_threshold=1000
10-15 17:47:48.998  1353  1353 I art     : JIT created with code_cache_capacity=2MB compile_threshold=1000
10-15 17:47:48.998  1365  1365 I art     : JIT created with code_cache_capacity=2MB compile_threshold=1000
10-15 17:47:48.999   939   999 V vold    : /system/bin/fsck_msdos
10-15 17:47:48.999   939   999 V vold    :     -p
10-15 17:47:48.999   939   999 V vold    :     -f
10-15 17:47:48.999   939   999 V vold    :     /dev/block/vold/public:179,0
10-15 17:47:48.999  1121  1212 D VoldConnector: RCV <- {652 public:179,0 vfat}
10-15 17:47:48.999  1121  1212 D VoldConnector: RCV <- {653 public:179,0 0900-1C07}
10-15 17:47:48.999  1121  1212 D VoldConnector: RCV <- {654 public:179,0 SDCARD}
10-15 17:47:49.008   939   999 I fsck_msdos: ** /dev/block/vold/public:179,0
10-15 17:47:49.008   939   999 I fsck_msdos: ** Phase 1 - Read and Compare FATs
10-15 17:47:49.008   939   999 I fsck_msdos: Attempting to allocate 794 KB for FAT
10-15 17:47:49.013   939   999 I fsck_msdos: Attempting to allocate 794 KB for FAT
10-15 17:47:49.021  1353  1353 V WebViewFactory: RelroFileCreator (64bit = false),  32-bit lib: /system/app/webview/webview.apk!/lib/x86/libwebviewchromium.so, 64-bit lib: 
10-15 17:47:49.024   939   999 I fsck_msdos: ** Phase 2 - Check Cluster Chains
10-15 17:47:49.024   939   999 I fsck_msdos: ** Phase 3 - Checking Directories
10-15 17:47:49.024   939   999 I fsck_msdos: ** Phase 4 - Checking for Lost Files
10-15 17:47:49.025   939   999 I fsck_msdos: 8 files, 100792 free (201585 clusters)
10-15 17:47:49.030  1358  1358 W System  : ClassLoader referenced unknown path: /system/priv-app/SystemUI/lib/x86
10-15 17:47:49.048   939   999 I Vold    : Filesystem check completed OK
10-15 17:47:49.048  1121  1212 D VoldConnector: RCV <- {656 public:179,0 /mnt/media_rw/0900-1C07}
10-15 17:47:49.049  1121  1212 D VoldConnector: RCV <- {655 public:179,0 /storage/0900-1C07}
10-15 17:47:49.049   939   999 V vold    : Waiting for FUSE to spin up...
10-15 17:47:49.078  1365  1365 W System  : ClassLoader referenced unknown path: /system/priv-app/ExternalStorageProvider/lib/x86
10-15 17:47:49.107   939   999 V vold    : Waiting for FUSE to spin up...
10-15 17:47:49.113  1353  1353 I art     : System.exit called, status: 0
10-15 17:47:49.113  1353  1353 I AndroidRuntime: VM exiting with result code 0, cleanup skipped.
10-15 17:47:49.114  1358  1358 V SystemUIService: Starting SystemUI services.
10-15 17:47:49.148  1365  1365 D ExternalStorage: After updating volumes, found 0 active roots
10-15 17:47:49.152  1358  1415 E WVMExtractor: Failed to open libwvm.so: dlopen failed: library "libwvm.so" not found
10-15 17:47:49.167  1121  1212 D VoldConnector: RCV <- {651 public:179,0 2}
10-15 17:47:49.167  1121  1212 D VoldConnector: RCV <- {200 4 Command succeeded}
10-15 17:47:49.179  1365  1365 D ExternalStorage: After updating volumes, found 1 active roots
10-15 17:47:49.226  1365  1365 D ExternalStorage: After updating volumes, found 1 active roots
10-15 17:47:49.229   961  1205 W OMXNodeInstance: [f:google.mpeg2.decoder] component does not support metadata mode; using fallback
10-15 17:47:49.231  1365  1365 D ExternalStorage: After updating volumes, found 1 active roots
10-15 17:47:49.232   961  1205 W OMXNodeInstance: [10:google.mpeg4.decoder] component does not support metadata mode; using fallback
10-15 17:47:49.233   961  1205 W OMXNodeInstance: [11:google.h263.decoder] component does not support metadata mode; using fallback
10-15 17:47:49.260   961  1205 D SoftAVCDec: Number of CPU cores: 1
10-15 17:47:49.261   961  1205 W OMXNodeInstance: [12:google.h264.decoder] component does not support metadata mode; using fallback
10-15 17:47:49.261   961  1205 D SoftAVCDec: Number of CPU cores: 1
10-15 17:47:49.264   961  1205 D SoftHEVC: Number of CPU cores: 1
10-15 17:47:49.264   961  1205 D SoftHEVC: Initializing decoder
10-15 17:47:49.265   961  1205 D SoftHEVC: Set number of cores to 1
10-15 17:47:49.265   961  1205 D SoftHEVC: Ittiam decoder version number: @(#)Id:HEVCDEC_production Ver:04.04 Released by ITTIAM Build: Aug 13 2015 @ 23:56:59
10-15 17:47:49.265   961  1205 W OMXNodeInstance: [13:google.hevc.decoder] component does not support metadata mode; using fallback
10-15 17:47:49.265   961  1205 D SoftHEVC: Freeing codec memory
10-15 17:47:49.265   961  1205 D SoftHEVC: Number of CPU cores: 1
10-15 17:47:49.265   961  1205 D SoftHEVC: Initializing decoder
10-15 17:47:49.265   961  1205 D SoftHEVC: Set number of cores to 1
10-15 17:47:49.265   961  1205 D SoftHEVC: Ittiam decoder version number: @(#)Id:HEVCDEC_production Ver:04.04 Released by ITTIAM Build: Aug 13 2015 @ 23:56:59
10-15 17:47:49.275   961  1205 D SoftHEVC: In SoftHEVC::~SoftHEVC
10-15 17:47:49.275   961  1205 D SoftHEVC: Freeing codec memory
10-15 17:47:49.278   961  1205 W OMXNodeInstance: [14:google.vp8.decoder] component does not support metadata mode; using fallback
10-15 17:47:49.278   961  1205 W OMXNodeInstance: [15:google.vp9.decoder] component does not support metadata mode; using fallback
10-15 17:47:49.280   961  1205 I SoftMPEG4Encoder: Construct SoftMPEG4Encoder
10-15 17:47:49.280   961  1205 W ACodec  : do not know color format 0x7f000789 = 2130708361
10-15 17:47:49.282   961  1205 W ACodec  : do not know color format 0x7f000789 = 2130708361
10-15 17:47:49.286   961  1205 I SoftMPEG4Encoder: Construct SoftMPEG4Encoder
10-15 17:47:49.286   961  1205 W ACodec  : do not know color format 0x7f000789 = 2130708361
10-15 17:47:49.294   961  1205 W ACodec  : do not know color format 0x7f000789 = 2130708361
10-15 17:47:49.298   961  1205 W MediaCodecList: unable to open media codecs configuration xml file: /etc/media_codecs_performance.xml
10-15 17:47:49.298   961  1205 W MediaCodecList: unable to open media codecs configuration xml file: /data/misc/media/media_codecs_profiling_results.xml
10-15 17:47:49.298  1358  1417 I OMXClient: Using client-side OMX mux.
10-15 17:47:49.331  1358  1479 I OMXClient: Using client-side OMX mux.
10-15 17:47:49.345  1358  1358 I vol.Events: writeEvent collection_started
10-15 17:47:49.367  1358  1482 I vol.Events: writeEvent external_ringer_mode_changed vibrate
10-15 17:47:49.367  1358  1482 I vol.Events: writeEvent internal_ringer_mode_changed vibrate
10-15 17:47:49.372  1358  1484 I OMXClient: Using client-side OMX mux.
10-15 17:47:49.394  1358  1482 I vol.Events: writeEvent level_changed STREAM_ALARM 6
10-15 17:47:49.394  1358  1482 I vol.Events: writeEvent level_changed STREAM_BLUETOOTH_SCO 7
10-15 17:47:49.395  1358  1482 I vol.Events: writeEvent level_changed STREAM_MUSIC 9
10-15 17:47:49.395  1358  1482 I vol.Events: writeEvent mute_changed STREAM_RING true
10-15 17:47:49.395  1358  1482 I vol.Events: writeEvent mute_changed STREAM_SYSTEM true
10-15 17:47:49.396  1358  1482 I vol.Events: writeEvent level_changed STREAM_VOICE_CALL 4
10-15 17:47:49.400  1358  1358 D StorageNotification: Notifying about private volume: VolumeInfo{private}:
10-15 17:47:49.400  1358  1358 D StorageNotification:     type=PRIVATE diskId=null partGuid=null mountFlags=0 mountUserId=-1 
10-15 17:47:49.400  1358  1358 D StorageNotification:     state=MOUNTED 
10-15 17:47:49.400  1358  1358 D StorageNotification:     fsType=null fsUuid=null fsLabel=null 
10-15 17:47:49.400  1358  1358 D StorageNotification:     path=/data internalPath=null 
10-15 17:47:49.400  1358  1358 D StorageNotification: Notifying about public volume: VolumeInfo{public:179,0}:
10-15 17:47:49.400  1358  1358 D StorageNotification:     type=PUBLIC diskId=disk:179,0 partGuid=null mountFlags=PRIMARY|VISIBLE 
10-15 17:47:49.400  1358  1358 D StorageNotification:     mountUserId=0 state=MOUNTED 
10-15 17:47:49.400  1358  1358 D StorageNotification:     fsType=vfat fsUuid=0900-1C07 fsLabel=SDCARD 
10-15 17:47:49.400  1358  1358 D StorageNotification:     path=/storage/0900-1C07 internalPath=/mnt/media_rw/0900-1C07 
10-15 17:47:49.420   950  1350 D         : HostConnection::get() New Host Connection established 0xb5904120, tid 1350
10-15 17:47:49.548  1121  1121 E NetdConnector: NDC Command {1 bandwidth enable} took too long (580ms)
10-15 17:47:49.570   957  1327 I iptables: iptables: No chain/target/match by that name.
10-15 17:47:49.577   957  1327 I iptables: iptables terminated by exit(1)
10-15 17:47:49.577   957  1327 E Netd    : exec() res=0, status=256 for /system/bin/iptables -w -F st_penalty_log 
10-15 17:47:49.579   957  1327 I ip6tables: ip6tables: No chain/target/match by that name.
10-15 17:47:49.588   957  1327 I ip6tables: ip6tables terminated by exit(1)
10-15 17:47:49.588   957  1327 E Netd    : exec() res=0, status=256 for /system/bin/ip6tables -w -F st_penalty_log 
10-15 17:47:49.590   957  1327 I iptables: iptables: No chain/target/match by that name.
10-15 17:47:49.609   957  1327 I iptables: iptables terminated by exit(1)
10-15 17:47:49.609   957  1327 E Netd    : exec() res=0, status=256 for /system/bin/iptables -w -F st_penalty_reject 
10-15 17:47:49.611   957  1327 I ip6tables: ip6tables: No chain/target/match by that name.
10-15 17:47:49.617   957  1327 I ip6tables: ip6tables terminated by exit(1)
10-15 17:47:49.617   957  1327 E Netd    : exec() res=0, status=256 for /system/bin/ip6tables -w -F st_penalty_reject 
10-15 17:47:49.619   957  1327 I iptables: iptables: No chain/target/match by that name.
10-15 17:47:49.627   957  1327 I iptables: iptables terminated by exit(1)
10-15 17:47:49.627   957  1327 E Netd    : exec() res=0, status=256 for /system/bin/iptables -w -F st_clear_caught 
10-15 17:47:49.629   957  1327 I ip6tables: ip6tables: No chain/target/match by that name.
10-15 17:47:49.637   957  1327 I ip6tables: ip6tables terminated by exit(1)
10-15 17:47:49.637   957  1327 E Netd    : exec() res=0, status=256 for /system/bin/ip6tables -w -F st_clear_caught 
10-15 17:47:49.639   957  1327 I iptables: iptables: No chain/target/match by that name.
10-15 17:47:49.648   957  1327 I iptables: iptables terminated by exit(1)
10-15 17:47:49.648   957  1327 E Netd    : exec() res=0, status=256 for /system/bin/iptables -w -F st_clear_detect 
10-15 17:47:49.649   957  1327 I ip6tables: ip6tables: No chain/target/match by that name.
10-15 17:47:49.663   957  1327 I ip6tables: ip6tables terminated by exit(1)
10-15 17:47:49.663   957  1327 E Netd    : exec() res=0, status=256 for /system/bin/ip6tables -w -F st_clear_detect 
10-15 17:47:49.664   957  1327 I iptables: iptables: No chain/target/match by that name.
10-15 17:47:49.677   957  1327 I iptables: iptables terminated by exit(1)
10-15 17:47:49.677   957  1327 E Netd    : exec() res=0, status=256 for /system/bin/iptables -w -X st_penalty_log 
10-15 17:47:49.678   957  1327 I ip6tables: ip6tables: No chain/target/match by that name.
10-15 17:47:49.687   957  1327 I ip6tables: ip6tables terminated by exit(1)
10-15 17:47:49.687   957  1327 E Netd    : exec() res=0, status=256 for /system/bin/ip6tables -w -X st_penalty_log 
10-15 17:47:49.689   957  1327 I iptables: iptables: No chain/target/match by that name.
10-15 17:47:49.707   957  1327 I iptables: iptables terminated by exit(1)
10-15 17:47:49.707   957  1327 E Netd    : exec() res=0, status=256 for /system/bin/iptables -w -X st_penalty_reject 
10-15 17:47:49.709   957  1327 I ip6tables: ip6tables: No chain/target/match by that name.
10-15 17:47:49.717   957  1327 I ip6tables: ip6tables terminated by exit(1)
10-15 17:47:49.717   957  1327 E Netd    : exec() res=0, status=256 for /system/bin/ip6tables -w -X st_penalty_reject 
10-15 17:47:49.718   957  1327 I iptables: iptables: No chain/target/match by that name.
10-15 17:47:49.727   957  1327 I iptables: iptables terminated by exit(1)
10-15 17:47:49.727   957  1327 E Netd    : exec() res=0, status=256 for /system/bin/iptables -w -X st_clear_caught 
10-15 17:47:49.728   957  1327 I ip6tables: ip6tables: No chain/target/match by that name.
10-15 17:47:49.737   957  1327 I ip6tables: ip6tables terminated by exit(1)
10-15 17:47:49.737   957  1327 E Netd    : exec() res=0, status=256 for /system/bin/ip6tables -w -X st_clear_caught 
10-15 17:47:49.738   957  1327 I iptables: iptables: No chain/target/match by that name.
10-15 17:47:49.747   957  1327 I iptables: iptables terminated by exit(1)
10-15 17:47:49.747   957  1327 E Netd    : exec() res=0, status=256 for /system/bin/iptables -w -X st_clear_detect 
10-15 17:47:49.748   957  1327 I ip6tables: ip6tables: No chain/target/match by that name.
10-15 17:47:49.757   957  1327 I ip6tables: ip6tables terminated by exit(1)
10-15 17:47:49.757   957  1327 E Netd    : exec() res=0, status=256 for /system/bin/ip6tables -w -X st_clear_detect 
10-15 17:47:49.777  1121  1135 I StatusBarManagerService: registerStatusBar bar=com.android.internal.statusbar.IStatusBar$Stub$Proxy@87b2832
10-15 17:47:49.897  1121  1141 W WindowManager: Keyguard drawn timeout. Setting mKeyguardDrawComplete
10-15 17:47:50.107  1121  1121 E NetdConnector: NDC Command {2 strict enable} took too long (558ms)
10-15 17:47:50.209  1121  1121 D PermissionMonitor: Monitoring
10-15 17:47:50.210  1121  1121 D PermissionMonitor: Users: 1, Apps: 53
10-15 17:47:50.212  1121  1121 I SystemServiceManager: Starting phase 600
10-15 17:47:50.212  1121  1338 E BluetoothAdapter: Bluetooth binder is null
10-15 17:47:50.212  1121  1338 E BluetoothAdapter: Bluetooth binder is null
10-15 17:47:50.213   961  1205 I AudioFlinger: systemReady
10-15 17:47:50.214  1121  1121 I BackupManagerService: Backup enabled => true
10-15 17:47:50.216  1121  1121 E InputMethodManagerService: Ignoring updateSystemUiLocked due to an invalid token. uid:1000 token:null
10-15 17:47:50.219  1121  1121 I ActivityManager: Start proc 1563:com.android.inputmethod.latin/u0a33 for service com.android.inputmethod.latin/.LatinIME
10-15 17:47:50.219  1121  1121 V InputMethodManagerService: Adding window token: android.os.Binder@16f3d9b
10-15 17:47:50.228  1563  1563 I art     : Late-enabling JIT
10-15 17:47:50.229  1563  1563 I art     : JIT created with code_cache_capacity=2MB compile_threshold=1000
10-15 17:47:50.231  1121  1561 E WVMExtractor: Failed to open libwvm.so: dlopen failed: library "libwvm.so" not found
10-15 17:47:50.243  1121  1121 E FlpHardwareProvider: Error hw_get_module 'flp': -2
10-15 17:47:50.243  1121  1121 E LocationManagerService: FLP HAL not supported
10-15 17:47:50.244  1121  1121 E ActivityRecognitionHardware: Error hw_get_module: -2
10-15 17:47:50.244  1121  1121 E LocationManagerService: Hardware Activity-Recognition not supported.
10-15 17:47:50.246  1121  1569 I OMXClient: Using client-side OMX mux.
10-15 17:47:50.252  1121  1332 D WifiService: New client listening to asynchronous messages
10-15 17:47:50.255  1571  1571 I art     : Late-enabling JIT
10-15 17:47:50.255  1571  1571 I art     : JIT created with code_cache_capacity=2MB compile_threshold=1000
10-15 17:47:50.268  1121  1140 I ActivityManager: Start proc 1571:com.google.android.gms.persistent/u0a7 for broadcast com.google.android.gms/com.google.android.location.internal.NlpNetworkProviderSettingsUpdateReceiver
10-15 17:47:50.281  1121  1121 I CommonTimeManagementService: No common time service detected on this platform.  Common time services will be unavailable.
10-15 17:47:50.282  1121  1121 I MmsServiceBroker: Delay connecting to MmsService until an API is called
10-15 17:47:50.283  1121  1208 I InputReader: Reconfiguring input devices.  changes=0x00000030
10-15 17:47:50.283  1121  1121 D MountService: onStartUser 0
10-15 17:47:50.283  1121  1121 D VoldConnector: SND -> {5 volume user_started 0}
10-15 17:47:50.283   939   999 D vold    : Linking /storage/0900-1C07 to /mnt/user/0/primary
10-15 17:47:50.283  1121  1212 D VoldConnector: RCV <- {200 5 Command succeeded}
10-15 17:47:50.283  1121  1121 W VoiceInteractionManagerService: no available voice interaction services found for user 0
10-15 17:47:50.283  1121  1121 W VoiceInteractionManagerService: no available voice recognition services found for user 0
10-15 17:47:50.284  1121  1210 D MountService: Volume public:179,0 broadcasting mounted to UserHandle{0}
10-15 17:47:50.289  1590  1590 I art     : Late-enabling JIT
10-15 17:47:50.295  1590  1590 I art     : JIT created with code_cache_capacity=2MB compile_threshold=1000
10-15 17:47:50.302  1121  1604 I OMXClient: Using client-side OMX mux.
10-15 17:47:50.308  1121  1121 I ActivityManager: Start proc 1590:com.android.phone/1001 for added application com.android.phone
10-15 17:47:50.308  1121  1121 I ActivityManager: START u0 {act=android.intent.action.MAIN cat=[android.intent.category.HOME] flg=0x10000000 cmp=com.android.launcher3/.Launcher} from uid 0 on display 0
10-15 17:47:50.317  1563  1563 I LatinIME: Hardware accelerated drawing: true
10-15 17:47:50.328  1613  1613 I art     : Late-enabling JIT
10-15 17:47:50.329  1613  1613 I art     : JIT created with code_cache_capacity=2MB compile_threshold=1000
10-15 17:47:50.338  1121  1121 I ActivityManager: Start proc 1613:com.android.launcher3/u0a8 for activity com.android.launcher3/.Launcher
10-15 17:47:50.344  1121  1121 I SystemServer: Enabled StrictMode for system server main thread.
10-15 17:47:50.346  1571  1571 W System  : ClassLoader referenced unknown path: /system/priv-app/PrebuiltGmsCore/lib/x86
10-15 17:47:50.365  1590  1590 W System  : ClassLoader referenced unknown path: /system/priv-app/TeleService/lib/x86
10-15 17:47:50.385  1590  1590 W System  : ClassLoader referenced unknown path: /system/priv-app/TelephonyProvider/lib/x86
10-15 17:47:50.397  1590  1590 D TelephonyProvider: dbh.onOpen: ok, queried table=siminfo
10-15 17:47:50.397  1590  1590 D TelephonyProvider: dbh.onOpen: ok, queried table=carriers
10-15 17:47:50.399  1613  1613 W System  : ClassLoader referenced unknown path: /system/priv-app/Launcher3/lib/x86
10-15 17:47:50.406  1121  1631 I OMXClient: Using client-side OMX mux.
10-15 17:47:50.429  1563  1563 W InputAttributes: No editor info for this field. Bug?
10-15 17:47:50.441  1121  1121 D RttService: SCAN_AVAILABLE : 1
10-15 17:47:50.441  1121  1346 D RttService: DefaultState got{ when=-1ms what=160513 target=com.android.internal.util.StateMachine$SmHandler }
10-15 17:47:50.442  1121  1121 I Choreographer: Skipped 95 frames!  The application may be doing too much work on its main thread.
10-15 17:47:50.448  1121  1121 W System  : ClassLoader referenced unknown path: /system/priv-app/Telecom/lib/x86
10-15 17:47:50.455  1121  1139 D GpsLocationProvider: Reset GPS properties, previous size = 0
10-15 17:47:50.455  1121  1139 D GpsLocationProvider: GpsParamsResource: SUPL_HOST=supl.google.com
10-15 17:47:50.455  1121  1139 D GpsLocationProvider: GpsParamsResource: SUPL_PORT=7275
10-15 17:47:50.455  1121  1139 D GpsLocationProvider: GpsParamsResource: NTP_SERVER=north-america.pool.ntp.org
10-15 17:47:50.455  1121  1139 D GpsLocationProvider: GpsParamsResource: SUPL_VER=0x20000
10-15 17:47:50.455  1121  1139 D GpsLocationProvider: GpsParamsResource: SUPL_MODE=1
10-15 17:47:50.455  1121  1139 W GpsLocationProvider: Could not open GPS configuration file /etc/gps.conf
10-15 17:47:50.455  1121  1139 D GpsLocationProvider: GPS properties reloaded, size = 5
10-15 17:47:50.456  1121  1139 E GpsLocationProvider: no AGPS interface in set_agps_server
10-15 17:47:50.472  1121  1637 I OMXClient: Using client-side OMX mux.
10-15 17:47:50.474  1121  1121 E BluetoothAdapter: Bluetooth binder is null
10-15 17:47:50.486  1121  1121 E BluetoothAdapter: Bluetooth binder is null
10-15 17:47:50.486  1121  1121 I Telecom : Class: TelecomSystem.INSTANCE being set
10-15 17:47:50.486  1121  1121 E BluetoothAdapter: Bluetooth binder is null
10-15 17:47:50.489  1121  1640 I ActivityManager: Start proc 1641:android.process.acore/u0a2 for content provider com.android.providers.contacts/.CallLogProvider
10-15 17:47:50.490  1121  1121 I PackageManager: Updating external media status from unmounted to mounted
10-15 17:47:50.494  1641  1641 I art     : Late-enabling JIT
10-15 17:47:50.496  1641  1641 I art     : JIT created with code_cache_capacity=2MB compile_threshold=1000
10-15 17:47:50.511  1647  1647 I art     : Late-enabling JIT
10-15 17:47:50.514  1647  1647 I art     : JIT created with code_cache_capacity=2MB compile_threshold=1000
10-15 17:47:50.518  1121  1121 I ActivityManager: Start proc 1647:com.android.providers.calendar/u0a1 for content provider com.android.providers.calendar/.CalendarProvider2
10-15 17:47:50.535  1121  1139 E GpsLocationProvider: no AGPS interface in set_agps_server
10-15 17:47:50.556  1571  1571 I MultiDex: VM with version 2.1.0 has multidex support
10-15 17:47:50.556  1571  1571 I MultiDex: install
10-15 17:47:50.556  1571  1571 I MultiDex: VM has multidex support, MultiDex support library is disabled.
10-15 17:47:50.562  1121  1656 I OMXClient: Using client-side OMX mux.
10-15 17:47:50.567  1641  1641 W System  : ClassLoader referenced unknown path: /system/priv-app/ContactsProvider/lib/x86
10-15 17:47:50.567  1647  1647 W System  : ClassLoader referenced unknown path: /system/priv-app/CalendarProvider/lib/x86
10-15 17:47:50.573  1121  1160 D VoldConnector: SND -> {6 asec list}
10-15 17:47:50.577  1121  1212 D VoldConnector: RCV <- {200 6 asec operation succeeded}
10-15 17:47:50.594  1121  1160 I PackageManager: No secure containers found
10-15 17:47:50.595  1121  1160 W PackageManager: Not granting permission com.google.android.googleapps.permission.GOOGLE_AUTH to package com.android.providers.calendar (protectionLevel=2 flags=0x30883e45)
10-15 17:47:50.595  1121  1160 W PackageManager: Not granting permission com.google.android.googleapps.permission.GOOGLE_AUTH.cl to package com.android.providers.calendar (protectionLevel=2 flags=0x30883e45)
10-15 17:47:50.595  1121  1160 W PackageManager: Unknown permission android.permission.USE_CREDENTIALS in package com.android.providers.calendar
10-15 17:47:50.595  1121  1160 W PackageManager: Unknown permission android.permission.MANAGE_ACCOUNTS in package com.android.providers.calendar
10-15 17:47:50.595  1121  1160 W PackageManager: Unknown permission android.permission.SUBSCRIBED_FEEDS_READ in package com.android.providers.calendar
10-15 17:47:50.595  1121  1160 W PackageManager: Unknown permission android.permission.SUBSCRIBED_FEEDS_WRITE in package com.android.providers.calendar
10-15 17:47:50.595  1121  1160 W PackageManager: Not granting permission android.permission.GLOBAL_SEARCH to package com.android.quicksearchbox (protectionLevel=18 flags=0x3888be45)
10-15 17:47:50.595  1121  1160 W PackageManager: Unknown permission com.android.browser.permission.READ_HISTORY_BOOKMARKS in package com.android.quicksearchbox
10-15 17:47:50.595  1121  1160 W PackageManager: Unknown permission android.permission.WRITE_SMS in package com.android.mms.service
10-15 17:47:50.595  1121  1160 W PackageManager: Unknown permission android.permission.WRITE_SMS in package com.google.android.apps.messaging
10-15 17:47:50.595  1121  1160 W PackageManager: Not granting permission android.permission.ACCESS_DOWNLOAD_MANAGER to package com.android.browser (protectionLevel=18 flags=0x3889be45)
10-15 17:47:50.595  1121  1160 W PackageManager: Unknown permission android.permission.USE_CREDENTIALS in package com.android.browser
10-15 17:47:50.595  1121  1160 W PackageManager: Not granting permission android.permission.SEND_DOWNLOAD_COMPLETED_INTENTS to package com.android.browser (protectionLevel=2 flags=0x3889be45)
10-15 17:47:50.595  1121  1160 W PackageManager: Unknown permission android.permission.MANAGE_ACCOUNTS in package com.android.browser
10-15 17:47:50.595  1121  1160 W PackageManager: Unknown permission com.android.browser.permission.READ_HISTORY_BOOKMARKS in package com.android.browser
10-15 17:47:50.595  1121  1160 W PackageManager: Unknown permission com.android.browser.permission.WRITE_HISTORY_BOOKMARKS in package com.android.browser
10-15 17:47:50.595  1121  1160 W PackageManager: Unknown permission android.permission.USE_CREDENTIALS in package com.android.vending
10-15 17:47:50.595  1121  1160 W PackageManager: Unknown permission android.permission.MANAGE_ACCOUNTS in package com.android.contacts
10-15 17:47:50.595  1121  1160 W PackageManager: Unknown permission android.permission.USE_CREDENTIALS in package com.android.contacts
10-15 17:47:50.595  1121  1160 W PackageManager: Unknown permission com.android.launcher.permission.READ_SETTINGS in package com.android.launcher3
10-15 17:47:50.595  1121  1160 W PackageManager: Unknown permission com.android.launcher.permission.WRITE_SETTINGS in package com.android.launcher3
10-15 17:47:50.595  1121  1160 W PackageManager: Unknown permission android.permission.MANAGE_ACCOUNTS in package com.android.calendar
10-15 17:47:50.595  1121  1160 W PackageManager: Unknown permission android.permission.USE_CREDENTIALS in package com.android.calendar
10-15 17:47:50.595  1121  1160 W PackageManager: Not granting permission com.google.android.googleapps.permission.GOOGLE_AUTH.mail to package com.android.calendar (protectionLevel=2 flags=0x3089be45)
10-15 17:47:50.595  1121  1160 W PackageManager: Unknown permission android.permission.MANAGE_ACCOUNTS in package com.google.android.apps.maps
10-15 17:47:50.595  1121  1160 W PackageManager: Unknown permission android.permission.USE_CREDENTIALS in package com.google.android.apps.maps
10-15 17:47:50.595  1121  1160 W PackageManager: Unknown permission android.permission.MANAGE_ACCOUNTS in package com.android.dialer
10-15 17:47:50.595  1121  1160 W PackageManager: Unknown permission android.permission.USE_CREDENTIALS in package com.android.dialer
10-15 17:47:50.595  1121  1160 W PackageManager: Unknown permission android.permission.USE_CREDENTIALS in package com.google.android.gms
10-15 17:47:50.595  1121  1160 W PackageManager: Unknown permission android.permission.SUBSCRIBED_FEEDS_READ in package com.google.android.gms
10-15 17:47:50.595  1121  1160 W PackageManager: Unknown permission android.permission.SUBSCRIBED_FEEDS_WRITE in package com.google.android.gms
10-15 17:47:50.595  1121  1160 W PackageManager: Unknown permission android.permission.AUTHENTICATE_ACCOUNTS in package com.google.android.gms
10-15 17:47:50.595  1121  1160 W PackageManager: Unknown permission android.permission.MANAGE_ACCOUNTS in package com.google.android.gms
10-15 17:47:50.596  1121  1160 W PackageManager: Unknown permission com.google.android.apps.enterprise.dmagent.permission.AutoSyncPermission in package com.google.android.gms
10-15 17:47:50.596  1121  1160 W PackageManager: Unknown permission com.google.android.googlequicksearchbox.permission.PAUSE_HOTWORD in package com.google.android.gms
10-15 17:47:50.596  1121  1160 W PackageManager: Unknown permission com.google.android.hangouts.START_HANGOUT in package com.google.android.gms
10-15 17:47:50.596  1121  1160 W PackageManager: Unknown permission com.google.android.wearable.READ_SETTINGS in package com.google.android.gms
10-15 17:47:50.596  1121  1160 W PackageManager: Unknown permission com.google.android.gm.permission.READ_GMAIL in package com.google.android.gms
10-15 17:47:50.596  1121  1160 W PackageManager: Unknown permission com.google.android.launcher.permission.RECEIVE_LAUNCH_BROADCASTS in package com.google.android.gms
10-15 17:47:50.596  1121  1160 W PackageManager: Not granting permission android.permission.MANAGE_DOCUMENTS to package com.google.android.gms (protectionLevel=2 flags=0xb8c83e45)
10-15 17:47:50.596  1121  1160 W PackageManager: Unknown permission android.permission.AUTHENTICATE_ACCOUNTS in package com.google.android.gsf
10-15 17:47:50.596  1121  1160 W PackageManager: Unknown permission android.permission.MANAGE_ACCOUNTS in package com.google.android.gsf
10-15 17:47:50.596  1121  1160 W PackageManager: Unknown permission android.permission.USE_CREDENTIALS in package com.google.android.gsf
10-15 17:47:50.596  1121  1160 W PackageManager: Not granting permission android.permission.DELETE_PACKAGES to package com.svox.pico (protectionLevel=18 flags=0x3888be45)
10-15 17:47:50.596  1121  1160 W PackageManager: Not granting permission android.permission.READ_CONTACTS to package com.example.android.apis because it was previously installed without
10-15 17:47:50.596  1121  1160 W PackageManager: Not granting permission android.permission.WRITE_CONTACTS to package com.example.android.apis because it was previously installed without
10-15 17:47:50.596  1121  1160 W PackageManager: Not granting permission android.permission.ACCESS_COARSE_LOCATION to package com.example.android.apis because it was previously installed without
10-15 17:47:50.596  1121  1160 W PackageManager: Not granting permission android.permission.WRITE_EXTERNAL_STORAGE to package com.example.android.apis because it was previously installed without
10-15 17:47:50.596  1121  1160 W PackageManager: Not granting permission android.permission.SEND_SMS to package com.example.android.apis because it was previously installed without
10-15 17:47:50.596  1121  1160 W PackageManager: Not granting permission android.permission.RECEIVE_SMS to package com.example.android.apis because it was previously installed without
10-15 17:47:50.596  1121  1160 W PackageManager: Not granting permission android.permission.RECEIVE_MMS to package com.example.android.apis because it was previously installed without
10-15 17:47:50.596  1121  1160 W PackageManager: Unknown permission android.permission.WRITE_SMS in package com.example.android.apis
10-15 17:47:50.596  1121  1160 W PackageManager: Not granting permission android.permission.READ_SMS to package com.example.android.apis because it was previously installed without
10-15 17:47:50.596  1121  1160 W PackageManager: Not granting permission android.permission.READ_PHONE_STATE to package com.example.android.apis because it was previously installed without
10-15 17:47:50.596  1121  1160 W PackageManager: Not granting permission android.permission.RECORD_AUDIO to package com.example.android.apis because it was previously installed without
10-15 17:47:50.596  1121  1160 W PackageManager: Not granting permission android.permission.CAMERA to package com.example.android.apis because it was previously installed without
10-15 17:47:50.596  1121  1160 W PackageManager: Not granting permission android.permission.READ_EXTERNAL_STORAGE to package com.example.android.apis because it was previously installed without
10-15 17:47:50.596  1121  1160 W PackageManager: Unknown permission android.permission.USE_CREDENTIALS in package com.android.inputmethod.latin
10-15 17:47:50.596  1121  1160 W PackageManager: Unknown permission android.permission.MANAGE_ACCOUNTS in package com.android.managedprovisioning
10-15 17:47:50.596  1121  1160 W PackageManager: Unknown permission android.permission.AUTHENTICATE_ACCOUNTS in package com.google.android.gsf.login
10-15 17:47:50.596  1121  1160 W PackageManager: Not granting permission android.permission.CONTROL_KEYGUARD to package com.google.android.gsf.login (protectionLevel=2 flags=0x30c8be45)
10-15 17:47:50.596  1121  1160 W PackageManager: Unknown permission android.permission.MANAGE_ACCOUNTS in package com.google.android.gsf.login
10-15 17:47:50.596  1121  1160 W PackageManager: Unknown permission android.permission.SUBSCRIBED_FEEDS_READ in package com.google.android.gsf.login
10-15 17:47:50.596  1121  1160 W PackageManager: Unknown permission android.permission.SUBSCRIBED_FEEDS_WRITE in package com.google.android.gsf.login
10-15 17:47:50.596  1121  1160 W PackageManager: Unknown permission android.permission.USE_CREDENTIALS in package com.google.android.gsf.login
10-15 17:47:50.596  1121  1160 W PackageManager: Unknown permission com.android.vending.billing.BILLING_ACCOUNT_SERVICE in package com.google.android.gsf.login
10-15 17:47:50.596  1121  1160 W PackageManager: Unknown permission com.android.vending.billing.ADD_CREDIT_CARD in package com.google.android.gsf.login
10-15 17:47:50.596  1121  1160 W PackageManager: Unknown permission com.android.vending.billing.IBillingAccountService.BIND2 in package com.google.android.gsf.login
10-15 17:47:50.596  1121  1160 W PackageManager: Unknown permission com.android.vending.TOS_ACKED in package com.google.android.gsf.login
10-15 17:47:50.596  1121  1160 W PackageManager: Unknown permission com.android.chrome.TOS_ACKED in package com.google.android.gsf.login
10-15 17:47:50.596  1121  1160 W PackageManager: Unknown permission android.permission.USE_CREDENTIALS in package com.android.settings
10-15 17:47:50.596  1121  1160 W PackageManager: Unknown permission com.android.launcher.permission.READ_SETTINGS in package com.android.settings
10-15 17:47:50.596  1121  1160 W PackageManager: Unknown permission com.android.launcher.permission.WRITE_SETTINGS in package com.android.settings
10-15 17:47:50.596  1121  1160 W PackageManager: Unknown permission android.permission.MANAGE_ACCOUNTS in package com.android.email
10-15 17:47:50.596  1121  1160 W PackageManager: Unknown permission android.permission.AUTHENTICATE_ACCOUNTS in package com.android.email
10-15 17:47:50.596  1121  1160 W PackageManager: Unknown permission android.permission.USE_CREDENTIALS in package com.android.email
10-15 17:47:50.597  1121  1160 W PackageManager: Unknown permission android.permission.WRITE_SMS in package com.android.phone
10-15 17:47:50.597  1121  1160 W PackageManager: Unknown permission com.android.smspush.WAPPUSH_MANAGER_BIND in package com.android.phone
10-15 17:47:50.597  1121  1160 W PackageManager: Unknown permission android.permission.AUTHENTICATE_ACCOUNTS in package com.android.phone
10-15 17:47:50.597  1121  1160 W PackageManager: Unknown permission android.permission.MANAGE_ACCOUNTS in package com.android.phone
10-15 17:47:50.597  1121  1160 W PackageManager: Unknown permission android.permission.MANAGE_ACCOUNTS in package com.android.systemui
10-15 17:47:50.597  1121  1160 W PackageManager: Unknown permission android.permission.MANAGE_ACCOUNTS in package com.android.exchange
10-15 17:47:50.597  1121  1160 W PackageManager: Unknown permission android.permission.AUTHENTICATE_ACCOUNTS in package com.android.exchange
10-15 17:47:50.597  1121  1160 W PackageManager: Unknown permission android.permission.USE_CREDENTIALS in package com.android.exchange
10-15 17:47:50.597  1121  1160 W PackageManager: Unknown permission android.permission.MANAGE_ACCOUNTS in package com.android.development
10-15 17:47:50.597  1121  1160 W PackageManager: Unknown permission android.permission.USE_CREDENTIALS in package com.android.development
10-15 17:47:50.597  1121  1160 W PackageManager: Not granting permission android.permission.BIND_APPWIDGET to package com.android.widgetpreview (protectionLevel=18 flags=0x1808be44)
10-15 17:47:50.604  1613  1613 V Launcher: LauncherAppState inited
10-15 17:47:50.624  1121  1675 I OMXClient: Using client-side OMX mux.
10-15 17:47:50.658  1563  1636 I LatinIME:LogUtils: Dictionary info: dictionary = contacts.en_US ; version = 1444956470 ; date = ?
10-15 17:47:50.691  1121  1337 D NotificationSQLiteLog: Pruned event entries: 4
10-15 17:47:50.695  1121  1678 I AccountManagerService: getTypesVisibleToCaller: isPermitted? true
10-15 17:47:50.699  1641  1641 W System  : ClassLoader referenced unknown path: /system/app/UserDictionaryProvider/lib/x86
10-15 17:47:50.700  1647  1647 I CalendarProvider2: Created com.android.providers.calendar.CalendarAlarmManager@ceac527(com.android.providers.calendar.CalendarProvider2@b3203d4)
10-15 17:47:50.715  1121  1121 D GpsNetInitiatedHandler: location enabled :true
10-15 17:47:50.715  1121  1121 V WiredAccessoryManager: init()
10-15 17:47:50.716  1358  1358 E BluetoothAdapter: Bluetooth binder is null
10-15 17:47:50.728   950  1350 D PermissionCache: checking android.permission.HARDWARE_TEST for uid=1000 => granted (107 us)
10-15 17:47:50.732  1692  1692 I art     : Late-enabling JIT
10-15 17:47:50.734  1692  1692 I art     : JIT created with code_cache_capacity=2MB compile_threshold=1000
10-15 17:47:50.741  1121  1679 D ConnectivityService: listenForNetwork for Listen from uid/pid:10014/1358 for NetworkRequest [ id=3, legacyType=-1, [] ]
10-15 17:47:50.742  1613  1613 D Launcher.Model: Old launcher provider: content://com.android.launcher2.settings/favorites?notify=true
10-15 17:47:50.742  1613  1613 D Launcher.Model: Old launcher provider does not exist.
10-15 17:47:50.747  1121  1140 I ActivityManager: Start proc 1692:com.android.music/u0a38 for broadcast com.android.music/.MediaButtonIntentReceiver
10-15 17:47:50.764  1121  1160 D VoldConnector: SND -> {7 asec list}
10-15 17:47:50.764  1121  1212 D VoldConnector: RCV <- {200 7 asec operation succeeded}
10-15 17:47:50.767  1121  1587 I ActivityManager: Start proc 1702:com.google.process.gapps/u0a7 for content provider com.google.android.gsf/.gservices.GservicesProvider
10-15 17:47:50.768  1702  1702 I art     : Late-enabling JIT
10-15 17:47:50.769  1702  1702 I art     : JIT created with code_cache_capacity=2MB compile_threshold=1000
10-15 17:47:50.780  1121  1121 V BackupManagerService: Connected to transport ComponentInfo{android/com.android.internal.backup.LocalTransportService}
10-15 17:47:50.780  1121  1121 V BackupManagerService: Registering transport android/com.android.internal.backup.LocalTransportService::android/com.android.internal.backup.LocalTransport = android.app.backup.BackupTransport$TransportImpl@b87bcfa
10-15 17:47:50.783  1692  1692 W System  : ClassLoader referenced unknown path: /system/app/Music/lib/x86
10-15 17:47:50.785  1358  1358 I CameraManagerGlobal: Connecting to camera service
10-15 17:47:50.791  1121  1121 D         : HostConnection::get() New Host Connection established 0xa06bf5b0, tid 1121
10-15 17:47:50.847  1121  1680 I ActivityManager: Start proc 1719:android.process.media/u0a5 for content provider com.android.providers.media/.MediaProvider
10-15 17:47:50.860  1121  1139 I ActivityManager: Start proc 1732:com.android.printspooler/u0a44 for service com.android.printspooler/.model.PrintSpoolerService
10-15 17:47:50.867  1719  1719 I art     : Late-enabling JIT
10-15 17:47:50.869  1121  1681 I AccountManagerService: getTypesVisibleToCaller: isPermitted? true
10-15 17:47:50.875  1702  1702 W System  : ClassLoader referenced unknown path: /system/priv-app/GoogleServicesFramework/lib/x86
10-15 17:47:50.877  1719  1719 I art     : JIT created with code_cache_capacity=2MB compile_threshold=1000
10-15 17:47:50.894  1702  1702 I GservicesProvider: Gservices pushing to system: true; secure/global: true
10-15 17:47:50.907  1732  1732 I art     : Late-enabling JIT
10-15 17:47:50.909  1732  1732 I art     : JIT created with code_cache_capacity=2MB compile_threshold=1000
10-15 17:47:50.934  1702  1702 I GoogleHttpClient: GMS http client unavailable, use old client
10-15 17:47:50.939  1613  1688 W Launcher: setApplicationContext called twice! old=android.app.Application@b3203d4 new=android.app.Application@b3203d4
10-15 17:47:50.945  1121  1681 I AccountManagerService: getTypesVisibleToCaller: isPermitted? true
10-15 17:47:50.953  1121  1681 I AccountManagerService: getTypesVisibleToCaller: isPermitted? true
10-15 17:47:50.987   950  1013 E SurfaceFlinger: ro.sf.lcd_density must be defined as a build property
10-15 17:47:50.996  1358  1760 D OpenGLRenderer: Use EGL_SWAP_BEHAVIOR_PRESERVED: true
10-15 17:47:50.996  1358  1760 D OpenGLRenderer: profile bars disabled
10-15 17:47:50.996  1358  1760 D OpenGLRenderer: ambientRatio = 1.50
10-15 17:47:50.997  1358  1358 D         : HostConnection::get() New Host Connection established 0xa32a3640, tid 1358
10-15 17:47:50.999  1358  1358 D PhoneStatusBar: disable: < expand icons alerts system_info back home recent clock search quick_settings >
10-15 17:47:51.004  1358  1358 D PhoneStatusBar: heads up is enabled
10-15 17:47:51.010  1358  1358 D PhoneStatusBar: disable: < EXPAND* icons alerts system_info BACK* HOME* RECENT* clock SEARCH* quick_settings >
10-15 17:47:51.015  1719  1719 W System  : ClassLoader referenced unknown path: /system/priv-app/MediaProvider/lib/x86
10-15 17:47:51.022  1358  1358 D ViewRootImpl: changeCanvasOpacity: opaque=true
10-15 17:47:51.026  1732  1732 I PrintSpoolerService: No existing print spooler state.
10-15 17:47:51.030  1719  1719 W System  : ClassLoader referenced unknown path: /system/priv-app/DownloadProvider/lib/x86
10-15 17:47:51.054  1590  1768 E DcSwitchStateMachine-0: DctController is not ready
10-15 17:47:51.060  1121  1333 E ConnectivityService: Failed to find Messenger in unregisterNetworkFactory
10-15 17:47:51.060  1121  1333 D ConnectivityService: Got NetworkFactory Messenger for Telephony
10-15 17:47:51.100  1590  1590 D CarrierConfigLoader: CarrierConfigLoader has started
10-15 17:47:51.100  1590  1590 E BluetoothAdapter: Bluetooth binder is null
10-15 17:47:51.103  1571  1571 V JNIHelp : Registering com/google/android/gms/org/conscrypt/NativeCrypto's 240 native methods...
10-15 17:47:51.108  1358  1760 D         : HostConnection::get() New Host Connection established 0xa32a3d60, tid 1760
10-15 17:47:51.116  1358  1760 I OpenGLRenderer: Initialized EGL, version 1.4
10-15 17:47:51.124  1590  1590 I Telephony: TtyManager: updateUiTtyMode -1 -> 0
10-15 17:47:51.133  1121  1678 D AlarmManagerService: Kernel timezone updated to 420 minutes west of GMT
10-15 17:47:51.139  1121  1439 D AlarmManagerService: Setting time of day to sec=1444956472
10-15 17:47:52.569  1121  1439 W AlarmManagerService: Unable to set rtc to 1444956472: No such device
10-15 17:47:52.590  1571  1571 I ProviderInstaller: Installed default security provider GmsCore_OpenSSL
10-15 17:47:52.596   950  1350 E SurfaceFlinger: ro.sf.lcd_density must be defined as a build property
10-15 17:47:52.596  1613  1777 D OpenGLRenderer: Use EGL_SWAP_BEHAVIOR_PRESERVED: true
10-15 17:47:52.597  1613  1613 D         : HostConnection::get() New Host Connection established 0xa40fe8c0, tid 1613
10-15 17:47:52.630  1590  1590 D TelephonyDebugService: TelephonyDebugService()
10-15 17:47:52.630  1590  1590 D CarrierConfigLoader: mHandler: 12 phoneId: 0
10-15 17:47:52.655  1590  1590 E PhoneInterfaceManager: [PhoneIntfMgr] getIccId: No UICC
10-15 17:47:52.665  1358  1760 W EGL_emulation: eglSurfaceAttrib not implemented
10-15 17:47:52.665  1358  1760 W OpenGLRenderer: Failed to set EGL_SWAP_BEHAVIOR on surface 0xa317ff60, error=EGL_SUCCESS
10-15 17:47:52.673  1571  1781 D NativeLibraryUtils: Install completed successfully.
10-15 17:47:52.675  1121  1681 I Telecom : PhoneAccountRegistrar: New phone account registered: [[ ] PhoneAccount: ComponentInfo{com.android.phone/com.android.services.telephony.TelephonyConnectionService}, [e0184adedf913b076626646d3f52c3b49c39ad6d], UserHandle{0} Capabilities: 54 Schemes: tel voicemail ]
10-15 17:47:52.679  1121  1332 D WifiService: New client listening to asynchronous messages
10-15 17:47:52.688  1121  1681 I Telecom : : Sending phone-account intent as user
10-15 17:47:52.689  1590  1590 I Telephony: AccountEntry: Registered phoneAccount: [[ ] PhoneAccount: ComponentInfo{com.android.phone/com.android.services.telephony.TelephonyConnectionService}, [e0184adedf913b076626646d3f52c3b49c39ad6d], UserHandle{0} Capabilities: 54 Schemes: tel voicemail ] with handle: ComponentInfo{com.android.phone/com.android.services.telephony.TelephonyConnectionService}, [e0184adedf913b076626646d3f52c3b49c39ad6d], UserHandle{0}
10-15 17:47:52.690  1590  1590 I Telephony: PstnIncomingCallNotifier: Registering: Handler (com.android.internal.telephony.gsm.GSMPhone) {be99f32}
10-15 17:47:52.691  1590  1590 I Telephony: TelecomAccountRegistry: Unregistering phone account ComponentInfo{com.android.phone/com.android.services.telephony.TelephonyConnectionService}, [e2f7d48dd2b5ca523e7313cf4ba0f6ea830b6281], UserHandle{0}.
10-15 17:47:52.698  1613  1777 D         : HostConnection::get() New Host Connection established 0xa40feb10, tid 1777
10-15 17:47:52.703  1702  1702 W System  : ClassLoader referenced unknown path: /system/priv-app/PrebuiltGmsCore/lib/x86
10-15 17:47:52.708  1121  1681 W Telecom : : No account found for the calling user
10-15 17:47:52.717  1613  1777 I OpenGLRenderer: Initialized EGL, version 1.4
10-15 17:47:52.745  1702  1702 I MultiDex: VM with version 2.1.0 has multidex support
10-15 17:47:52.745  1702  1702 I MultiDex: install
10-15 17:47:52.745  1702  1702 I MultiDex: VM has multidex support, MultiDex support library is disabled.
10-15 17:47:52.764  1590  1590 D MccTable: updateMccMncConfiguration mccmnc='310260' fromServiceState=true
10-15 17:47:52.766  1590  1590 D MccTable: updateMccMncConfiguration defaultMccMnc=
10-15 17:47:52.766  1590  1590 D MccTable: updateMccMncConfiguration: mcc=310, mnc=260
10-15 17:47:52.766  1590  1590 D MccTable: WIFI_COUNTRY_CODE set to us
10-15 17:47:52.772  1571  1571 I GCoreNlp: shouldConfirmNlp, NLP off. Ensuring opt-in disabled
10-15 17:47:52.788  1121  1332 D WifiService: New client listening to asynchronous messages
10-15 17:47:52.788  1121  1731 I WifiService: WifiService trying to set country code to us with persist set to true
10-15 17:47:52.804  1702  1702 V JNIHelp : Registering com/google/android/gms/org/conscrypt/NativeCrypto's 240 native methods...
10-15 17:47:52.807  1121  1621 D AlarmManagerService: Kernel timezone updated to 420 minutes west of GMT
