10-15 17:47:54.511  1840  1840 D StrictMode: 	at libcore.io.IoBridge.open(IoBridge.java:441)
10-15 17:47:54.511  1840  1840 D StrictMode: 	at java.io.RandomAccessFile.<init>(RandomAccessFile.java:117)
10-15 17:47:54.511  1840  1840 D StrictMode: 	at java.io.RandomAccessFile.<init>(RandomAccessFile.java:149)
10-15 17:47:54.511  1840  1840 D StrictMode: 	at java.util.zip.ZipFile.<init>(ZipFile.java:170)
10-15 17:47:54.511  1840  1840 D StrictMode: 	at java.util.zip.ZipFile.<init>(ZipFile.java:131)
10-15 17:47:54.511  1840  1840 D StrictMode: 	at dalvik.system.DexPathList$Element.maybeInit(DexPathList.java:452)
10-15 17:47:54.511  1840  1840 D StrictMode: 	at dalvik.system.DexPathList$Element.findNativeLibrary(DexPathList.java:481)
10-15 17:47:54.511  1840  1840 D StrictMode: 	at dalvik.system.DexPathList.findLibrary(DexPathList.java:400)
10-15 17:47:54.511  1840  1840 D StrictMode: 	at dalvik.system.BaseDexClassLoader.findLibrary(BaseDexClassLoader.java:77)
10-15 17:47:54.511  1840  1840 D StrictMode: 	at java.lang.Runtime.loadLibrary(Runtime.java:361)
10-15 17:47:54.511  1840  1840 D StrictMode: 	at java.lang.System.loadLibrary(System.java:1076)
10-15 17:47:54.511  1840  1840 D StrictMode: 	at com.google.android.apps.gmm.map.util.jni.NativeHelper.initialize(PG:47)
10-15 17:47:54.511  1840  1840 D StrictMode: 	at com.google.android.apps.gmm.map.m.e.<clinit>(PG:93)
10-15 17:47:54.511  1840  1840 D StrictMode: 	at com.google.android.apps.gmm.base.app.a.a(PG:190)
10-15 17:47:54.511  1840  1840 D StrictMode: 	at com.google.android.apps.gmm.base.app.a.a(PG:1211)
10-15 17:47:54.511  1840  1840 D StrictMode: 	at com.google.android.apps.gmm.base.app.GoogleMapsApplication.a(PG:216)
10-15 17:47:54.511  1840  1840 D StrictMode: 	at com.google.android.apps.gmm.base.app.GoogleMapsApplication.onCreate(PG:170)
10-15 17:47:54.511  1840  1840 D StrictMode: 	at android.app.Instrumentation.callApplicationOnCreate(Instrumentation.java:1013)
10-15 17:47:54.511  1840  1840 D StrictMode: 	at android.app.ActivityThread.handleBindApplication(ActivityThread.java:4707)
10-15 17:47:54.511  1840  1840 D StrictMode: 	at android.app.ActivityThread.-wrap1(ActivityThread.java)
10-15 17:47:54.511  1840  1840 D StrictMode: 	at android.app.ActivityThread$H.handleMessage(ActivityThread.java:1405)
10-15 17:47:54.511  1840  1840 D StrictMode: 	at android.os.Handler.dispatchMessage(Handler.java:102)
10-15 17:47:54.511  1840  1840 D StrictMode: 	at android.os.Looper.loop(Looper.java:148)
10-15 17:47:54.511  1840  1840 D StrictMode: 	at android.app.ActivityThread.main(ActivityThread.java:5417)
10-15 17:47:54.511  1840  1840 D StrictMode: 	at java.lang.reflect.Method.invoke(Native Method)
10-15 17:47:54.511  1840  1840 D StrictMode: 	at com.android.internal.os.ZygoteInit$MethodAndArgsCaller.run(ZygoteInit.java:726)
10-15 17:47:54.511  1840  1840 D StrictMode: 	at com.android.internal.os.ZygoteInit.main(ZygoteInit.java:616)
10-15 17:47:54.511  1840  1840 D StrictMode: StrictMode policy violation; ~duration=572 ms: android.os.StrictMode$StrictModeDiskReadViolation: policy=65567 violation=2
10-15 17:47:54.511  1840  1840 D StrictMode: 	at android.os.StrictMode$AndroidBlockGuardPolicy.onReadFromDisk(StrictMode.java:1263)
10-15 17:47:54.511  1840  1840 D StrictMode: 	at libcore.io.BlockGuardOs.fstat(BlockGuardOs.java:132)
10-15 17:47:54.511  1840  1840 D StrictMode: 	at java.io.RandomAccessFile.length(RandomAccessFile.java:240)
10-15 17:47:54.511  1840  1840 D StrictMode: 	at java.util.zip.ZipFile.readCentralDir(ZipFile.java:386)
10-15 17:47:54.511  1840  1840 D StrictMode: 	at java.util.zip.ZipFile.<init>(ZipFile.java:175)
10-15 17:47:54.511  1840  1840 D StrictMode: 	at java.util.zip.ZipFile.<init>(ZipFile.java:131)
10-15 17:47:54.511  1840  1840 D StrictMode: 	at dalvik.system.DexPathList$Element.maybeInit(DexPathList.java:452)
10-15 17:47:54.511  1840  1840 D StrictMode: 	at dalvik.system.DexPathList$Element.findNativeLibrary(DexPathList.java:481)
10-15 17:47:54.511  1840  1840 D StrictMode: 	at dalvik.system.DexPathList.findLibrary(DexPathList.java:400)
10-15 17:47:54.511  1840  1840 D StrictMode: 	at dalvik.system.BaseDexClassLoader.findLibrary(BaseDexClassLoader.java:77)
10-15 17:47:54.511  1840  1840 D StrictMode: 	at java.lang.Runtime.loadLibrary(Runtime.java:361)
10-15 17:47:54.511  1840  1840 D StrictMode: 	at java.lang.System.loadLibrary(System.java:1076)
10-15 17:47:54.511  1840  1840 D StrictMode: 	at com.google.android.apps.gmm.map.util.jni.NativeHelper.initialize(PG:47)
10-15 17:47:54.511  1840  1840 D StrictMode: 	at com.google.android.apps.gmm.map.m.e.<clinit>(PG:93)
10-15 17:47:54.511  1840  1840 D StrictMode: 	at com.google.android.apps.gmm.base.app.a.a(PG:190)
10-15 17:47:54.511  1840  1840 D StrictMode: 	at com.google.android.apps.gmm.base.app.a.a(PG:1211)
10-15 17:47:54.511  1840  1840 D StrictMode: 	at com.google.android.apps.gmm.base.app.GoogleMapsApplication.a(PG:216)
10-15 17:47:54.511  1840  1840 D StrictMode: 	at com.google.android.apps.gmm.base.app.GoogleMapsApplication.onCreate(PG:170)
10-15 17:47:54.511  1840  1840 D StrictMode: 	at android.app.Instrumentation.callApplicationOnCreate(Instrumentation.java:1013)
10-15 17:47:54.511  1840  1840 D StrictMode: 	at android.app.ActivityThread.handleBindApplication(ActivityThread.java:4707)
10-15 17:47:54.511  1840  1840 D StrictMode: 	at android.app.ActivityThread.-wrap1(ActivityThread.java)
10-15 17:47:54.511  1840  1840 D StrictMode: 	at android.app.ActivityThread$H.handleMessage(ActivityThread.java:1405)
10-15 17:47:54.511  1840  1840 D StrictMode: 	at android.os.Handler.dispatchMessage(Handler.java:102)
10-15 17:47:54.511  1840  1840 D StrictMode: 	at android.os.Looper.loop(Looper.java:148)
10-15 17:47:54.511  1840  1840 D StrictMode: 	at android.app.ActivityThread.main(ActivityThread.java:5417)
10-15 17:47:54.511  1840  1840 D StrictMode: 	at java.lang.reflect.Method.invoke(Native Method)
10-15 17:47:54.511  1840  1840 D StrictMode: 	at com.android.internal.os.ZygoteInit$MethodAndArgsCaller.run(ZygoteInit.java:726)
10-15 17:47:54.511  1840  1840 D StrictMode: 	at com.android.internal.os.ZygoteInit.main(ZygoteInit.java:616)
10-15 17:47:54.511  1840  1840 D StrictMode: StrictMode policy violation; ~duration=572 ms: android.os.StrictMode$StrictModeDiskReadViolation: policy=65567 violation=2
10-15 17:47:54.511  1840  1840 D StrictMode: 	at android.os.StrictMode$AndroidBlockGuardPolicy.onReadFromDisk(StrictMode.java:1263)
10-15 17:47:54.511  1840  1840 D StrictMode: 	at libcore.io.BlockGuardOs.lseek(BlockGuardOs.java:162)
10-15 17:47:54.511  1840  1840 D StrictMode: 	at java.io.RandomAccessFile.seek(RandomAccessFile.java:603)
10-15 17:47:54.511  1840  1840 D StrictMode: 	at java.util.zip.ZipFile.readCentralDir(ZipFile.java:391)
10-15 17:47:54.511  1840  1840 D StrictMode: 	at java.util.zip.ZipFile.<init>(ZipFile.java:175)
10-15 17:47:54.511  1840  1840 D StrictMode: 	at java.util.zip.ZipFile.<init>(ZipFile.java:131)
10-15 17:47:54.511  1840  1840 D StrictMode: 	at dalvik.system.DexPathList$Element.maybeInit(DexPathList.java:452)
10-15 17:47:54.511  1840  1840 D StrictMode: 	at dalvik.system.DexPathList$Element.findNativeLibrary(DexPathList.java:481)
10-15 17:47:54.511  1840  1840 D StrictMode: 	at dalvik.system.DexPathList.findLibrary(DexPathList.java:400)
10-15 17:47:54.511  1840  1840 D StrictMode: 	at dalvik.system.BaseDexClassLoader.findLibrary(BaseDexClassLoader.java:77)
10-15 17:47:54.511  1840  1840 D StrictMode: 	at java.lang.Runtime.loadLibrary(Runtime.java:361)
10-15 17:47:54.511  1840  1840 D StrictMode: 	at java.lang.System.loadLibrary(System.java:1076)
10-15 17:47:54.511  1840  1840 D StrictMode: 	at com.google.android.apps.gmm.map.util.jni.NativeHelper.initialize(PG:47)
10-15 17:47:54.511  1840  1840 D StrictMode: 	at com.google.android.apps.gmm.map.m.e.<clinit>(PG:93)
10-15 17:47:54.511  1840  1840 D StrictMode: 	at com.google.android.apps.gmm.base.app.a.a(PG:190)
10-15 17:47:54.511  1840  1840 D StrictMode: 	at com.google.android.apps.gmm.base.app.a.a(PG:1211)
10-15 17:47:54.511  1840  1840 D StrictMode: 	at com.google.android.apps.gmm.base.app.GoogleMapsApplication.a(PG:216)
10-15 17:47:54.511  1840  1840 D StrictMode: 	at com.google.android.apps.gmm.base.app.GoogleMapsApplication.onCreate(PG:170)
10-15 17:47:54.511  1840  1840 D StrictMode: 	at android.app.Instrumentation.callApplicationOnCreate(Instrumentation.java:1013)
10-15 17:47:54.511  1840  1840 D StrictMode: 	at android.app.ActivityThread.handleBindApplication(ActivityThread.java:4707)
10-15 17:47:54.511  1840  1840 D StrictMode: 	at android.app.ActivityThread.-wrap1(ActivityThread.java)
10-15 17:47:54.511  1840  1840 D StrictMode: 	at android.app.ActivityThread$H.handleMessage(ActivityThread.java:1405)
10-15 17:47:54.511  1840  1840 D StrictMode: 	at android.os.Handler.dispatchMessage(Handler.java:102)
10-15 17:47:54.511  1840  1840 D StrictMode: 	at android.os.Looper.loop(Looper.java:148)
10-15 17:47:54.511  1840  1840 D StrictMode: 	at android.app.ActivityThread.main(ActivityThread.java:5417)
10-15 17:47:54.511  1840  1840 D StrictMode: 	at java.lang.reflect.Method.invoke(Native Method)
10-15 17:47:54.511  1840  1840 D StrictMode: 	at com.android.internal.os.ZygoteInit$MethodAndArgsCaller.run(ZygoteInit.java:726)
10-15 17:47:54.511  1840  1840 D StrictMode: 	at com.android.internal.os.ZygoteInit.main(ZygoteInit.java:616)
10-15 17:47:54.511  1840  1840 D StrictMode: StrictMode policy violation; ~duration=572 ms: android.os.StrictMode$StrictModeDiskReadViolation: policy=65567 violation=2
10-15 17:47:54.511  1840  1840 D StrictMode: 	at android.os.StrictMode$AndroidBlockGuardPolicy.onReadFromDisk(StrictMode.java:1263)
10-15 17:47:54.511  1840  1840 D StrictMode: 	at libcore.io.BlockGuardOs.read(BlockGuardOs.java:229)
10-15 17:47:54.511  1840  1840 D StrictMode: 	at libcore.io.IoBridge.read(IoBridge.java:468)
10-15 17:47:54.511  1840  1840 D StrictMode: 	at java.io.RandomAccessFile.read(RandomAccessFile.java:289)
10-15 17:47:54.511  1840  1840 D StrictMode: 	at java.io.RandomAccessFile.readFully(RandomAccessFile.java:416)
10-15 17:47:54.511  1840  1840 D StrictMode: 	at java.io.RandomAccessFile.readInt(RandomAccessFile.java:438)
10-15 17:47:54.511  1840  1840 D StrictMode: 	at java.util.zip.ZipFile.readCentralDir(ZipFile.java:392)
10-15 17:47:54.511  1840  1840 D StrictMode: 	at java.util.zip.ZipFile.<init>(ZipFile.java:175)
10-15 17:47:54.511  1840  1840 D StrictMode: 	at java.util.zip.ZipFile.<init>(ZipFile.java:131)
10-15 17:47:54.511  1840  1840 D StrictMode: 	at dalvik.system.DexPathList$Element.maybeInit(DexPathList.java:452)
10-15 17:47:54.511  1840  1840 D StrictMode: 	at dalvik.system.DexPathList$Element.findNativeLibrary(DexPathList.java:481)
10-15 17:47:54.511  1840  1840 D StrictMode: 	at dalvik.system.DexPathList.findLibrary(DexPathList.java:400)
10-15 17:47:54.511  1840  1840 D StrictMode: 	at dalvik.system.BaseDexClassLoader.findLibrary(BaseDexClassLoader.java:77)
10-15 17:47:54.511  1840  1840 D StrictMode: 	at java.lang.Runtime.loadLibrary(Runtime.java:361)
10-15 17:47:54.511  1840  1840 D StrictMode: 	at java.lang.System.loadLibrary(System.java:1076)
10-15 17:47:54.511  1840  1840 D StrictMode: 	at com.google.android.apps.gmm.map.util.jni.NativeHelper.initialize(PG:47)
10-15 17:47:54.511  1840  1840 D StrictMode: 	at com.google.android.apps.gmm.map.m.e.<clinit>(PG:93)
10-15 17:47:54.511  1840  1840 D StrictMode: 	at com.google.android.apps.gmm.base.app.a.a(PG:190)
10-15 17:47:54.511  1840  1840 D StrictMode: 	at com.google.android.apps.gmm.base.app.a.a(PG:1211)
10-15 17:47:54.511  1840  1840 D StrictMode: 	at com.google.android.apps.gmm.base.app.GoogleMapsApplication.a(PG:216)
10-15 17:47:54.511  1840  1840 D StrictMode: 	at com.google.android.apps.gmm.base.app.GoogleMapsApplication.onCreate(PG:170)
10-15 17:47:54.511  1840  1840 D StrictMode: 	at android.app.Instrumentation.callApplicationOnCreate(Instrumentation.java:1013)
10-15 17:47:54.511  1840  1840 D StrictMode: 	at android.app.ActivityThread.handleBindApplication(ActivityThread.java:4707)
10-15 17:47:54.511  1840  1840 D StrictMode: 	at android.app.ActivityThread.-wrap1(ActivityThread.java)
10-15 17:47:54.511  1840  1840 D StrictMode: 	at android.app.ActivityThread$H.handleMessage(ActivityThread.java:1405)
10-15 17:47:54.511  1840  1840 D StrictMode: 	at android.os.Handler.dispatchMessage(Handler.java:102)
10-15 17:47:54.511  1840  1840 D StrictMode: 	at android.os.Looper.loop(Looper.java:148)
10-15 17:47:54.511  1840  1840 D StrictMode: 	at android.app.ActivityThread.main(ActivityThread.java:5417)
10-15 17:47:54.511  1840  1840 D StrictMode: 	at java.lang.reflect.Method.invoke(Native Method)
10-15 17:47:54.511  1840  1840 D StrictMode: 	at com.android.internal.os.ZygoteInit$MethodAndArgsCaller.run(ZygoteInit.java:726)
10-15 17:47:54.511  1840  1840 D StrictMode: 	at com.android.internal.os.ZygoteInit.main(ZygoteInit.java:616)
10-15 17:47:54.511  1840  1840 D StrictMode: StrictMode policy violation; ~duration=571 ms: android.os.StrictMode$StrictModeDiskReadViolation: policy=65567 violation=2
10-15 17:47:54.511  1840  1840 D StrictMode: 	at android.os.StrictMode$AndroidBlockGuardPolicy.onReadFromDisk(StrictMode.java:1263)
10-15 17:47:54.511  1840  1840 D StrictMode: 	at libcore.io.BlockGuardOs.lseek(BlockGuardOs.java:162)
10-15 17:47:54.511  1840  1840 D StrictMode: 	at java.io.RandomAccessFile.seek(RandomAccessFile.java:603)
10-15 17:47:54.511  1840  1840 D StrictMode: 	at java.util.zip.ZipFile.readCentralDir(ZipFile.java:407)
10-15 17:47:54.511  1840  1840 D StrictMode: 	at java.util.zip.ZipFile.<init>(ZipFile.java:175)
10-15 17:47:54.511  1840  1840 D StrictMode: 	at java.util.zip.ZipFile.<init>(ZipFile.java:131)
10-15 17:47:54.511  1840  1840 D StrictMode: 	at dalvik.system.DexPathList$Element.maybeInit(DexPathList.java:452)
10-15 17:47:54.511  1840  1840 D StrictMode: 	at dalvik.system.DexPathList$Element.findNativeLibrary(DexPathList.java:481)
10-15 17:47:54.511  1840  1840 D StrictMode: 	at dalvik.system.DexPathList.findLibrary(DexPathList.java:400)
10-15 17:47:54.511  1840  1840 D StrictMode: 	at dalvik.system.BaseDexClassLoader.findLibrary(BaseDexClassLoader.java:77)
10-15 17:47:54.511  1840  1840 D StrictMode: 	at java.lang.Runtime.loadLibrary(Runtime.java:361)
10-15 17:47:54.511  1840  1840 D StrictMode: 	at java.lang.System.loadLibrary(System.java:1076)
10-15 17:47:54.511  1840  1840 D StrictMode: 	at com.google.android.apps.gmm.map.util.jni.NativeHelper.initialize(PG:47)
10-15 17:47:54.511  1840  1840 D StrictMode: 	at com.google.android.apps.gmm.map.m.e.<clinit>(PG:93)
10-15 17:47:54.511  1840  1840 D StrictMode: 	at com.google.android.apps.gmm.base.app.a.a(PG:190)
10-15 17:47:54.511  1840  1840 D StrictMode: 	at com.google.android.apps.gmm.base.app.a.a(PG:1211)
10-15 17:47:54.511  1840  1840 D StrictMode: 	at com.google.android.apps.gmm.base.app.GoogleMapsApplication.a(PG:216)
10-15 17:47:54.511  1840  1840 D StrictMode: 	at com.google.android.apps.gmm.base.app.GoogleMapsApplication.onCreate(PG:170)
10-15 17:47:54.511  1840  1840 D StrictMode: 	at android.app.Instrumentation.callApplicationOnCreate(Instrumentation.java:1013)
10-15 17:47:54.511  1840  1840 D StrictMode: 	at android.app.ActivityThread.handleBindApplication(ActivityThread.java:4707)
10-15 17:47:54.511  1840  1840 D StrictMode: 	at android.app.ActivityThread.-wrap1(ActivityThread.java)
10-15 17:47:54.511  1840  1840 D StrictMode: 	at android.app.ActivityThread$H.handleMessage(ActivityThread.java:1405)
10-15 17:47:54.511  1840  1840 D StrictMode: 	at android.os.Handler.dispatchMessage(Handler.java:102)
10-15 17:47:54.511  1840  1840 D StrictMode: 	at android.os.Looper.loop(Looper.java:148)
10-15 17:47:54.511  1840  1840 D StrictMode: 	at android.app.ActivityThread.main(ActivityThread.java:5417)
10-15 17:47:54.511  1840  1840 D StrictMode: 	at java.lang.reflect.Method.invoke(Native Method)
10-15 17:47:54.511  1840  1840 D StrictMode: 	at com.android.internal.os.ZygoteInit$MethodAndArgsCaller.run(ZygoteInit.java:726)
10-15 17:47:54.511  1840  1840 D StrictMode: 	at com.android.internal.os.ZygoteInit.main(ZygoteInit.java:616)
10-15 17:47:54.511  1840  1840 D StrictMode: StrictMode policy violation; ~duration=571 ms: android.os.StrictMode$StrictModeDiskReadViolation: policy=65567 violation=2
10-15 17:47:54.511  1840  1840 D StrictMode: 	at android.os.StrictMode$AndroidBlockGuardPolicy.onReadFromDisk(StrictMode.java:1263)
10-15 17:47:54.511  1840  1840 D StrictMode: 	at libcore.io.BlockGuardOs.read(BlockGuardOs.java:229)
10-15 17:47:54.511  1840  1840 D StrictMode: 	at libcore.io.IoBridge.read(IoBridge.java:468)
10-15 17:47:54.511  1840  1840 D StrictMode: 	at java.io.RandomAccessFile.read(RandomAccessFile.java:289)
10-15 17:47:54.511  1840  1840 D StrictMode: 	at java.io.RandomAccessFile.readFully(RandomAccessFile.java:416)
10-15 17:47:54.511  1840  1840 D StrictMode: 	at java.io.RandomAccessFile.readInt(RandomAccessFile.java:438)
10-15 17:47:54.511  1840  1840 D StrictMode: 	at java.util.zip.ZipFile.readCentralDir(ZipFile.java:408)
10-15 17:47:54.511  1840  1840 D StrictMode: 	at java.util.zip.ZipFile.<init>(ZipFile.java:175)
10-15 17:47:54.511  1840  1840 D StrictMode: 	at java.util.zip.ZipFile.<init>(ZipFile.java:131)
10-15 17:47:54.511  1840  1840 D StrictMode: 	at dalvik.system.DexPathList$Element.maybeInit(DexPathList.java:452)
10-15 17:47:54.511  1840  1840 D StrictMode: 	at dalvik.system.DexPathList$Element.findNativeLibrary(DexPathList.java:481)
10-15 17:47:54.511  1840  1840 D StrictMode: 	at dalvik.system.DexPathList.findLibrary(DexPathList.java:400)
10-15 17:47:54.511  1840  1840 D StrictMode: 	at dalvik.system.BaseDexClassLoader.findLibrary(BaseDexClassLoader.java:77)
10-15 17:47:54.511  1840  1840 D StrictMode: 	at java.lang.Runtime.loadLibrary(Runtime.java:361)
10-15 17:47:54.511  1840  1840 D StrictMode: 	at java.lang.System.loadLibrary(System.java:1076)
10-15 17:47:54.511  1840  1840 D StrictMode: 	at com.google.android.apps.gmm.map.util.jni.NativeHelper.initialize(PG:47)
10-15 17:47:54.511  1840  1840 D StrictMode: 	at com.google.android.apps.gmm.map.m.e.<clinit>(PG:93)
10-15 17:47:54.511  1840  1840 D StrictMode: 	at com.google.android.apps.gmm.base.app.a.a(PG:190)
10-15 17:47:54.511  1840  1840 D StrictMode: 	at com.google.android.apps.gmm.base.app.a.a(PG:1211)
10-15 17:47:54.511  1840  1840 D StrictMode: 	at com.google.android.apps.gmm.base.app.GoogleMapsApplication.a(PG:216)
10-15 17:47:54.511  1840  1840 D StrictMode: 	at com.google.android.apps.gmm.base.app.GoogleMapsApplication.onCreate(PG:170)
10-15 17:47:54.511  1840  1840 D StrictMode: 	at android.app.Instrumentation.callApplicationOnCreate(Instrumentation.java:1013)
10-15 17:47:54.511  1840  1840 D StrictMode: 	at android.app.ActivityThread.handleBindApplication(ActivityThread.java:4707)
10-15 17:47:54.511  1840  1840 D StrictMode: 	at android.app.ActivityThread.-wrap1(ActivityThread.java)
10-15 17:47:54.511  1840  1840 D StrictMode: 	at android.app.ActivityThread$H.handleMessage(ActivityThread.java:1405)
10-15 17:47:54.511  1840  1840 D StrictMode: 	at android.os.Handler.dispatchMessage(Handler.java:102)
10-15 17:47:54.511  1840  1840 D StrictMode: 	at android.os.Looper.loop(Looper.java:148)
10-15 17:47:54.511  1840  1840 D StrictMode: 	at android.app.ActivityThread.main(ActivityThread.java:5417)
10-15 17:47:54.511  1840  1840 D StrictMode: 	at java.lang.reflect.Method.invoke(Native Method)
10-15 17:47:54.511  1840  1840 D StrictMode: 	at com.android.internal.os.ZygoteInit$MethodAndArgsCaller.run(ZygoteInit.java:726)
10-15 17:47:54.511  1840  1840 D StrictMode: 	at com.android.internal.os.ZygoteInit.main(ZygoteInit.java:616)
10-15 17:47:54.511  1840  1840 D StrictMode: StrictMode policy violation; ~duration=555 ms: android.os.StrictMode$StrictModeDiskReadViolation: policy=65567 violation=2
10-15 17:47:54.511  1840  1840 D StrictMode: 	at android.os.StrictMode$AndroidBlockGuardPolicy.onReadFromDisk(StrictMode.java:1263)
10-15 17:47:54.511  1840  1840 D StrictMode: 	at libcore.io.BlockGuardOs.lseek(BlockGuardOs.java:162)
10-15 17:47:54.511  1840  1840 D StrictMode: 	at java.io.RandomAccessFile.seek(RandomAccessFile.java:603)
10-15 17:47:54.511  1840  1840 D StrictMode: 	at java.util.zip.Zip64.parseZip64EocdRecordLocator(Zip64.java:98)
10-15 17:47:54.511  1840  1840 D StrictMode: 	at java.util.zip.ZipFile.readCentralDir(ZipFile.java:419)
10-15 17:47:54.511  1840  1840 D StrictMode: 	at java.util.zip.ZipFile.<init>(ZipFile.java:175)
10-15 17:47:54.511  1840  1840 D StrictMode: 	at java.util.zip.ZipFile.<init>(ZipFile.java:131)
10-15 17:47:54.511  1840  1840 D StrictMode: 	at dalvik.system.DexPathList$Element.maybeInit(DexPathList.java:452)
10-15 17:47:54.511  1840  1840 D StrictMode: 	at dalvik.system.DexPathList$Element.findNativeLibrary(DexPathList.java:481)
10-15 17:47:54.511  1840  1840 D StrictMode: 	at dalvik.system.DexPathList.findLibrary(DexPathList.java:400)
10-15 17:47:54.511  1840  1840 D StrictMode: 	at dalvik.system.BaseDexClassLoader.findLibrary(BaseDexClassLoader.java:77)
10-15 17:47:54.511  1840  1840 D StrictMode: 	at java.lang.Runtime.loadLibrary(Runtime.java:361)
10-15 17:47:54.511  1840  1840 D StrictMode: 	at java.lang.System.loadLibrary(System.java:1076)
10-15 17:47:54.511  1840  1840 D StrictMode: 	at com.google.android.apps.gmm.map.util.jni.NativeHelper.initialize(PG:47)
10-15 17:47:54.511  1840  1840 D StrictMode: 	at com.google.android.apps.gmm.map.m.e.<clinit>(PG:93)
10-15 17:47:54.511  1840  1840 D StrictMode: 	at com.google.android.apps.gmm.base.app.a.a(PG:190)
10-15 17:47:54.511  1840  1840 D StrictMode: 	at com.google.android.apps.gmm.base.app.a.a(PG:1211)
10-15 17:47:54.511  1840  1840 D StrictMode: 	at com.google.android.apps.gmm.base.app.GoogleMapsApplication.a(PG:216)
10-15 17:47:54.511  1840  1840 D StrictMode: 	at com.google.android.apps.gmm.base.app.GoogleMapsApplication.onCreate(PG:170)
10-15 17:47:54.511  1840  1840 D StrictMode: 	at android.app.Instrumentation.callApplicationOnCreate(Instrumentation.java:1013)
10-15 17:47:54.511  1840  1840 D StrictMode: 	at android.app.ActivityThread.handleBindApplication(ActivityThread.java:4707)
10-15 17:47:54.511  1840  1840 D StrictMode: 	at android.app.ActivityThread.-wrap1(ActivityThread.java)
10-15 17:47:54.511  1840  1840 D StrictMode: 	at android.app.ActivityThread$H.handleMessage(ActivityThread.java:1405)
10-15 17:47:54.511  1840  1840 D StrictMode: 	at android.os.Handler.dispatchMessage(Handler.java:102)
10-15 17:47:54.511  1840  1840 D StrictMode: 	at android.os.Looper.loop(Looper.java:148)
10-15 17:47:54.511  1840  1840 D StrictMode: 	at android.app.ActivityThread.main(ActivityThread.java:5417)
10-15 17:47:54.511  1840  1840 D StrictMode: 	at java.lang.reflect.Method.invoke(Native Method)
10-15 17:47:54.511  1840  1840 D StrictMode: 	at com.android.internal.os.ZygoteInit$MethodAndArgsCaller.run(ZygoteInit.java:726)
10-15 17:47:54.511  1840  1840 D StrictMode: 	at com.android.internal.os.ZygoteInit.main(ZygoteInit.java:616)
10-15 17:47:54.511  1840  1840 D StrictMode: StrictMode policy violation; ~duration=555 ms: android.os.StrictMode$StrictModeDiskReadViolation: policy=65567 violation=2
10-15 17:47:54.511  1840  1840 D StrictMode: 	at android.os.StrictMode$AndroidBlockGuardPolicy.onReadFromDisk(StrictMode.java:1263)
10-15 17:47:54.511  1840  1840 D StrictMode: 	at libcore.io.BlockGuardOs.read(BlockGuardOs.java:229)
10-15 17:47:54.511  1840  1840 D StrictMode: 	at libcore.io.IoBridge.read(IoBridge.java:468)
10-15 17:47:54.511  1840  1840 D StrictMode: 	at java.io.RandomAccessFile.read(RandomAccessFile.java:289)
10-15 17:47:54.511  1840  1840 D StrictMode: 	at java.io.RandomAccessFile.readFully(RandomAccessFile.java:416)
10-15 17:47:54.511  1840  1840 D StrictMode: 	at java.io.RandomAccessFile.readInt(RandomAccessFile.java:438)
10-15 17:47:54.511  1840  1840 D StrictMode: 	at java.util.zip.Zip64.parseZip64EocdRecordLocator(Zip64.java:99)
10-15 17:47:54.511  1840  1840 D StrictMode: 	at java.util.zip.ZipFile.readCentralDir(ZipFile.java:419)
10-15 17:47:54.511  1840  1840 D StrictMode: 	at java.util.zip.ZipFile.<init>(ZipFile.java:175)
10-15 17:47:54.511  1840  1840 D StrictMode: 	at java.util.zip.ZipFile.<init>(ZipFile.java:131)
10-15 17:47:54.511  1840  1840 D StrictMode: 	at dalvik.system.DexPathList$Element.maybeInit(DexPathList.java:452)
10-15 17:47:54.511  1840  1840 D StrictMode: 	at dalvik.system.DexPathList$Element.findNativeLibrary(DexPathList.java:481)
10-15 17:47:54.511  1840  1840 D StrictMode: 	at dalvik.system.DexPathList.findLibrary(DexPathList.java:400)
10-15 17:47:54.511  1840  1840 D StrictMode: 	at dalvik.system.BaseDexClassLoader.findLibrary(BaseDexClassLoader.java:77)
10-15 17:47:54.511  1840  1840 D StrictMode: 	at java.lang.Runtime.loadLibrary(Runtime.java:361)
10-15 17:47:54.511  1840  1840 D StrictMode: 	at java.lang.System.loadLibrary(System.java:1076)
10-15 17:47:54.511  1840  1840 D StrictMode: 	at com.google.android.apps.gmm.map.util.jni.NativeHelper.initialize(PG:47)
10-15 17:47:54.511  1840  1840 D StrictMode: 	at com.google.android.apps.gmm.map.m.e.<clinit>(PG:93)
10-15 17:47:54.511  1840  1840 D StrictMode: 	at com.google.android.apps.gmm.base.app.a.a(PG:190)
10-15 17:47:54.511  1840  1840 D StrictMode: 	at com.google.android.apps.gmm.base.app.a.a(PG:1211)
10-15 17:47:54.511  1840  1840 D StrictMode: 	at com.google.android.apps.gmm.base.app.GoogleMapsApplication.a(PG:216)
10-15 17:47:54.511  1840  1840 D StrictMode: 	at com.google.android.apps.gmm.base.app.GoogleMapsApplication.onCreate(PG:170)
10-15 17:47:54.511  1840  1840 D StrictMode: 	at android.app.Instrumentation.callApplicationOnCreate(Instrumentation.java:1013)
10-15 17:47:54.511  1840  1840 D StrictMode: 	at android.app.ActivityThread.handleBindApplication(ActivityThread.java:4707)
10-15 17:47:54.511  1840  1840 D StrictMode: 	at android.app.ActivityThread.-wrap1(ActivityThread.java)
10-15 17:47:54.511  1840  1840 D StrictMode: 	at android.app.ActivityThread$H.handleMessage(ActivityThread.java:1405)
10-15 17:47:54.511  1840  1840 D StrictMode: 	at android.os.Handler.dispatchMessage(Handler.java:102)
10-15 17:47:54.511  1840  1840 D StrictMode: 	at android.os.Looper.loop(Looper.java:148)
10-15 17:47:54.511  1840  1840 D StrictMode: 	at android.app.ActivityThread.main(ActivityThread.java:5417)
10-15 17:47:54.511  1840  1840 D StrictMode: 	at java.lang.reflect.Method.invoke(Native Method)
10-15 17:47:54.511  1840  1840 D StrictMode: 	at com.android.internal.os.ZygoteInit$MethodAndArgsCaller.run(ZygoteInit.java:726)
10-15 17:47:54.511  1840  1840 D StrictMode: 	at com.android.internal.os.ZygoteInit.main(ZygoteInit.java:616)
10-15 17:47:54.511  1840  1840 D StrictMode: StrictMode policy violation; ~duration=555 ms: android.os.StrictMode$StrictModeDiskReadViolation: policy=65567 violation=2
10-15 17:47:54.511  1840  1840 D StrictMode: 	at android.os.StrictMode$AndroidBlockGuardPolicy.onReadFromDisk(StrictMode.java:1263)
10-15 17:47:54.511  1840  1840 D StrictMode: 	at libcore.io.BlockGuardOs.lseek(BlockGuardOs.java:162)
10-15 17:47:54.511  1840  1840 D StrictMode: 	at java.io.RandomAccessFile.seek(RandomAccessFile.java:603)
10-15 17:47:54.511  1840  1840 D StrictMode: 	at java.util.zip.ZipFile.parseEocdRecord(ZipFile.java:458)
10-15 17:47:54.511  1840  1840 D StrictMode: 	at java.util.zip.ZipFile.readCentralDir(ZipFile.java:423)
10-15 17:47:54.511  1840  1840 D StrictMode: 	at java.util.zip.ZipFile.<init>(ZipFile.java:175)
10-15 17:47:54.511  1840  1840 D StrictMode: 	at java.util.zip.ZipFile.<init>(ZipFile.java:131)
10-15 17:47:54.511  1840  1840 D StrictMode: 	at dalvik.system.DexPathList$Element.maybeInit(DexPathList.java:452)
10-15 17:47:54.511  1840  1840 D StrictMode: 	at dalvik.system.DexPathList$Element.findNativeLibrary(DexPathList.java:481)
10-15 17:47:54.511  1840  1840 D StrictMode: 	at dalvik.system.DexPathList.findLibrary(DexPathList.java:400)
10-15 17:47:54.511  1840  1840 D StrictMode: 	at dalvik.system.BaseDexClassLoader.findLibrary(BaseDexClassLoader.java:77)
10-15 17:47:54.511  1840  1840 D StrictMode: 	at java.lang.Runtime.loadLibrary(Runtime.java:361)
10-15 17:47:54.511  1840  1840 D StrictMode: 	at java.lang.System.loadLibrary(System.java:1076)
10-15 17:47:54.511  1840  1840 D StrictMode: 	at com.google.android.apps.gmm.map.util.jni.NativeHelper.initialize(PG:47)
10-15 17:47:54.511  1840  1840 D StrictMode: 	at com.google.android.apps.gmm.map.m.e.<clinit>(PG:93)
10-15 17:47:54.511  1840  1840 D StrictMode: 	at com.google.android.apps.gmm.base.app.a.a(PG:190)
10-15 17:47:54.511  1840  1840 D StrictMode: 	at com.google.android.apps.gmm.base.app.a.a(PG:1211)
10-15 17:47:54.511  1840  1840 D StrictMode: 	at com.google.android.apps.gmm.base.app.GoogleMapsApplication.a(PG:216)
10-15 17:47:54.511  1840  1840 D StrictMode: 	at com.google.android.apps.gmm.base.app.GoogleMapsApplication.onCreate(PG:170)
10-15 17:47:54.511  1840  1840 D StrictMode: 	at android.app.Instrumentation.callApplicationOnCreate(Instrumentation.java:1013)
10-15 17:47:54.511  1840  1840 D StrictMode: 	at android.app.ActivityThread.handleBindApplication(ActivityThread.java:4707)
10-15 17:47:54.511  1840  1840 D StrictMode: 	at android.app.ActivityThread.-wrap1(ActivityThread.java)
10-15 17:47:54.511  1840  1840 D StrictMode: 	at android.app.ActivityThread$H.handleMessage(ActivityThread.java:1405)
10-15 17:47:54.511  1840  1840 D StrictMode: 	at android.os.Handler.dispatchMessage(Handler.java:102)
10-15 17:47:54.511  1840  1840 D StrictMode: 	at android.os.Looper.loop(Looper.java:148)
10-15 17:47:54.511  1840  1840 D StrictMode: 	at android.app.ActivityThread.main(ActivityThread.java:5417)
10-15 17:47:54.511  1840  1840 D StrictMode: 	at java.lang.reflect.Method.invoke(Native Method)
10-15 17:47:54.511  1840  1840 D StrictMode: 	at com.android.internal.os.ZygoteInit$MethodAndArgsCaller.run(ZygoteInit.java:726)
10-15 17:47:54.511  1840  1840 D StrictMode: 	at com.android.internal.os.ZygoteInit.main(ZygoteInit.java:616)
10-15 17:47:54.519  1571  1571 I GCoreUlr: DispatchingService.onDestroy()
10-15 17:47:54.519  1571  1571 I GCoreUlr: Stopping handler for UlrDispSvcFast
10-15 17:47:54.523  1571  1571 I GCoreUlr: Unbound from all location providers
10-15 17:47:54.560  1121  1121 I AccountManagerService: getTypesVisibleToCaller: isPermitted? true
10-15 17:47:54.578  1719  1719 D MediaScannerReceiver: action: android.intent.action.MEDIA_MOUNTED path: /storage/0900-1C07
10-15 17:47:54.583  1954  1954 I art     : Late-enabling JIT
10-15 17:47:54.584  1954  1954 I art     : JIT created with code_cache_capacity=2MB compile_threshold=1000
10-15 17:47:54.598  1121  1439 I AccountManagerService: getTypesVisibleToCaller: isPermitted? false
10-15 17:47:54.606  1121  1121 I ActivityManager: Start proc 1954:com.android.deskclock/u0a24 for broadcast com.android.deskclock/com.android.alarmclock.AnalogAppWidgetProvider
10-15 17:47:54.609  1840  1859 W art     : Suspending all threads took: 10.872ms
10-15 17:47:54.614  1121  1848 I AccountManagerService: getTypesVisibleToCaller: isPermitted? true
10-15 17:47:54.615  1954  1954 W System  : ClassLoader referenced unknown path: /system/app/DeskClock/lib/x86
10-15 17:47:54.633  1970  1970 I art     : Late-enabling JIT
10-15 17:47:54.635  1970  1970 I art     : JIT created with code_cache_capacity=2MB compile_threshold=1000
10-15 17:47:54.651  1840  1935 W com.google.a.a.b.d.a: Application name is not set. Call Builder#setApplicationName.
10-15 17:47:54.657  1121  1678 I ActivityManager: Start proc 1970:com.android.quicksearchbox/u0a46 for broadcast com.android.quicksearchbox/.SearchWidgetProvider
10-15 17:47:54.662  1563  1636 I LatinIME:LogUtils: Dictionary info: dictionary = userunigram.en_US ; version = 1444956474 ; date = ?
10-15 17:47:54.667  1563  1636 I LatinIME:LogUtils: Dictionary info: dictionary = UserHistoryDictionary.en_US ; version = 1444956474 ; date = ?
10-15 17:47:54.674  1970  1970 W System  : ClassLoader referenced unknown path: /system/app/QuickSearchBox/lib/x86
10-15 17:47:54.685  1571  1896 W Settings: Setting airplane_mode_on has moved from android.provider.Settings.System to android.provider.Settings.Global, returning read-only value.
10-15 17:47:54.686  1563  1636 I LatinIME:LogUtils: Dictionary info: dictionary = main:en ; version = 54 ; date = 1414726273
10-15 17:47:54.695  1988  1988 I art     : Late-enabling JIT
10-15 17:47:54.698  1988  1988 I art     : JIT created with code_cache_capacity=2MB compile_threshold=1000
10-15 17:47:54.716  1121  1135 I ActivityManager: Start proc 1988:com.android.settings/1000 for broadcast com.android.settings/.sim.SimSelectNotification
10-15 17:47:54.722  1571  1896 W Settings: Setting airplane_mode_on has moved from android.provider.Settings.System to android.provider.Settings.Global, returning read-only value.
10-15 17:47:54.722  1988  1988 W System  : ClassLoader referenced unknown path: /system/priv-app/Settings/lib/x86
10-15 17:47:54.751  2004  2004 I art     : Late-enabling JIT
10-15 17:47:54.753  2004  2004 I art     : JIT created with code_cache_capacity=2MB compile_threshold=1000
10-15 17:47:54.754  1840  1935 E BluetoothAdapter: Bluetooth binder is null
10-15 17:47:54.755  1719  1960 W MediaScanner: Error opening directory '/storage/0900-1C07/.android_secure/', skipping: Permission denied.
10-15 17:47:54.767  1719  1960 V MediaScanner: pruneDeadThumbnailFiles... android.database.sqlite.SQLiteCursor@658d13b
10-15 17:47:54.767  1719  1960 V MediaScanner: /pruneDeadThumbnailFiles... android.database.sqlite.SQLiteCursor@658d13b
10-15 17:47:54.776  1121  1134 I ActivityManager: Start proc 2004:com.android.calendar/u0a20 for broadcast com.android.calendar/.widget.CalendarAppWidgetService$CalendarFactory
10-15 17:47:54.785  2004  2004 W System  : ClassLoader referenced unknown path: /system/app/Calendar/lib/x86
10-15 17:47:54.801  2004  2004 D ExtensionsFactory: No custom extensions.
10-15 17:47:54.814  1954  1954 V AlarmClock: AlarmInitReceiver android.intent.action.TIMEZONE_CHANGED
10-15 17:47:54.854  1954  2026 V AlarmClock: AlarmInitReceiver finished
10-15 17:47:54.883  1954  1954 V AlarmClock: AlarmInitReceiver android.intent.action.TIME_SET
10-15 17:47:54.909  1954  2026 V AlarmClock: AlarmInitReceiver finished
10-15 17:47:54.916  1702  1702 D GCM     : COMPAT: Multi user not supported
10-15 17:47:54.948  1702  1702 I GCM     : GCM config loaded
10-15 17:47:54.952  1702  1702 D AuthorizationBluetoothService: Received GmsCore event: Intent { act=com.google.android.gms.INITIALIZE flg=0x10 pkg=com.google.android.gms cmp=com.google.android.gms/.auth.be.proximity.authorization.bt.AuthorizationBluetoothService$AutoStarter }.
10-15 17:47:54.956  1702  1702 D a       : Opening database auth.proximity.permit_store...
10-15 17:47:54.975  1702  2045 D GCM     : GcmService start Intent { act=com.google.android.gms.INITIALIZE flg=0x10 pkg=com.google.android.gms cmp=com.google.android.gms/.gcm.GcmService } com.google.android.gms.INITIALIZE
10-15 17:47:54.978  1702  1702 V GLSActivity: AuthDelegateWrapperCreated with selected intent: Intent { cmp=com.google.android.gms/.auth.DefaultAuthDelegateService }
10-15 17:47:54.979  1702  1702 V GLSActivity: AuthDelegateWrapperCreated with selected intent: Intent { cmp=com.google.android.gms/.auth.DefaultAuthDelegateService }
10-15 17:47:54.982  1802  1802 V GmsCoreStatsServiceLauncher: Received broadcast intent Intent { act=com.google.android.gms.INITIALIZE flg=0x10 pkg=com.google.android.gms cmp=com.google.android.gms/.common.stats.GmsCoreStatsServiceLauncher }
10-15 17:47:54.992  1121  1807 I AccountManagerService: getTypesVisibleToCaller: isPermitted? true
10-15 17:47:54.992  1121  1848 I AccountManagerService: getTypesVisibleToCaller: isPermitted? true
10-15 17:47:54.993  1121  1679 I AccountManagerService: getTypesVisibleToCaller: isPermitted? true
10-15 17:47:55.004  1571  1571 E GmsWearableLS: GoogleApiClient connection failed: ConnectionResult{statusCode=API_UNAVAILABLE, resolution=null, message=null}
10-15 17:47:55.039  1571  2055 E MDM     : [67] b.run: Couldn't connect to Google API client: ConnectionResult{statusCode=API_UNAVAILABLE, resolution=null, message=null}
10-15 17:47:55.069  1802  2061 D LocationInitializer: Restart initialization of location
10-15 17:47:55.086  1121  1154 W WindowManager: App freeze timeout expired.
10-15 17:47:55.094  1702  1702 D AuthorizationBluetoothService: Received GmsCore event: Intent { act=com.google.android.gms.INITIALIZE flg=0x10 pkg=com.google.android.gms cmp=com.google.android.gms/.auth.be.proximity.authorization.bt.AuthorizationBluetoothService$AutoStarter }.
10-15 17:47:55.097  1121  1679 I AccountManagerService: getTypesVisibleToCaller: isPermitted? true
10-15 17:47:55.099  1702  1702 V GLSActivity: AuthDelegateWrapperCreated with selected intent: Intent { cmp=com.google.android.gms/.auth.DefaultAuthDelegateService }
10-15 17:47:55.099  1802  1802 V GmsCoreStatsServiceLauncher: Received broadcast intent Intent { act=com.google.android.gms.INITIALIZE flg=0x10 pkg=com.google.android.gms cmp=com.google.android.gms/.common.stats.GmsCoreStatsServiceLauncher }
10-15 17:47:55.107  1571  2071 E MDM     : [69] b.run: Couldn't connect to Google API client: ConnectionResult{statusCode=API_UNAVAILABLE, resolution=null, message=null}
10-15 17:47:55.107  1802  2072 D LocationInitializer: Restart initialization of location
10-15 17:47:55.120  1702  1702 D AuthorizationBluetoothService: Received GmsCore event: Intent { act=com.google.android.gms.INITIALIZE flg=0x10 pkg=com.google.android.gms cmp=com.google.android.gms/.auth.be.proximity.authorization.bt.AuthorizationBluetoothService$AutoStarter }.
10-15 17:47:55.122  1802  1802 V GmsCoreStatsServiceLauncher: Received broadcast intent Intent { act=com.google.android.gms.INITIALIZE flg=0x10 pkg=com.google.android.gms cmp=com.google.android.gms/.common.stats.GmsCoreStatsServiceLauncher }
10-15 17:47:55.126  1571  2055 E MDM     : [67] b.run: Couldn't connect to Google API client: ConnectionResult{statusCode=API_UNAVAILABLE, resolution=null, message=null}
10-15 17:47:55.132  2075  2075 I art     : Late-enabling JIT
10-15 17:47:55.134  2075  2075 I art     : JIT created with code_cache_capacity=2MB compile_threshold=1000
10-15 17:47:55.134  1121  1135 I AccountManagerService: getTypesVisibleToCaller: isPermitted? true
10-15 17:47:55.135  1121  1848 I AccountManagerService: getTypesVisibleToCaller: isPermitted? true
10-15 17:47:55.135  1121  1439 I AccountManagerService: getTypesVisibleToCaller: isPermitted? true
10-15 17:47:55.135  1702  2067 D GCM     : GcmService start Intent { act=com.google.android.gms.INITIALIZE flg=0x10 pkg=com.google.android.gms cmp=com.google.android.gms/.gcm.GcmService } com.google.android.gms.INITIALIZE
10-15 17:47:55.140  1702  2067 D GCM     : GcmService start Intent { act=com.google.android.gms.INITIALIZE flg=0x10 pkg=com.google.android.gms cmp=com.google.android.gms/.gcm.GcmService } com.google.android.gms.INITIALIZE
10-15 17:47:55.147  1702  2062 E copresGcore: WifiMedium: Wifi is not supported!!
10-15 17:47:55.149  1702  2062 E BluetoothAdapter: Bluetooth binder is null
10-15 17:47:55.156  1121  1587 I ActivityManager: Start proc 2075:com.google.android.apps.messaging/u0a43 for broadcast com.google.android.apps.messaging/.receiver.DefaultSmsSubscriptionChangeReceiver
10-15 17:47:55.158  1802  2074 D LocationInitializer: Restart initialization of location
10-15 17:47:55.161  1121  1680 I AccountManagerService: getTypesVisibleToCaller: isPermitted? true
10-15 17:47:55.162  1121  1134 I AccountManagerService: getTypesVisibleToCaller: isPermitted? true
10-15 17:47:55.162  1121  1439 I AccountManagerService: getTypesVisibleToCaller: isPermitted? true
10-15 17:47:55.167  2075  2075 W System  : ClassLoader referenced unknown path: /system/app/PrebuiltBugle/lib/x86
10-15 17:47:55.202  1121  1135 I AccountManagerService: getTypesVisibleToCaller: isPermitted? true
10-15 17:47:55.222  1121  1807 I AccountManagerService: getTypesVisibleToCaller: isPermitted? true
10-15 17:47:55.246  1702  2062 E copresGcore: ObfuscatedGaiaIdLookup: Could not load ObfuscatedGaiaIds: /data/user/0/com.google.android.gms/files/copresence_gaia_id: open failed: ENOENT (No such file or directory)
10-15 17:47:55.246  1121  1679 I AccountManagerService: getTypesVisibleToCaller: isPermitted? true
10-15 17:47:55.312  2075  2075 W VideoCapabilities: Unrecognized profile/level 0/0 for video/mpeg2
10-15 17:47:55.312  2075  2075 W VideoCapabilities: Unrecognized profile/level 0/2 for video/mpeg2
10-15 17:47:55.312  2075  2075 W VideoCapabilities: Unrecognized profile/level 0/3 for video/mpeg2
10-15 17:47:55.316  2075  2075 I VideoCapabilities: Unsupported profile 4 for video/mp4v-es
10-15 17:47:55.340  1702  2045 D GCM     : GcmService start Intent { act=com.google.android.gms.INITIALIZE flg=0x10 pkg=com.google.android.gms cmp=com.google.android.gms/.gcm.GcmService } com.google.android.gms.INITIALIZE
10-15 17:47:55.340  1702  1702 D AuthorizationBluetoothService: Received GmsCore event: Intent { act=com.google.android.gms.INITIALIZE flg=0x10 pkg=com.google.android.gms cmp=com.google.android.gms/.auth.be.proximity.authorization.bt.AuthorizationBluetoothService$AutoStarter }.
10-15 17:47:55.371  2075  2093 I art     : Note: end time exceeds epoch: 
10-15 17:47:55.376  1702  1702 V GLSActivity: AuthDelegateWrapperCreated with selected intent: Intent { cmp=com.google.android.gms/.auth.DefaultAuthDelegateService }
10-15 17:47:55.376  1702  1702 V GLSActivity: AuthDelegateWrapperCreated with selected intent: Intent { cmp=com.google.android.gms/.auth.DefaultAuthDelegateService }
10-15 17:47:55.376  1802  1802 V GmsCoreStatsServiceLauncher: Received broadcast intent Intent { act=com.google.android.gms.INITIALIZE flg=0x10 pkg=com.google.android.gms cmp=com.google.android.gms/.common.stats.GmsCoreStatsServiceLauncher }
10-15 17:47:55.380  1571  2071 E MDM     : [69] b.run: Couldn't connect to Google API client: ConnectionResult{statusCode=API_UNAVAILABLE, resolution=null, message=null}
10-15 17:47:55.383  1802  2106 D LocationInitializer: Restart initialization of location
10-15 17:47:55.387  1121  1680 I AccountManagerService: getTypesVisibleToCaller: isPermitted? true
10-15 17:47:55.398  2075  2075 I Bugle   : Carrier config changed. Reloading MMS config.
10-15 17:47:55.400  2075  2075 I BugleUsageStatistics: PlayLogger.onLoggerConnected
10-15 17:47:55.407  2004  2004 D AlertReceiver: onReceive: a=android.intent.action.PROVIDER_CHANGED Intent { act=android.intent.action.PROVIDER_CHANGED dat=content://com.android.calendar flg=0x10 cmp=com.android.calendar/.alerts.AlertReceiver }
10-15 17:47:55.416  1121  1848 I AccountManagerService: getTypesVisibleToCaller: isPermitted? true
10-15 17:47:55.419  1121  1848 I AccountManagerService: getTypesVisibleToCaller: isPermitted? true
10-15 17:47:55.422  1121  1587 I AccountManagerService: getTypesVisibleToCaller: isPermitted? true
10-15 17:47:55.436  2075  2103 I BugleDataModel: Fixup: Send failed - 0 Download failed - 0
10-15 17:47:55.445  2075  2099 I Bugle   : ApnsOta: OTA version -1
10-15 17:47:55.447  1702  2107 D GetCommittedConfigurationOperation: no corresponding serverToken: com.google.android.gms.playlog.uploader
10-15 17:47:55.450  1702  2097 I Scheduler: Use legacy PeriodicScheduler
10-15 17:47:55.451  1702  2097 W InstanceID/Rpc: Found 10007
10-15 17:47:55.477  2075  2118 I BugleDataModel: SyncMessagesAction: Starting batch for messages from 1444954062216 to 1444956475325 (message update limit = 80, message scan limit = 4000)
10-15 17:47:55.523  2004  2114 D AlertService: 0 Action = android.intent.action.PROVIDER_CHANGED
10-15 17:47:55.594  2075  2123 I BugleDataModel: SyncMessagesAction: All messages now in sync
10-15 17:47:55.598  2075  2099 W Bugle   : canonicalizeMccMnc: invalid mccmnc:null ,null
10-15 17:47:55.676  1121  1731 D MmsServiceBroker: getCarrierConfigValues() by com.google.android.apps.messaging
10-15 17:47:55.676  1121  1731 W MmsServiceBroker: MmsService not connected. Try connecting...
10-15 17:47:55.676  1121  1121 I MmsServiceBroker: Connecting to MmsService
10-15 17:47:55.676  1121  1121 W ContextImpl: Calling a method in the system process without a qualified user: android.app.ContextImpl.bindService:1285 com.android.server.MmsServiceBroker.tryConnecting:240 com.android.server.MmsServiceBroker.-wrap3:-1 com.android.server.MmsServiceBroker$1.handleMessage:82 android.os.Handler.dispatchMessage:102 
10-15 17:47:55.678  1590  1590 W System  : ClassLoader referenced unknown path: /system/priv-app/MmsService/lib/x86
10-15 17:47:55.679  1590  1590 D MmsService: onCreate
10-15 17:47:55.681  1121  1121 I MmsServiceBroker: MmsService connected
10-15 17:47:55.681  1590  1620 D MmsService: getCarrierConfigValues
10-15 17:47:55.681  1590  1620 I MmsService: mms config for sub 1: null
10-15 17:47:55.682  2075  2099 I Bugle   : Carrier configs loaded: Bundle[{maxImageHeight=1944, maxMessageSize=1048576, maxImageWidth=2592}] from resources+system for subId=1
10-15 17:47:55.683  1590  2128 I MmsService: MmsConfigManager loads in background mcc/mnc: 310/260
10-15 17:47:55.772  1121  1848 I AccountManagerService: getTypesVisibleToCaller: isPermitted? true
10-15 17:47:55.773  1802  1802 E MDM     : [1] SitrepService.a: No Google accounts; deferring server state update.
10-15 17:47:55.783  1802  1802 D NetworkLogImpl: Loaded NetworkSpeedPredictor
10-15 17:47:55.784  1802  1802 I iu.Environment: update connectivity state; isNetworkMetered? true*, isRoaming? false, isBackgroundDataAllowed? true*
10-15 17:47:55.809  1802  1802 D ChimeraCfgMgr: Loading module com.google.android.gms.kids from APK com.google.android.gms
10-15 17:47:55.823  1802  2134 I iu.SyncManager: SYNC; picasa accounts
10-15 17:47:55.834  1121  1121 I AccountManagerService: getTypesVisibleToCaller: isPermitted? true
10-15 17:47:55.845  1121  2148 I RecoverySystem: No recovery log file
10-15 17:47:55.846  1121  2148 I BootReceiver: Copying audit failures to DropBox
10-15 17:47:55.846  1121  2148 I BootReceiver: Checking for fsck errors
10-15 17:47:55.847  2149  2149 I art     : Late-enabling JIT
10-15 17:47:55.848  2149  2149 I art     : JIT created with code_cache_capacity=2MB compile_threshold=1000
10-15 17:47:55.857  1121  1134 I ActivityManager: Start proc 2149:com.android.dialer/u0a4 for broadcast com.android.dialer/.calllog.CallLogReceiver
10-15 17:47:55.860  1802  1802 D ChimeraCfgMgr: Loading module com.google.android.gms.kids from APK com.google.android.gms
10-15 17:47:55.869  1121  1731 I AccountManagerService: getTypesVisibleToCaller: isPermitted? true
10-15 17:47:55.869  1121  1587 I AccountManagerService: getTypesVisibleToCaller: isPermitted? true
10-15 17:47:55.872  1702  1702 V GLSActivity: AuthDelegateWrapperCreated with selected intent: Intent { cmp=com.google.android.gms/.auth.DefaultAuthDelegateService }
10-15 17:47:55.873  1121  1679 I AccountManagerService: getTypesVisibleToCaller: isPermitted? true
10-15 17:47:55.875  1702  1702 V GLSActivity: AuthDelegateWrapperCreated with selected intent: Intent { cmp=com.google.android.gms/.auth.DefaultAuthDelegateService }
10-15 17:47:55.964  2143  2143 D AndroidRuntime: >>>>>> START com.android.internal.os.RuntimeInit uid 0 <<<<<<
10-15 17:47:55.967  2143  2143 D AndroidRuntime: CheckJNI is ON
10-15 17:47:55.974  2143  2143 I art     : JIT created with code_cache_capacity=2MB compile_threshold=1000
10-15 17:47:55.976  2143  2143 D ICU     : No timezone override file found: /data/misc/zoneinfo/current/icu/icu_tzdata.dat
10-15 17:47:55.983  2143  2143 E memtrack: Couldn't load memtrack module (No such file or directory)
10-15 17:47:55.983  2143  2143 E android.os.Debug: failed to load memtrack module: -2
10-15 17:47:55.984  2143  2143 I Radio-JNI: register_android_hardware_Radio DONE
10-15 17:47:55.991  2143  2143 D AndroidRuntime: Calling main entry com.android.commands.pm.Pm
10-15 17:47:56.008  2176  2176 I art     : Late-enabling JIT
10-15 17:47:56.010  2176  2176 I art     : JIT created with code_cache_capacity=2MB compile_threshold=1000
10-15 17:47:56.017  1121  1160 I ActivityManager: Start proc 2176:com.android.defcontainer/u0a3 for service com.android.defcontainer/.DefaultContainerService
10-15 17:47:56.019  2149  2149 W System  : ClassLoader referenced unknown path: /system/priv-app/Dialer/lib/x86
10-15 17:47:56.031  2149  2149 D ExtensionsFactory: No custom extensions.
10-15 17:47:56.073  2192  2192 I art     : Late-enabling JIT
10-15 17:47:56.075  2192  2192 I art     : JIT created with code_cache_capacity=2MB compile_threshold=1000
10-15 17:47:56.076  1121  2146 I ActivityManager: Start proc 2192:com.android.keychain/1000 for service com.android.keychain/.KeyChainService
10-15 17:47:56.091  2192  2199 E art     : Failed sending reply to debugger: Broken pipe
10-15 17:47:56.091  2192  2199 I art     : Debugger is no longer active
10-15 17:47:56.107  2192  2192 W System  : ClassLoader referenced unknown path: /system/app/KeyChain/lib/x86
10-15 17:47:56.113  1590  1590 V OtaStartupReceiver: onOtaspChanged: mOtaspMode=3
10-15 17:47:56.113  1121  1331 D WIFI    : Registering NetworkFactory
10-15 17:47:56.113  1121  1331 D WIFI_UT : Registering NetworkFactory
10-15 17:47:56.113  1121  1333 D ConnectivityService: Got NetworkFactory Messenger for WIFI
10-15 17:47:56.114  1121  1333 D ConnectivityService: Got NetworkFactory Messenger for WIFI_UT
10-15 17:47:56.114  1121  1331 D WIFI    : got request NetworkRequest [ id=1, legacyType=-1, [ Capabilities: INTERNET&NOT_RESTRICTED&TRUSTED&NOT_VPN] ] with score 50
10-15 17:47:56.114  1121  1331 D WIFI_UT : got request NetworkRequest [ id=1, legacyType=-1, [ Capabilities: INTERNET&NOT_RESTRICTED&TRUSTED&NOT_VPN] ] with score 50
10-15 17:47:56.118  2075  2086 W art     : Suspending all threads took: 33.854ms
