10-15 17:47:42.193   964   964 E Hyphenator: 	at libcore.io.IoBridge.open(IoBridge.java:452)
10-15 17:47:42.193   964   964 E Hyphenator: 	at libcore.io.IoUtils$FileReader.<init>(IoUtils.java:207)
10-15 17:47:42.193   964   964 E Hyphenator: 	at libcore.io.IoUtils.readFileAsString(IoUtils.java:114)
10-15 17:47:42.193   964   964 E Hyphenator: 	at android.text.Hyphenator.loadHyphenator(Hyphenator.java:96)
10-15 17:47:42.193   964   964 E Hyphenator: 	at android.text.Hyphenator.init(Hyphenator.java:154)
10-15 17:47:42.193   964   964 E Hyphenator: 	at com.android.internal.os.ZygoteInit.preloadTextResources(ZygoteInit.java:207)
10-15 17:47:42.193   964   964 E Hyphenator: 	at com.android.internal.os.ZygoteInit.preload(ZygoteInit.java:186)
10-15 17:47:42.193   964   964 E Hyphenator: 	at com.android.internal.os.ZygoteInit.main(ZygoteInit.java:593)
10-15 17:47:42.193   964   964 E Hyphenator: Caused by: android.system.ErrnoException: open failed: ENOENT (No such file or directory)
10-15 17:47:42.193   964   964 E Hyphenator: 	at libcore.io.Posix.open(Native Method)
10-15 17:47:42.193   964   964 E Hyphenator: 	at libcore.io.BlockGuardOs.open(BlockGuardOs.java:186)
10-15 17:47:42.193   964   964 E Hyphenator: 	at libcore.io.IoBridge.open(IoBridge.java:438)
10-15 17:47:42.193   964   964 E Hyphenator: 	... 7 more
10-15 17:47:42.193   964   964 E Hyphenator: error loading hyphenation /system/usr/hyphen-data/hyph-eu.pat.txt
10-15 17:47:42.193   964   964 E Hyphenator: java.io.FileNotFoundException: /system/usr/hyphen-data/hyph-eu.pat.txt: open failed: ENOENT (No such file or directory)
10-15 17:47:42.193   964   964 E Hyphenator: 	at libcore.io.IoBridge.open(IoBridge.java:452)
10-15 17:47:42.193   964   964 E Hyphenator: 	at libcore.io.IoUtils$FileReader.<init>(IoUtils.java:207)
10-15 17:47:42.193   964   964 E Hyphenator: 	at libcore.io.IoUtils.readFileAsString(IoUtils.java:114)
10-15 17:47:42.193   964   964 E Hyphenator: 	at android.text.Hyphenator.loadHyphenator(Hyphenator.java:96)
10-15 17:47:42.193   964   964 E Hyphenator: 	at android.text.Hyphenator.init(Hyphenator.java:154)
10-15 17:47:42.193   964   964 E Hyphenator: 	at com.android.internal.os.ZygoteInit.preloadTextResources(ZygoteInit.java:207)
10-15 17:47:42.193   964   964 E Hyphenator: 	at com.android.internal.os.ZygoteInit.preload(ZygoteInit.java:186)
10-15 17:47:42.193   964   964 E Hyphenator: 	at com.android.internal.os.ZygoteInit.main(ZygoteInit.java:593)
10-15 17:47:42.193   964   964 E Hyphenator: Caused by: android.system.ErrnoException: open failed: ENOENT (No such file or directory)
10-15 17:47:42.193   964   964 E Hyphenator: 	at libcore.io.Posix.open(Native Method)
10-15 17:47:42.193   964   964 E Hyphenator: 	at libcore.io.BlockGuardOs.open(BlockGuardOs.java:186)
10-15 17:47:42.193   964   964 E Hyphenator: 	at libcore.io.IoBridge.open(IoBridge.java:438)
10-15 17:47:42.193   964   964 E Hyphenator: 	... 7 more
10-15 17:47:42.193   964   964 E Hyphenator: error loading hyphenation /system/usr/hyphen-data/hyph-hu.pat.txt
10-15 17:47:42.193   964   964 E Hyphenator: java.io.FileNotFoundException: /system/usr/hyphen-data/hyph-hu.pat.txt: open failed: ENOENT (No such file or directory)
10-15 17:47:42.193   964   964 E Hyphenator: 	at libcore.io.IoBridge.open(IoBridge.java:452)
10-15 17:47:42.193   964   964 E Hyphenator: 	at libcore.io.IoUtils$FileReader.<init>(IoUtils.java:207)
10-15 17:47:42.193   964   964 E Hyphenator: 	at libcore.io.IoUtils.readFileAsString(IoUtils.java:114)
10-15 17:47:42.193   964   964 E Hyphenator: 	at android.text.Hyphenator.loadHyphenator(Hyphenator.java:96)
10-15 17:47:42.193   964   964 E Hyphenator: 	at android.text.Hyphenator.init(Hyphenator.java:154)
10-15 17:47:42.193   964   964 E Hyphenator: 	at com.android.internal.os.ZygoteInit.preloadTextResources(ZygoteInit.java:207)
10-15 17:47:42.193   964   964 E Hyphenator: 	at com.android.internal.os.ZygoteInit.preload(ZygoteInit.java:186)
10-15 17:47:42.193   964   964 E Hyphenator: 	at com.android.internal.os.ZygoteInit.main(ZygoteInit.java:593)
10-15 17:47:42.193   964   964 E Hyphenator: Caused by: android.system.ErrnoException: open failed: ENOENT (No such file or directory)
10-15 17:47:42.193   964   964 E Hyphenator: 	at libcore.io.Posix.open(Native Method)
10-15 17:47:42.193   964   964 E Hyphenator: 	at libcore.io.BlockGuardOs.open(BlockGuardOs.java:186)
10-15 17:47:42.193   964   964 E Hyphenator: 	at libcore.io.IoBridge.open(IoBridge.java:438)
10-15 17:47:42.193   964   964 E Hyphenator: 	... 7 more
10-15 17:47:42.193   964   964 E Hyphenator: error loading hyphenation /system/usr/hyphen-data/hyph-hy.pat.txt
10-15 17:47:42.193   964   964 E Hyphenator: java.io.FileNotFoundException: /system/usr/hyphen-data/hyph-hy.pat.txt: open failed: ENOENT (No such file or directory)
10-15 17:47:42.193   964   964 E Hyphenator: 	at libcore.io.IoBridge.open(IoBridge.java:452)
10-15 17:47:42.193   964   964 E Hyphenator: 	at libcore.io.IoUtils$FileReader.<init>(IoUtils.java:207)
10-15 17:47:42.193   964   964 E Hyphenator: 	at libcore.io.IoUtils.readFileAsString(IoUtils.java:114)
10-15 17:47:42.193   964   964 E Hyphenator: 	at android.text.Hyphenator.loadHyphenator(Hyphenator.java:96)
10-15 17:47:42.193   964   964 E Hyphenator: 	at android.text.Hyphenator.init(Hyphenator.java:154)
10-15 17:47:42.193   964   964 E Hyphenator: 	at com.android.internal.os.ZygoteInit.preloadTextResources(ZygoteInit.java:207)
10-15 17:47:42.193   964   964 E Hyphenator: 	at com.android.internal.os.ZygoteInit.preload(ZygoteInit.java:186)
10-15 17:47:42.193   964   964 E Hyphenator: 	at com.android.internal.os.ZygoteInit.main(ZygoteInit.java:593)
10-15 17:47:42.193   964   964 E Hyphenator: Caused by: android.system.ErrnoException: open failed: ENOENT (No such file or directory)
10-15 17:47:42.193   964   964 E Hyphenator: 	at libcore.io.Posix.open(Native Method)
10-15 17:47:42.193   964   964 E Hyphenator: 	at libcore.io.BlockGuardOs.open(BlockGuardOs.java:186)
10-15 17:47:42.193   964   964 E Hyphenator: 	at libcore.io.IoBridge.open(IoBridge.java:438)
10-15 17:47:42.193   964   964 E Hyphenator: 	... 7 more
10-15 17:47:42.193   964   964 E Hyphenator: error loading hyphenation /system/usr/hyphen-data/hyph-nb.pat.txt
10-15 17:47:42.193   964   964 E Hyphenator: java.io.FileNotFoundException: /system/usr/hyphen-data/hyph-nb.pat.txt: open failed: ENOENT (No such file or directory)
10-15 17:47:42.193   964   964 E Hyphenator: 	at libcore.io.IoBridge.open(IoBridge.java:452)
10-15 17:47:42.193   964   964 E Hyphenator: 	at libcore.io.IoUtils$FileReader.<init>(IoUtils.java:207)
10-15 17:47:42.193   964   964 E Hyphenator: 	at libcore.io.IoUtils.readFileAsString(IoUtils.java:114)
10-15 17:47:42.193   964   964 E Hyphenator: 	at android.text.Hyphenator.loadHyphenator(Hyphenator.java:96)
10-15 17:47:42.193   964   964 E Hyphenator: 	at android.text.Hyphenator.init(Hyphenator.java:154)
10-15 17:47:42.193   964   964 E Hyphenator: 	at com.android.internal.os.ZygoteInit.preloadTextResources(ZygoteInit.java:207)
10-15 17:47:42.193   964   964 E Hyphenator: 	at com.android.internal.os.ZygoteInit.preload(ZygoteInit.java:186)
10-15 17:47:42.193   964   964 E Hyphenator: 	at com.android.internal.os.ZygoteInit.main(ZygoteInit.java:593)
10-15 17:47:42.193   964   964 E Hyphenator: Caused by: android.system.ErrnoException: open failed: ENOENT (No such file or directory)
10-15 17:47:42.193   964   964 E Hyphenator: 	at libcore.io.Posix.open(Native Method)
10-15 17:47:42.193   964   964 E Hyphenator: 	at libcore.io.BlockGuardOs.open(BlockGuardOs.java:186)
10-15 17:47:42.193   964   964 E Hyphenator: 	at libcore.io.IoBridge.open(IoBridge.java:438)
10-15 17:47:42.193   964   964 E Hyphenator: 	... 7 more
10-15 17:47:42.193   964   964 E Hyphenator: error loading hyphenation /system/usr/hyphen-data/hyph-nn.pat.txt
10-15 17:47:42.193   964   964 E Hyphenator: java.io.FileNotFoundException: /system/usr/hyphen-data/hyph-nn.pat.txt: open failed: ENOENT (No such file or directory)
10-15 17:47:42.193   964   964 E Hyphenator: 	at libcore.io.IoBridge.open(IoBridge.java:452)
10-15 17:47:42.193   964   964 E Hyphenator: 	at libcore.io.IoUtils$FileReader.<init>(IoUtils.java:207)
10-15 17:47:42.193   964   964 E Hyphenator: 	at libcore.io.IoUtils.readFileAsString(IoUtils.java:114)
10-15 17:47:42.193   964   964 E Hyphenator: 	at android.text.Hyphenator.loadHyphenator(Hyphenator.java:96)
10-15 17:47:42.193   964   964 E Hyphenator: 	at android.text.Hyphenator.init(Hyphenator.java:154)
10-15 17:47:42.193   964   964 E Hyphenator: 	at com.android.internal.os.ZygoteInit.preloadTextResources(ZygoteInit.java:207)
10-15 17:47:42.193   964   964 E Hyphenator: 	at com.android.internal.os.ZygoteInit.preload(ZygoteInit.java:186)
10-15 17:47:42.193   964   964 E Hyphenator: 	at com.android.internal.os.ZygoteInit.main(ZygoteInit.java:593)
10-15 17:47:42.193   964   964 E Hyphenator: Caused by: android.system.ErrnoException: open failed: ENOENT (No such file or directory)
10-15 17:47:42.193   964   964 E Hyphenator: 	at libcore.io.Posix.open(Native Method)
10-15 17:47:42.193   964   964 E Hyphenator: 	at libcore.io.BlockGuardOs.open(BlockGuardOs.java:186)
10-15 17:47:42.193   964   964 E Hyphenator: 	at libcore.io.IoBridge.open(IoBridge.java:438)
10-15 17:47:42.193   964   964 E Hyphenator: 	... 7 more
10-15 17:47:42.193   964   964 E Hyphenator: error loading hyphenation /system/usr/hyphen-data/hyph-sa.pat.txt
10-15 17:47:42.193   964   964 E Hyphenator: java.io.FileNotFoundException: /system/usr/hyphen-data/hyph-sa.pat.txt: open failed: ENOENT (No such file or directory)
10-15 17:47:42.193   964   964 E Hyphenator: 	at libcore.io.IoBridge.open(IoBridge.java:452)
10-15 17:47:42.193   964   964 E Hyphenator: 	at libcore.io.IoUtils$FileReader.<init>(IoUtils.java:207)
10-15 17:47:42.193   964   964 E Hyphenator: 	at libcore.io.IoUtils.readFileAsString(IoUtils.java:114)
10-15 17:47:42.193   964   964 E Hyphenator: 	at android.text.Hyphenator.loadHyphenator(Hyphenator.java:96)
10-15 17:47:42.193   964   964 E Hyphenator: 	at android.text.Hyphenator.init(Hyphenator.java:154)
10-15 17:47:42.193   964   964 E Hyphenator: 	at com.android.internal.os.ZygoteInit.preloadTextResources(ZygoteInit.java:207)
10-15 17:47:42.193   964   964 E Hyphenator: 	at com.android.internal.os.ZygoteInit.preload(ZygoteInit.java:186)
10-15 17:47:42.193   964   964 E Hyphenator: 	at com.android.internal.os.ZygoteInit.main(ZygoteInit.java:593)
10-15 17:47:42.193   964   964 E Hyphenator: Caused by: android.system.ErrnoException: open failed: ENOENT (No such file or directory)
10-15 17:47:42.193   964   964 E Hyphenator: 	at libcore.io.Posix.open(Native Method)
10-15 17:47:42.193   964   964 E Hyphenator: 	at libcore.io.BlockGuardOs.open(BlockGuardOs.java:186)
10-15 17:47:42.193   964   964 E Hyphenator: 	at libcore.io.IoBridge.open(IoBridge.java:438)
10-15 17:47:42.193   964   964 E Hyphenator: 	... 7 more
10-15 17:47:42.194   964   964 E Hyphenator: error loading hyphenation /system/usr/hyphen-data/hyph-und-ethi.pat.txt
10-15 17:47:42.194   964   964 E Hyphenator: java.io.FileNotFoundException: /system/usr/hyphen-data/hyph-und-ethi.pat.txt: open failed: ENOENT (No such file or directory)
10-15 17:47:42.194   964   964 E Hyphenator: 	at libcore.io.IoBridge.open(IoBridge.java:452)
10-15 17:47:42.194   964   964 E Hyphenator: 	at libcore.io.IoUtils$FileReader.<init>(IoUtils.java:207)
10-15 17:47:42.194   964   964 E Hyphenator: 	at libcore.io.IoUtils.readFileAsString(IoUtils.java:114)
10-15 17:47:42.194   964   964 E Hyphenator: 	at android.text.Hyphenator.loadHyphenator(Hyphenator.java:96)
10-15 17:47:42.194   964   964 E Hyphenator: 	at android.text.Hyphenator.init(Hyphenator.java:154)
10-15 17:47:42.194   964   964 E Hyphenator: 	at com.android.internal.os.ZygoteInit.preloadTextResources(ZygoteInit.java:207)
10-15 17:47:42.194   964   964 E Hyphenator: 	at com.android.internal.os.ZygoteInit.preload(ZygoteInit.java:186)
10-15 17:47:42.194   964   964 E Hyphenator: 	at com.android.internal.os.ZygoteInit.main(ZygoteInit.java:593)
10-15 17:47:42.194   964   964 E Hyphenator: Caused by: android.system.ErrnoException: open failed: ENOENT (No such file or directory)
10-15 17:47:42.194   964   964 E Hyphenator: 	at libcore.io.Posix.open(Native Method)
10-15 17:47:42.194   964   964 E Hyphenator: 	at libcore.io.BlockGuardOs.open(BlockGuardOs.java:186)
10-15 17:47:42.194   964   964 E Hyphenator: 	at libcore.io.IoBridge.open(IoBridge.java:438)
10-15 17:47:42.194   964   964 E Hyphenator: 	... 7 more
10-15 17:47:42.195   964   964 D Zygote  : end preload
10-15 17:47:42.195   964   964 I art     : Starting a blocking GC Explicit
10-15 17:47:42.217   964   964 I art     : Explicit concurrent mark sweep GC freed 10745(687KB) AllocSpace objects, 77(2MB) LOS objects, 64% free, 2MB/6MB, paused 2.565ms total 4.499ms
10-15 17:47:42.219   964   964 I art     : Starting a blocking GC Explicit
10-15 17:47:42.221   964   964 I art     : Explicit concurrent mark sweep GC freed 2460(154KB) AllocSpace objects, 31(876KB) LOS objects, 66% free, 1234KB/3MB, paused 269us total 2.609ms
10-15 17:47:42.221   964  1075 I art     : Starting a blocking GC HeapTrim
10-15 17:47:42.223   964   964 I art     : Starting a blocking GC Background
10-15 17:47:42.241   964   964 I Zygote  : System server process 1121 has been created
10-15 17:47:42.241   964   964 I Zygote  : Accepting command socket connections
10-15 17:47:42.258  1121  1121 I InstallerConnection: connecting...
10-15 17:47:42.259   962   962 I installd: new connection
10-15 17:47:42.263  1121  1121 I InstallerConnection: disconnecting...
10-15 17:47:42.263   962   962 E installd: eof
10-15 17:47:42.263   962   962 E installd: failed to read size
10-15 17:47:42.263   962   962 I installd: closing connection
10-15 17:47:42.291  1121  1121 I SystemServer: Entered the Android system server!
10-15 17:47:42.319  1121  1121 I SystemServiceManager: Starting com.android.server.pm.Installer
10-15 17:47:42.329  1121  1121 I Installer: Waiting for installd to be ready.
10-15 17:47:42.329  1121  1121 I InstallerConnection: connecting...
10-15 17:47:42.329   962   962 I installd: new connection
10-15 17:47:42.329  1121  1121 I SystemServiceManager: Starting com.android.server.am.ActivityManagerService$Lifecycle
10-15 17:47:42.353  1121  1121 I ActivityManager: Memory class: 64
10-15 17:47:42.354  1121  1140 I ServiceThread: Enabled StrictMode logging for ActivityManager looper.
10-15 17:47:42.355  1121  1141 I ServiceThread: Enabled StrictMode logging for android.ui looper.
10-15 17:47:42.364  1121  1121 D BatteryStatsImpl: Reading daily items from /data/system/batterystats-daily.xml
10-15 17:47:42.528  1121  1121 I IntentFirewall: Read new rules (A:0 B:0 S:0)
10-15 17:47:42.537   961   961 I ServiceManager: Waiting for service media.camera.proxy...
10-15 17:47:42.538  1121  1154 I ServiceThread: Enabled StrictMode logging for android.display looper.
10-15 17:47:42.539  1121  1121 D AppOps  : AppOpsService published
10-15 17:47:42.539  1121  1121 I SystemServiceManager: Starting com.android.server.power.PowerManagerService
10-15 17:47:42.540  1121  1156 I ServiceThread: Enabled StrictMode logging for PowerManagerService looper.
10-15 17:47:42.543  1121  1121 W libsuspend: Error writing 'on' to /sys/power/state: Invalid argument
10-15 17:47:42.543  1121  1121 I libsuspend: Selected wakeup count
10-15 17:47:42.543  1121  1121 I SystemServiceManager: Starting com.android.server.lights.LightsService
10-15 17:47:42.545  1121  1121 I SystemServiceManager: Starting com.android.server.display.DisplayManagerService
10-15 17:47:42.547  1121  1121 I SystemServiceManager: Starting phase 100
10-15 17:47:42.548   950  1013 E SurfaceFlinger: ro.sf.lcd_density must be defined as a build property
10-15 17:47:42.549  1121  1154 I DisplayManagerService: Display device added: DisplayDeviceInfo{"Built-in Screen": uniqueId="local:0", 1080 x 1920, modeId 1, defaultModeId 1, supportedModes [{id=1, width=1080, height=1920, fps=60.000004}], density 480, 480.0 x 480.0 dpi, appVsyncOff 0, presDeadline 17666666, touch INTERNAL, rotation 0, type BUILT_IN, state UNKNOWN, FLAG_DEFAULT_DISPLAY, FLAG_ROTATES_WITH_CONTENT, FLAG_SECURE, FLAG_SUPPORTS_PROTECTED_BUFFERS}
10-15 17:47:42.549   950   950 D SurfaceFlinger: Set power mode=2, type=0 flinger=0xb70a2000
10-15 17:47:42.549   950   950 D SurfaceFlinger: Screen type=0 is already mode=2
10-15 17:47:42.550  1121  1121 I SystemServer: Package Manager
10-15 17:47:42.550  1121  1154 I DisplayManagerService: Display device changed state: "Built-in Screen", ON
10-15 17:47:42.561  1121  1121 W SystemConfig: No directory /system/etc/sysconfig, skipping
10-15 17:47:42.580  1121  1121 D SELinuxMMAC: Using policy file /system/etc/security/mac_permissions.xml
10-15 17:47:42.624  1121  1121 E art     : DexFile_getDexOptNeeded file '/system/framework/org.apache.http.legacy.jar' does not exist
10-15 17:47:42.624  1121  1121 W PackageManager: Library not found: /system/framework/org.apache.http.legacy.jar
10-15 17:47:42.635  1121  1121 D PackageManager: No files in app dir /vendor/overlay
10-15 17:47:42.646  1121  1121 W PackageManager: Failed to parse /system/framework/oat: Missing base APK in /system/framework/oat
10-15 17:47:42.646  1121  1121 W PackageManager: Failed to parse /system/framework/x86: Missing base APK in /system/framework/x86
10-15 17:47:42.679  1121  1121 W PackageParser: No actions in intent filter at /system/priv-app/Contacts/Contacts.apk Binary XML file line #388
10-15 17:47:42.695  1121  1121 W PackageParser: No actions in intent filter at /system/priv-app/Dialer/Dialer.apk Binary XML file line #172
10-15 17:47:42.708  1121  1121 W PackageManager: Permission android.permission.DOWNLOAD_WITHOUT_NOTIFICATION from package com.android.providers.downloads in an unknown group android.permission-group.NETWORK
10-15 17:47:42.740  1121  1121 W PackageManager: Permission com.google.android.googleapps.permission.GOOGLE_AUTH from package com.google.android.gsf in an unknown group android.permission-group.ACCOUNTS
10-15 17:47:42.740  1121  1121 W PackageManager: Permission com.google.android.googleapps.permission.GOOGLE_AUTH.ALL_SERVICES from package com.google.android.gsf in an unknown group android.permission-group.ACCOUNTS
10-15 17:47:42.740  1121  1121 W PackageManager: Permission com.google.android.googleapps.permission.GOOGLE_AUTH.OTHER_SERVICES from package com.google.android.gsf in an unknown group android.permission-group.ACCOUNTS
10-15 17:47:42.740  1121  1121 W PackageManager: Permission com.google.android.googleapps.permission.GOOGLE_AUTH.mail from package com.google.android.gsf in an unknown group android.permission-group.ACCOUNTS
10-15 17:47:42.740  1121  1121 W PackageManager: Permission com.google.android.googleapps.permission.GOOGLE_AUTH.cl from package com.google.android.gsf in an unknown group android.permission-group.ACCOUNTS
10-15 17:47:42.740  1121  1121 W PackageManager: Permission com.google.android.googleapps.permission.GOOGLE_AUTH.android from package com.google.android.gsf in an unknown group android.permission-group.ACCOUNTS
10-15 17:47:42.740  1121  1121 W PackageManager: Permission com.google.android.googleapps.permission.GOOGLE_AUTH.androidsecure from package com.google.android.gsf in an unknown group android.permission-group.ACCOUNTS
10-15 17:47:42.740  1121  1121 W PackageManager: Permission com.google.android.googleapps.permission.GOOGLE_AUTH.sierra from package com.google.android.gsf in an unknown group android.permission-group.ACCOUNTS
10-15 17:47:42.740  1121  1121 W PackageManager: Permission com.google.android.googleapps.permission.GOOGLE_AUTH.sierraqa from package com.google.android.gsf in an unknown group android.permission-group.ACCOUNTS
10-15 17:47:42.740  1121  1121 W PackageManager: Permission com.google.android.googleapps.permission.GOOGLE_AUTH.sierrasandbox from package com.google.android.gsf in an unknown group android.permission-group.ACCOUNTS
10-15 17:47:42.740  1121  1121 W PackageManager: Permission com.google.android.googleapps.permission.GOOGLE_AUTH.youtube from package com.google.android.gsf in an unknown group android.permission-group.ACCOUNTS
10-15 17:47:42.740  1121  1121 W PackageManager: Permission com.google.android.googleapps.permission.GOOGLE_AUTH.YouTubeUser from package com.google.android.gsf in an unknown group android.permission-group.ACCOUNTS
10-15 17:47:42.740  1121  1121 W PackageManager: Permission com.google.android.googleapps.permission.GOOGLE_AUTH.talk from package com.google.android.gsf in an unknown group android.permission-group.ACCOUNTS
10-15 17:47:42.740  1121  1121 W PackageManager: Permission com.google.android.googleapps.permission.GOOGLE_AUTH.ig from package com.google.android.gsf in an unknown group android.permission-group.ACCOUNTS
10-15 17:47:42.740  1121  1121 W PackageManager: Permission com.google.android.googleapps.permission.GOOGLE_AUTH.lh2 from package com.google.android.gsf in an unknown group android.permission-group.ACCOUNTS
10-15 17:47:42.740  1121  1121 W PackageManager: Permission com.google.android.googleapps.permission.GOOGLE_AUTH.mobile from package com.google.android.gsf in an unknown group android.permission-group.ACCOUNTS
10-15 17:47:42.740  1121  1121 W PackageManager: Permission com.google.android.googleapps.permission.GOOGLE_AUTH.cp from package com.google.android.gsf in an unknown group android.permission-group.ACCOUNTS
10-15 17:47:42.740  1121  1121 W PackageManager: Permission com.google.android.googleapps.permission.GOOGLE_AUTH.adsense from package com.google.android.gsf in an unknown group android.permission-group.ACCOUNTS
10-15 17:47:42.740  1121  1121 W PackageManager: Permission com.google.android.googleapps.permission.GOOGLE_AUTH.adwords from package com.google.android.gsf in an unknown group android.permission-group.ACCOUNTS
10-15 17:47:42.740  1121  1121 W PackageManager: Permission com.google.android.googleapps.permission.GOOGLE_AUTH.blogger from package com.google.android.gsf in an unknown group android.permission-group.ACCOUNTS
10-15 17:47:42.740  1121  1121 W PackageManager: Permission com.google.android.googleapps.permission.GOOGLE_AUTH.dodgeball from package com.google.android.gsf in an unknown group android.permission-group.ACCOUNTS
10-15 17:47:42.740  1121  1121 W PackageManager: Permission com.google.android.googleapps.permission.GOOGLE_AUTH.gbase from package com.google.android.gsf in an unknown group android.permission-group.ACCOUNTS
10-15 17:47:42.740  1121  1121 W PackageManager: Permission com.google.android.googleapps.permission.GOOGLE_AUTH.groups2 from package com.google.android.gsf in an unknown group android.permission-group.ACCOUNTS
10-15 17:47:42.740  1121  1121 W PackageManager: Permission com.google.android.googleapps.permission.GOOGLE_AUTH.health from package com.google.android.gsf in an unknown group android.permission-group.ACCOUNTS
10-15 17:47:42.740  1121  1121 W PackageManager: Permission com.google.android.googleapps.permission.GOOGLE_AUTH.jotspot from package com.google.android.gsf in an unknown group android.permission-group.ACCOUNTS
10-15 17:47:42.740  1121  1121 W PackageManager: Permission com.google.android.googleapps.permission.GOOGLE_AUTH.knol from package com.google.android.gsf in an unknown group android.permission-group.ACCOUNTS
10-15 17:47:42.740  1121  1121 W PackageManager: Permission com.google.android.googleapps.permission.GOOGLE_AUTH.news from package com.google.android.gsf in an unknown group android.permission-group.ACCOUNTS
10-15 17:47:42.740  1121  1121 W PackageManager: Permission com.google.android.googleapps.permission.GOOGLE_AUTH.orkut from package com.google.android.gsf in an unknown group android.permission-group.ACCOUNTS
10-15 17:47:42.740  1121  1121 W PackageManager: Permission com.google.android.googleapps.permission.GOOGLE_AUTH.print from package com.google.android.gsf in an unknown group android.permission-group.ACCOUNTS
10-15 17:47:42.740  1121  1121 W PackageManager: Permission com.google.android.googleapps.permission.GOOGLE_AUTH.sitemaps from package com.google.android.gsf in an unknown group android.permission-group.ACCOUNTS
10-15 17:47:42.740  1121  1121 W PackageManager: Permission com.google.android.googleapps.permission.GOOGLE_AUTH.wifi from package com.google.android.gsf in an unknown group android.permission-group.ACCOUNTS
10-15 17:47:42.740  1121  1121 W PackageManager: Permission com.google.android.googleapps.permission.GOOGLE_AUTH.finance from package com.google.android.gsf in an unknown group android.permission-group.ACCOUNTS
10-15 17:47:42.740  1121  1121 W PackageManager: Permission com.google.android.googleapps.permission.GOOGLE_AUTH.local from package com.google.android.gsf in an unknown group android.permission-group.ACCOUNTS
10-15 17:47:42.740  1121  1121 W PackageManager: Permission com.google.android.googleapps.permission.GOOGLE_AUTH.ah from package com.google.android.gsf in an unknown group android.permission-group.ACCOUNTS
10-15 17:47:42.741  1121  1121 W PackageManager: Permission com.google.android.googleapps.permission.GOOGLE_AUTH.notebook from package com.google.android.gsf in an unknown group android.permission-group.ACCOUNTS
10-15 17:47:42.741  1121  1121 W PackageManager: Permission com.google.android.googleapps.permission.GOOGLE_AUTH.writely from package com.google.android.gsf in an unknown group android.permission-group.ACCOUNTS
10-15 17:47:42.741  1121  1121 W PackageManager: Permission com.google.android.googleapps.permission.GOOGLE_AUTH.wise from package com.google.android.gsf in an unknown group android.permission-group.ACCOUNTS
10-15 17:47:42.741  1121  1121 W PackageManager: Permission com.google.android.googleapps.permission.GOOGLE_AUTH.grandcentral from package com.google.android.gsf in an unknown group android.permission-group.ACCOUNTS
10-15 17:47:42.741  1121  1121 W PackageManager: Permission com.google.android.googleapps.permission.GOOGLE_AUTH.speechpersonalization from package com.google.android.gsf in an unknown group android.permission-group.ACCOUNTS
10-15 17:47:42.741  1121  1121 W PackageManager: Permission com.google.android.googleapps.permission.GOOGLE_AUTH.speech from package com.google.android.gsf in an unknown group android.permission-group.ACCOUNTS
10-15 17:47:42.741  1121  1121 W PackageManager: Permission com.google.android.providers.talk.permission.READ_ONLY from package com.google.android.gsf in an unknown group android.permission-group.MESSAGES
10-15 17:47:42.741  1121  1121 W PackageManager: Permission com.google.android.providers.talk.permission.WRITE_ONLY from package com.google.android.gsf in an unknown group android.permission-group.MESSAGES
10-15 17:47:42.741  1121  1121 W PackageManager: Permission com.google.android.gtalkservice.permission.GTALK_SERVICE from package com.google.android.gsf in an unknown group android.permission-group.MESSAGES
10-15 17:47:42.741  1121  1121 W PackageManager: Permission com.google.android.gtalkservice.permission.SEND_HEARTBEAT from package com.google.android.gsf in an unknown group android.permission-group.NETWORK
10-15 17:47:42.741  1121  1121 W PackageManager: Permission com.google.android.permission.BROADCAST_DATA_MESSAGE from package com.google.android.gsf in an unknown group android.permission-group.NETWORK
10-15 17:47:42.741  1121  1121 W PackageManager: Permission com.google.android.c2dm.permission.SEND from package com.google.android.gsf in an unknown group android.permission-group.NETWORK
10-15 17:47:42.741  1121  1121 W PackageManager: Permission com.google.android.c2dm.permission.RECEIVE from package com.google.android.gsf in an unknown group android.permission-group.NETWORK
10-15 17:47:42.741  1121  1121 W PackageManager: Permission com.google.android.xmpp.permission.BROADCAST from package com.google.android.gsf in an unknown group android.permission-group.NETWORK
10-15 17:47:42.741  1121  1121 W PackageManager: Permission com.google.android.xmpp.permission.SEND_RECEIVE from package com.google.android.gsf in an unknown group android.permission-group.NETWORK
10-15 17:47:42.741  1121  1121 W PackageManager: Permission com.google.android.xmpp.permission.XMPP_ENDPOINT_BROADCAST from package com.google.android.gsf in an unknown group android.permission-group.NETWORK
10-15 17:47:42.741  1121  1121 W PackageManager: Permission com.google.android.xmpp.permission.USE_XMPP_ENDPOINT from package com.google.android.gsf in an unknown group android.permission-group.NETWORK
10-15 17:47:42.741  1121  1121 W PackageManager: Permission com.google.android.providers.gsf.permission.READ_GSERVICES from package com.google.android.gsf in an unknown group android.permission-group.ACCOUNTS
10-15 17:47:42.885  1121  1121 W PackageParser: Ignoring duplicate uses-permissions/uses-permissions-sdk-m: android.permission.SYSTEM_ALERT_WINDOW in package: com.google.android.gms at: Binary XML file line #77
10-15 17:47:42.885  1121  1121 W PackageParser: Ignoring duplicate uses-permissions/uses-permissions-sdk-m: android.permission.SUBSCRIBED_FEEDS_READ in package: com.google.android.gms at: Binary XML file line #90
10-15 17:47:42.885  1121  1121 W PackageParser: Ignoring duplicate uses-permissions/uses-permissions-sdk-m: android.permission.SUBSCRIBED_FEEDS_WRITE in package: com.google.android.gms at: Binary XML file line #91
10-15 17:47:42.885  1121  1121 W PackageParser: Ignoring duplicate uses-permissions/uses-permissions-sdk-m: android.permission.WRITE_SETTINGS in package: com.google.android.gms at: Binary XML file line #134
10-15 17:47:42.885  1121  1121 W PackageParser: Ignoring duplicate uses-permissions/uses-permissions-sdk-m: android.permission.SYSTEM_ALERT_WINDOW in package: com.google.android.gms at: Binary XML file line #160
10-15 17:47:42.885  1121  1121 W PackageParser: Ignoring duplicate uses-permissions/uses-permissions-sdk-m: android.permission.READ_SYNC_SETTINGS in package: com.google.android.gms at: Binary XML file line #164
10-15 17:47:42.885  1121  1121 W PackageParser: Ignoring duplicate uses-permissions/uses-permissions-sdk-m: android.permission.WRITE_SYNC_SETTINGS in package: com.google.android.gms at: Binary XML file line #165
10-15 17:47:42.885  1121  1121 W PackageParser: Ignoring duplicate uses-permissions/uses-permissions-sdk-m: android.permission.VIBRATE in package: com.google.android.gms at: Binary XML file line #167
10-15 17:47:42.885  1121  1121 W PackageParser: Ignoring duplicate uses-permissions/uses-permissions-sdk-m: android.permission.VIBRATE in package: com.google.android.gms at: Binary XML file line #209
10-15 17:47:42.885  1121  1121 W PackageParser: Ignoring duplicate uses-permissions/uses-permissions-sdk-m: android.permission.ACCESS_FINE_LOCATION in package: com.google.android.gms at: Binary XML file line #224
10-15 17:47:42.885  1121  1121 W PackageParser: Ignoring duplicate uses-permissions/uses-permissions-sdk-m: android.permission.OBSERVE_GRANT_REVOKE_PERMISSIONS in package: com.google.android.gms at: Binary XML file line #230
10-15 17:47:42.885  1121  1121 W PackageParser: Ignoring duplicate uses-permissions/uses-permissions-sdk-m: android.permission.READ_CONTACTS in package: com.google.android.gms at: Binary XML file line #268
10-15 17:47:42.885  1121  1121 W PackageParser: Ignoring duplicate uses-permissions/uses-permissions-sdk-m: android.permission.WRITE_SETTINGS in package: com.google.android.gms at: Binary XML file line #300
10-15 17:47:42.885  1121  1121 W PackageParser: Ignoring duplicate uses-permissions/uses-permissions-sdk-m: android.permission.CAPTURE_AUDIO_OUTPUT in package: com.google.android.gms at: Binary XML file line #315
10-15 17:47:42.885  1121  1121 W PackageParser: Ignoring duplicate uses-permissions/uses-permissions-sdk-m: android.permission.CAPTURE_VIDEO_OUTPUT in package: com.google.android.gms at: Binary XML file line #316
10-15 17:47:42.924  1121  1121 W PackageManager: Permission com.google.android.gms.permission.ACTIVITY_RECOGNITION from package com.google.android.gms in an unknown group android.permission-group.PERSONAL_INFO
10-15 17:47:42.979  1121  1121 W PackageParser: Ignoring duplicate uses-permissions/uses-permissions-sdk-m: android.permission.USE_CREDENTIALS in package: com.android.settings at: Binary XML file line #55
10-15 17:47:42.979  1121  1121 W PackageParser: Ignoring duplicate uses-permissions/uses-permissions-sdk-m: android.permission.READ_SYNC_SETTINGS in package: com.android.settings at: Binary XML file line #60
10-15 17:47:42.979  1121  1121 W PackageParser: Ignoring duplicate uses-permissions/uses-permissions-sdk-m: android.permission.WRITE_SYNC_SETTINGS in package: com.android.settings at: Binary XML file line #61
10-15 17:47:42.994  1121  1121 W PackageParser: Ignoring duplicate uses-permissions/uses-permissions-sdk-m: android.permission.INSTALL_GRANT_RUNTIME_PERMISSIONS in package: com.android.shell at: Binary XML file line #99
10-15 17:47:43.020  1121  1121 W PackageParser: Ignoring duplicate uses-permissions/uses-permissions-sdk-m: android.permission.CONFIGURE_WIFI_DISPLAY in package: com.android.systemui at: Binary XML file line #119
10-15 17:47:43.158  1121  1121 W PackageParser: Ignoring duplicate uses-permissions/uses-permissions-sdk-m: android.permission.WRITE_CONTACTS in package: com.android.email at: Binary XML file line #40
10-15 17:47:43.223  1121  1121 W PackageManager: Permission com.android.vending.CHECK_LICENSE from package com.android.vending in an unknown group android.permission-group.NETWORK
10-15 17:47:43.280  1121  1121 W PackageParser: Ignoring duplicate uses-permissions/uses-permissions-sdk-m: android.permission.WAKE_LOCK in package: com.google.android.apps.maps at: Binary XML file line #97
10-15 17:47:43.392  1121  1121 D PackageManager: No files in app dir /system/vendor/app
10-15 17:47:43.392  1121  1121 D PackageManager: No files in app dir /oem/app
10-15 17:47:43.405  1121  1121 W PackageParser: No actions in intent filter at /data/app/ApiDemos/ApiDemos.apk Binary XML file line #3082
10-15 17:47:43.405  1121  1121 W PackageParser: No actions in intent filter at /data/app/ApiDemos/ApiDemos.apk Binary XML file line #3088
10-15 17:47:43.405  1121  1121 W PackageManager: Package com.example.android.apis desires unavailable shared library com.example.will.never.exist; ignoring!
10-15 17:47:43.415  1121  1121 I SELinux : SELinux: Loaded file_contexts contexts from /file_contexts.
10-15 17:47:43.422  1121  1121 W zipro   : Error opening archive /data/app/com.example.cil.freya-1/base.apk: Invalid file
10-15 17:47:43.422  1121  1121 D asset   : failed to open Zip archive '/data/app/com.example.cil.freya-1/base.apk'
10-15 17:47:43.422  1121  1121 W PackageManager: Failed to parse /data/app/com.example.cil.freya-1: Failed to parse /data/app/com.example.cil.freya-1/base.apk
10-15 17:47:43.422  1121  1121 W zipro   : Error opening archive /data/app/com.example.cil.freya-2/base.apk: Invalid file
10-15 17:47:43.422  1121  1121 D asset   : failed to open Zip archive '/data/app/com.example.cil.freya-2/base.apk'
10-15 17:47:43.422  1121  1121 W PackageManager: Failed to parse /data/app/com.example.cil.freya-2: Failed to parse /data/app/com.example.cil.freya-2/base.apk
10-15 17:47:43.422  1121  1121 W zipro   : Error opening archive /data/app/com.example.cil.freya-3/base.apk: Invalid file
10-15 17:47:43.422  1121  1121 D asset   : failed to open Zip archive '/data/app/com.example.cil.freya-3/base.apk'
10-15 17:47:43.422  1121  1121 W PackageManager: Failed to parse /data/app/com.example.cil.freya-3: Failed to parse /data/app/com.example.cil.freya-3/base.apk
10-15 17:47:43.422  1121  1121 W zipro   : Error opening archive /data/app/com.example.cil.freya-4/base.apk: Invalid file
10-15 17:47:43.423  1121  1121 D asset   : failed to open Zip archive '/data/app/com.example.cil.freya-4/base.apk'
10-15 17:47:43.423  1121  1121 W PackageManager: Failed to parse /data/app/com.example.cil.freya-4: Failed to parse /data/app/com.example.cil.freya-4/base.apk
10-15 17:47:43.423  1121  1121 W zipro   : Error opening archive /data/app/com.example.cil.freya-6/base.apk: Invalid file
10-15 17:47:43.423  1121  1121 D asset   : failed to open Zip archive '/data/app/com.example.cil.freya-6/base.apk'
10-15 17:47:43.423  1121  1121 W PackageManager: Failed to parse /data/app/com.example.cil.freya-6: Failed to parse /data/app/com.example.cil.freya-6/base.apk
10-15 17:47:43.424  1121  1121 D PackageManager: No files in app dir /data/app-private
10-15 17:47:43.424  1121  1121 W PackageManager: Package com.google.android.gms desires unavailable shared library com.google.android.ble; ignoring!
10-15 17:47:43.424  1121  1121 W PackageManager: Package com.example.android.apis desires unavailable shared library com.example.will.never.exist; ignoring!
10-15 17:47:43.424  1121  1121 I PackageManager: Adjusting ABI for : com.google.android.gsf.login to x86
10-15 17:47:43.425  1121  1121 I PackageManager: Adjusting ABI for : com.google.android.gsf to x86
10-15 17:47:43.425  1121  1121 I PackageManager: Adjusting ABI for : com.android.settings to x86
10-15 17:47:43.425  1121  1121 I PackageManager: Adjusting ABI for : com.android.inputdevices to x86
10-15 17:47:43.425  1121  1121 I PackageManager: Adjusting ABI for : com.android.keychain to x86
10-15 17:47:43.425  1121  1121 I PackageManager: Adjusting ABI for : com.android.providers.settings to x86
10-15 17:47:43.425  1121  1121 I PackageManager: Adjusting ABI for : com.android.server.telecom to x86
10-15 17:47:43.425  1121  1121 I PackageManager: Adjusting ABI for : com.android.location.fused to x86
10-15 17:47:43.426  1121  1121 I PackageManager: Time to scan packages: 0.809 seconds
10-15 17:47:43.426  1121  1121 W PackageManager: Not granting permission com.google.android.googleapps.permission.GOOGLE_AUTH to package com.android.providers.calendar (protectionLevel=2 flags=0x30083e45)
10-15 17:47:43.426  1121  1121 W PackageManager: Not granting permission com.google.android.googleapps.permission.GOOGLE_AUTH.cl to package com.android.providers.calendar (protectionLevel=2 flags=0x30083e45)
10-15 17:47:43.426  1121  1121 W PackageManager: Unknown permission android.permission.USE_CREDENTIALS in package com.android.providers.calendar
10-15 17:47:43.426  1121  1121 W PackageManager: Unknown permission android.permission.MANAGE_ACCOUNTS in package com.android.providers.calendar
10-15 17:47:43.426  1121  1121 W PackageManager: Unknown permission android.permission.SUBSCRIBED_FEEDS_READ in package com.android.providers.calendar
10-15 17:47:43.426  1121  1121 W PackageManager: Unknown permission android.permission.SUBSCRIBED_FEEDS_WRITE in package com.android.providers.calendar
10-15 17:47:43.426  1121  1121 W PackageManager: Not granting permission android.permission.GLOBAL_SEARCH to package com.android.quicksearchbox (protectionLevel=18 flags=0x3808be45)
10-15 17:47:43.426  1121  1121 W PackageManager: Unknown permission com.android.browser.permission.READ_HISTORY_BOOKMARKS in package com.android.quicksearchbox
10-15 17:47:43.426  1121  1121 W PackageManager: Unknown permission android.permission.WRITE_SMS in package com.android.mms.service
10-15 17:47:43.426  1121  1121 W PackageManager: Unknown permission android.permission.WRITE_SMS in package com.google.android.apps.messaging
10-15 17:47:43.426  1121  1121 W PackageManager: Not granting permission android.permission.ACCESS_DOWNLOAD_MANAGER to package com.android.browser (protectionLevel=18 flags=0x3809be45)
10-15 17:47:43.426  1121  1121 W PackageManager: Unknown permission android.permission.USE_CREDENTIALS in package com.android.browser
10-15 17:47:43.426  1121  1121 W PackageManager: Not granting permission android.permission.SEND_DOWNLOAD_COMPLETED_INTENTS to package com.android.browser (protectionLevel=2 flags=0x3809be45)
10-15 17:47:43.426  1121  1121 W PackageManager: Unknown permission android.permission.MANAGE_ACCOUNTS in package com.android.browser
10-15 17:47:43.426  1121  1121 W PackageManager: Unknown permission com.android.browser.permission.READ_HISTORY_BOOKMARKS in package com.android.browser
10-15 17:47:43.426  1121  1121 W PackageManager: Unknown permission com.android.browser.permission.WRITE_HISTORY_BOOKMARKS in package com.android.browser
10-15 17:47:43.426  1121  1121 W PackageManager: Unknown permission android.permission.USE_CREDENTIALS in package com.android.vending
10-15 17:47:43.426  1121  1121 W PackageManager: Unknown permission android.permission.MANAGE_ACCOUNTS in package com.android.contacts
10-15 17:47:43.426  1121  1121 W PackageManager: Unknown permission android.permission.USE_CREDENTIALS in package com.android.contacts
10-15 17:47:43.426  1121  1121 W PackageManager: Unknown permission com.android.launcher.permission.READ_SETTINGS in package com.android.launcher3
10-15 17:47:43.426  1121  1121 W PackageManager: Unknown permission com.android.launcher.permission.WRITE_SETTINGS in package com.android.launcher3
10-15 17:47:43.426  1121  1121 W PackageManager: Unknown permission android.permission.MANAGE_ACCOUNTS in package com.android.calendar
10-15 17:47:43.426  1121  1121 W PackageManager: Unknown permission android.permission.USE_CREDENTIALS in package com.android.calendar
10-15 17:47:43.426  1121  1121 W PackageManager: Not granting permission com.google.android.googleapps.permission.GOOGLE_AUTH.mail to package com.android.calendar (protectionLevel=2 flags=0x3009be45)
10-15 17:47:43.426  1121  1121 W PackageManager: Unknown permission android.permission.MANAGE_ACCOUNTS in package com.google.android.apps.maps
10-15 17:47:43.426  1121  1121 W PackageManager: Unknown permission android.permission.USE_CREDENTIALS in package com.google.android.apps.maps
10-15 17:47:43.427  1121  1121 W PackageManager: Unknown permission android.permission.MANAGE_ACCOUNTS in package com.android.dialer
10-15 17:47:43.427  1121  1121 W PackageManager: Unknown permission android.permission.USE_CREDENTIALS in package com.android.dialer
10-15 17:47:43.427  1121  1121 W PackageManager: Unknown permission android.permission.USE_CREDENTIALS in package com.google.android.gms
10-15 17:47:43.427  1121  1121 W PackageManager: Unknown permission android.permission.SUBSCRIBED_FEEDS_READ in package com.google.android.gms
10-15 17:47:43.427  1121  1121 W PackageManager: Unknown permission android.permission.SUBSCRIBED_FEEDS_WRITE in package com.google.android.gms
10-15 17:47:43.427  1121  1121 W PackageManager: Unknown permission android.permission.AUTHENTICATE_ACCOUNTS in package com.google.android.gms
10-15 17:47:43.427  1121  1121 W PackageManager: Unknown permission android.permission.MANAGE_ACCOUNTS in package com.google.android.gms
10-15 17:47:43.427  1121  1121 W PackageManager: Unknown permission com.google.android.apps.enterprise.dmagent.permission.AutoSyncPermission in package com.google.android.gms
10-15 17:47:43.427  1121  1121 W PackageManager: Unknown permission com.google.android.googlequicksearchbox.permission.PAUSE_HOTWORD in package com.google.android.gms
10-15 17:47:43.427  1121  1121 W PackageManager: Unknown permission com.google.android.hangouts.START_HANGOUT in package com.google.android.gms
10-15 17:47:43.427  1121  1121 W PackageManager: Unknown permission com.google.android.wearable.READ_SETTINGS in package com.google.android.gms
10-15 17:47:43.427  1121  1121 W PackageManager: Unknown permission com.google.android.gm.permission.READ_GMAIL in package com.google.android.gms
10-15 17:47:43.427  1121  1121 W PackageManager: Unknown permission com.google.android.launcher.permission.RECEIVE_LAUNCH_BROADCASTS in package com.google.android.gms
10-15 17:47:43.427  1121  1121 W PackageManager: Not granting permission android.permission.MANAGE_DOCUMENTS to package com.google.android.gms (protectionLevel=2 flags=0xb8483e45)
10-15 17:47:43.427  1121  1121 W PackageManager: Unknown permission android.permission.AUTHENTICATE_ACCOUNTS in package com.google.android.gsf
10-15 17:47:43.427  1121  1121 W PackageManager: Unknown permission android.permission.MANAGE_ACCOUNTS in package com.google.android.gsf
10-15 17:47:43.427  1121  1121 W PackageManager: Unknown permission android.permission.USE_CREDENTIALS in package com.google.android.gsf
10-15 17:47:43.427  1121  1121 W PackageManager: Not granting permission android.permission.DELETE_PACKAGES to package com.svox.pico (protectionLevel=18 flags=0x3808be45)
10-15 17:47:43.427  1121  1121 W PackageManager: Not granting permission android.permission.READ_CONTACTS to package com.example.android.apis because it was previously installed without
10-15 17:47:43.427  1121  1121 W PackageManager: Not granting permission android.permission.WRITE_CONTACTS to package com.example.android.apis because it was previously installed without
10-15 17:47:43.427  1121  1121 W PackageManager: Not granting permission android.permission.ACCESS_COARSE_LOCATION to package com.example.android.apis because it was previously installed without
10-15 17:47:43.427  1121  1121 W PackageManager: Not granting permission android.permission.WRITE_EXTERNAL_STORAGE to package com.example.android.apis because it was previously installed without
10-15 17:47:43.427  1121  1121 W PackageManager: Not granting permission android.permission.SEND_SMS to package com.example.android.apis because it was previously installed without
10-15 17:47:43.427  1121  1121 W PackageManager: Not granting permission android.permission.RECEIVE_SMS to package com.example.android.apis because it was previously installed without
10-15 17:47:43.427  1121  1121 W PackageManager: Not granting permission android.permission.RECEIVE_MMS to package com.example.android.apis because it was previously installed without
10-15 17:47:43.427  1121  1121 W PackageManager: Unknown permission android.permission.WRITE_SMS in package com.example.android.apis
10-15 17:47:43.427  1121  1121 W PackageManager: Not granting permission android.permission.READ_SMS to package com.example.android.apis because it was previously installed without
10-15 17:47:43.427  1121  1121 W PackageManager: Not granting permission android.permission.READ_PHONE_STATE to package com.example.android.apis because it was previously installed without
10-15 17:47:43.427  1121  1121 W PackageManager: Not granting permission android.permission.RECORD_AUDIO to package com.example.android.apis because it was previously installed without
10-15 17:47:43.427  1121  1121 W PackageManager: Not granting permission android.permission.CAMERA to package com.example.android.apis because it was previously installed without
10-15 17:47:43.427  1121  1121 W PackageManager: Not granting permission android.permission.READ_EXTERNAL_STORAGE to package com.example.android.apis because it was previously installed without
10-15 17:47:43.427  1121  1121 W PackageManager: Unknown permission android.permission.USE_CREDENTIALS in package com.android.inputmethod.latin
10-15 17:47:43.427  1121  1121 W PackageManager: Unknown permission android.permission.MANAGE_ACCOUNTS in package com.android.managedprovisioning
10-15 17:47:43.427  1121  1121 W PackageManager: Unknown permission android.permission.AUTHENTICATE_ACCOUNTS in package com.google.android.gsf.login
10-15 17:47:43.427  1121  1121 W PackageManager: Not granting permission android.permission.CONTROL_KEYGUARD to package com.google.android.gsf.login (protectionLevel=2 flags=0x3048be45)
10-15 17:47:43.427  1121  1121 W PackageManager: Unknown permission android.permission.MANAGE_ACCOUNTS in package com.google.android.gsf.login
10-15 17:47:43.427  1121  1121 W PackageManager: Unknown permission android.permission.SUBSCRIBED_FEEDS_READ in package com.google.android.gsf.login
10-15 17:47:43.427  1121  1121 W PackageManager: Unknown permission android.permission.SUBSCRIBED_FEEDS_WRITE in package com.google.android.gsf.login
10-15 17:47:43.428  1121  1121 W PackageManager: Unknown permission android.permission.USE_CREDENTIALS in package com.google.android.gsf.login
10-15 17:47:43.428  1121  1121 W PackageManager: Unknown permission com.android.vending.billing.BILLING_ACCOUNT_SERVICE in package com.google.android.gsf.login
10-15 17:47:43.428  1121  1121 W PackageManager: Unknown permission com.android.vending.billing.ADD_CREDIT_CARD in package com.google.android.gsf.login
10-15 17:47:43.428  1121  1121 W PackageManager: Unknown permission com.android.vending.billing.IBillingAccountService.BIND2 in package com.google.android.gsf.login
10-15 17:47:43.428  1121  1121 W PackageManager: Unknown permission com.android.vending.TOS_ACKED in package com.google.android.gsf.login
10-15 17:47:43.428  1121  1121 W PackageManager: Unknown permission com.android.chrome.TOS_ACKED in package com.google.android.gsf.login
10-15 17:47:43.428  1121  1121 W PackageManager: Unknown permission android.permission.USE_CREDENTIALS in package com.android.settings
10-15 17:47:43.428  1121  1121 W PackageManager: Unknown permission com.android.launcher.permission.READ_SETTINGS in package com.android.settings
10-15 17:47:43.428  1121  1121 W PackageManager: Unknown permission com.android.launcher.permission.WRITE_SETTINGS in package com.android.settings
10-15 17:47:43.428  1121  1121 W PackageManager: Unknown permission android.permission.MANAGE_ACCOUNTS in package com.android.email
10-15 17:47:43.428  1121  1121 W PackageManager: Unknown permission android.permission.AUTHENTICATE_ACCOUNTS in package com.android.email
10-15 17:47:43.428  1121  1121 W PackageManager: Unknown permission android.permission.USE_CREDENTIALS in package com.android.email
10-15 17:47:43.428  1121  1121 W PackageManager: Unknown permission android.permission.WRITE_SMS in package com.android.phone
10-15 17:47:43.428  1121  1121 W PackageManager: Unknown permission com.android.smspush.WAPPUSH_MANAGER_BIND in package com.android.phone
